Archive member included because of file (symbol)

/home/rec/marvell/wmsdk-2.13/libs/libdrv.a(mc200_startup.o)
                              (Reset_IRQHandler)
/home/rec/marvell/wmsdk-2.13/libs/libdrv.a(mc200_clock.o)
                              /home/rec/marvell/wmsdk-2.13/libs/libdrv.a(mc200_startup.o) (CLK_ModuleClkDivider)
/home/rec/marvell/wmsdk-2.13/libs/libdrv.a(mc200_driver.o)
                              /home/rec/marvell/wmsdk-2.13/libs/libdrv.a(mc200_clock.o) (intCbfArra)
/home/rec/marvell/wmsdk-2.13/libs/libdrv.a(mc200_pmu.o)
                              /home/rec/marvell/wmsdk-2.13/libs/libdrv.a(mc200_startup.o) (PMU_PowerOnVDDIO)
/home/rec/marvell/wmsdk-2.13/libs/libutil.a(boot_flags.o)
                              /home/rec/marvell/wmsdk-2.13/libs/libdrv.a(mc200_startup.o) (boot_init)
/home/rec/marvell/wmsdk-2.13/libs/libdrv.a(mdev_i2c.o)
                              obj/main.o (i2c_drv_read)
/home/rec/marvell/wmsdk-2.13/libs/libdrv.a(mc200_dma.o)
                              /home/rec/marvell/wmsdk-2.13/libs/libdrv.a(mdev_i2c.o) (DMA_ChannelInit)
/home/rec/marvell/wmsdk-2.13/libs/libdrv.a(mc200_gpio.o)
                              obj/board.o (GPIO_SetPinDir)
/home/rec/marvell/wmsdk-2.13/libs/libdrv.a(mc200_i2c.o)
                              /home/rec/marvell/wmsdk-2.13/libs/libdrv.a(mdev_i2c.o) (I2C_Init)
/home/rec/marvell/wmsdk-2.13/libs/libdrv.a(mc200_pinmux.o)
                              obj/board.o (GPIO_PinMuxFun)
/home/rec/marvell/wmsdk-2.13/libs/libfreertos.a(queue.o)
                              obj/main.o (xQueueCreate)
/home/rec/marvell/wmsdk-2.13/libs/libfreertos.a(tasks.o)
                              /home/rec/marvell/wmsdk-2.13/libs/libfreertos.a(queue.o) (vTaskSuspendAll)
/home/rec/marvell/wmsdk-2.13/libs/libfreertos.a(timers.o)
                              /home/rec/marvell/wmsdk-2.13/libs/libfreertos.a(tasks.o) (xTimerCreateTimerTask)
/home/rec/marvell/wmsdk-2.13/libs/libfreertos.a(port.o)
                              /home/rec/marvell/wmsdk-2.13/libs/libfreertos.a(tasks.o) (pxPortInitialiseStack)
/home/rec/marvell/wmsdk-2.13/libs/libfreertos.a(heap_4.o)
                              /home/rec/marvell/wmsdk-2.13/libs/libdrv.a(mdev_i2c.o) (pvPortMalloc)
/home/rec/marvell/wmsdk-2.13/libs/libfreertos.a(list.o)
                              /home/rec/marvell/wmsdk-2.13/libs/libfreertos.a(queue.o) (vListInitialise)
/home/rec/marvell/wmsdk-2.13/libs/libmdev.a(mdev.o)
                              /home/rec/marvell/wmsdk-2.13/libs/libdrv.a(mdev_i2c.o) (mdev_register)
/home/rec/marvell/wmsdk-2.13/libs/libos.a(os.o)
                              obj/board.o (_os_delay)
/home/rec/marvell/wmsdk-2.13/libs/libwmstdio.a(wmstdio.o)
                              obj/main.o (wmprintf)
/home/rec/marvell/wmsdk-2.13/libs/libwmstdio.a(console.o)
                              /home/rec/marvell/wmsdk-2.13/libs/libwmstdio.a(wmstdio.o) (serial_console_printf)
/home/rec/marvell/wmsdk-2.13/libs/libc.a(memcmp.o)
                              /home/rec/marvell/wmsdk-2.13/libs/libfreertos.a(tasks.o) (memcmp)
/home/rec/marvell/wmsdk-2.13/libs/libc.a(snprintf.o)
                              /home/rec/marvell/wmsdk-2.13/libs/libdrv.a(mdev_i2c.o) (snprintf)
/home/rec/marvell/wmsdk-2.13/libs/libc.a(sprintf.o)
                              /home/rec/marvell/wmsdk-2.13/libs/libfreertos.a(tasks.o) (sprintf)
/home/rec/marvell/wmsdk-2.13/libs/libc.a(sscanf.o)
                              /home/rec/marvell/wmsdk-2.13/libs/libos.a(os.o) (sscanf)
/home/rec/marvell/wmsdk-2.13/libs/libc.a(vsnprintf.o)
                              /home/rec/marvell/wmsdk-2.13/libs/libwmstdio.a(wmstdio.o) (vsnprintf)
/home/rec/marvell/wmsdk-2.13/libs/libc.a(vsscanf.o)
                              /home/rec/marvell/wmsdk-2.13/libs/libc.a(sscanf.o) (vsscanf)
/home/rec/marvell/wmsdk-2.13/libs/libc.a(strcmp.o)
                              /home/rec/marvell/wmsdk-2.13/libs/libmdev.a(mdev.o) (strcmp)
/home/rec/marvell/wmsdk-2.13/libs/libc.a(strncmp.o)
                              /home/rec/marvell/wmsdk-2.13/libs/libos.a(os.o) (strncmp)
/home/rec/marvell/wmsdk-2.13/libs/libc.a(strncpy.o)
                              /home/rec/marvell/wmsdk-2.13/libs/libfreertos.a(tasks.o) (strncpy)
/home/rec/marvell/wmsdk-2.13/libs/libc.a(strcat.o)
                              /home/rec/marvell/wmsdk-2.13/libs/libfreertos.a(tasks.o) (strcat)
/home/rec/marvell/wmsdk-2.13/libs/libc.a(strlen.o)
                              /home/rec/marvell/wmsdk-2.13/libs/libfreertos.a(tasks.o) (strlen)
/home/rec/marvell/wmsdk-2.13/libs/libc.a(strchr.o)
                              /home/rec/marvell/wmsdk-2.13/libs/libc.a(strcat.o) (strchr)
/home/rec/marvell/wmsdk-2.13/libs/libc.a(strstr.o)
                              /home/rec/marvell/wmsdk-2.13/libs/libos.a(os.o) (strstr)
/home/rec/marvell/wmsdk-2.13/libs/libc.a(strtok.o)
                              /home/rec/marvell/wmsdk-2.13/libs/libos.a(os.o) (strtok)
[...]
Memory Configuration

Name             Origin             Length             Attributes
SRAM0            0x00100000         0x00060000         xrw
SRAM1            0x20000000         0x00020000         xrw
NVRAM            0x480c0000         0x00001000         rw
*default*        0x00000000         0xffffffff

Linker script and memory map

START GROUP
LOAD /home/rec/marvell/wmsdk-2.13/libs/libaca.a
LOAD /home/rec/marvell/wmsdk-2.13/libs/libaescrypto.a
LOAD /home/rec/marvell/wmsdk-2.13/libs/libapp_framework.a
LOAD /home/rec/marvell/wmsdk-2.13/libs/libarch.a
LOAD /home/rec/marvell/wmsdk-2.13/libs/libbtdriver.a
LOAD /home/rec/marvell/wmsdk-2.13/libs/libc.a
LOAD /home/rec/marvell/wmsdk-2.13/libs/libcli.a
LOAD /home/rec/marvell/wmsdk-2.13/libs/libctaocrypt.a
LOAD /home/rec/marvell/wmsdk-2.13/libs/libcyassl.a
LOAD /home/rec/marvell/wmsdk-2.13/libs/libdhcpd.a
LOAD /home/rec/marvell/wmsdk-2.13/libs/libdiagnostics.a
LOAD /home/rec/marvell/wmsdk-2.13/libs/libdrv.a
LOAD /home/rec/marvell/wmsdk-2.13/libs/libezxml.a
LOAD /home/rec/marvell/wmsdk-2.13/libs/libfreertos.a
LOAD /home/rec/marvell/wmsdk-2.13/libs/libftfs.a
LOAD /home/rec/marvell/wmsdk-2.13/libs/libfw_supplicant.a
LOAD /home/rec/marvell/wmsdk-2.13/libs/libhealthmon.a
LOAD /home/rec/marvell/wmsdk-2.13/libs/libhttpclient.a
LOAD /home/rec/marvell/wmsdk-2.13/libs/libhttpd.a
LOAD /home/rec/marvell/wmsdk-2.13/libs/libjson.a
LOAD /home/rec/marvell/wmsdk-2.13/libs/liblwip.a
LOAD /home/rec/marvell/wmsdk-2.13/libs/libmdev.a
LOAD /home/rec/marvell/wmsdk-2.13/libs/libmdns.a
LOAD /home/rec/marvell/wmsdk-2.13/libs/libnet.a
LOAD /home/rec/marvell/wmsdk-2.13/libs/libos.a
LOAD /home/rec/marvell/wmsdk-2.13/libs/liboverlays.a
LOAD /home/rec/marvell/wmsdk-2.13/libs/libpart.a
LOAD /home/rec/marvell/wmsdk-2.13/libs/libprovisioning.a
LOAD /home/rec/marvell/wmsdk-2.13/libs/libpsm.a
LOAD /home/rec/marvell/wmsdk-2.13/libs/libpwrmgr.a
LOAD /home/rec/marvell/wmsdk-2.13/libs/librfget.a
LOAD /home/rec/marvell/wmsdk-2.13/libs/libsysinfo.a
LOAD /home/rec/marvell/wmsdk-2.13/libs/libtelnetd.a
LOAD /home/rec/marvell/wmsdk-2.13/libs/libtls.a
LOAD /home/rec/marvell/wmsdk-2.13/libs/libttcp.a
LOAD /home/rec/marvell/wmsdk-2.13/libs/libutil.a
LOAD /home/rec/marvell/wmsdk-2.13/libs/libwebsocket.a
LOAD /home/rec/marvell/wmsdk-2.13/libs/libwifidriver.a
LOAD /home/rec/marvell/wmsdk-2.13/libs/libwlcmgr.a
LOAD /home/rec/marvell/wmsdk-2.13/libs/libwmcrypto.a
LOAD /home/rec/marvell/wmsdk-2.13/libs/libwmstdio.a
LOAD /home/rec/marvell/wmsdk-2.13/libs/libwm_supplicant.a
LOAD /home/rec/marvell/wmsdk-2.13/libs/libwmtime.a
LOAD /home/rec/marvell/wmsdk-2.13/libs/libxively.a
LOAD /home/rec/marvell/wmsdk-2.13/libs/libxz.a
LOAD obj/main.o
LOAD obj/board.o
END GROUP
START GROUP
LOAD /home/rec/gcc-arm-none-eabi-4_9-2014q4/bin/../lib/gcc/arm-none-eabi/4.9.3/armv7-m/libgcc.a
LOAD /home/rec/gcc-arm-none-eabi-4_9-2014q4/bin/../lib/gcc/arm-none-eabi/4.9.3/../../../../arm-none-eabi/lib/armv7-m/libg.a
LOAD /home/rec/gcc-arm-none-eabi-4_9-2014q4/bin/../lib/gcc/arm-none-eabi/4.9.3/../../../../arm-none-eabi/lib/armv7-m/libc.a
END GROUP
                0x20020000                _estack = 0x20020000
                0x00012000                _heap_size = 0x12000
                0x00000800                _min_stack_size = 0x800
                0x00160000                _e_sram0 = (ORIGIN (SRAM0) + 0x60000)

.text           0x00100000     0x6fd4
                0x00100000                . = ALIGN (0x100)
 *(.isr_vector)
 .isr_vector    0x00100000      0x138 /home/rec/marvell/wmsdk-2.13/libs/libdrv.a(mc200_startup.o)
                0x00100000                __vector_table
                0x00100138                . = ALIGN (0x4)
 *(.text.Reset_IRQHandler)
 .text.Reset_IRQHandler
                0x00100138        0xc /home/rec/marvell/wmsdk-2.13/libs/libdrv.a(mc200_startup.o)
                0x00100138                Reset_IRQHandler
 *(.text .text.* .gnu.linkonce.t.*)
 .text.HardFault_IRQHandler
                0x00100144        0xc /home/rec/marvell/wmsdk-2.13/libs/libdrv.a(mc200_startup.o)
                0x00100144                HardFault_IRQHandler
 .text.Reset_IRQHandler_C
                0x00100150       0xdc /home/rec/marvell/wmsdk-2.13/libs/libdrv.a(mc200_startup.o)
                0x00100150                Reset_IRQHandler_C
 .text.Default_IRQHandler
                0x0010022c       0x14 /home/rec/marvell/wmsdk-2.13/libs/libdrv.a(mc200_startup.o)
                0x0010022c                ExtPin24_IRQHandler
                0x0010022c                ExtPin11_IRQHandler
                0x0010022c                ExtPin8_IRQHandler
                0x0010022c                ExtPin2_IRQHandler
                0x0010022c                ExtPin4_IRQHandler
                0x0010022c                ExtPin20_IRQHandler
                0x0010022c                ExtPin13_IRQHandler
                0x0010022c                BRNDET_IRQHandler
                0x0010022c                SDIO_IRQHandler
                0x0010022c                ExtPin5_IRQHandler
                0x0010022c                ExtPin27_IRQHandler
                0x0010022c                ACOMPWKUP_IRQHandler
                0x0010022c                ExtPin9_IRQHandler
                0x0010022c                ULCOMP_IRQHandler
                0x0010022c                ExtPin17_IRQHandler
                0x0010022c                ADC0_IRQHandler
                0x0010022c                BusFault_IRQHandler
                0x0010022c                SSP0_IRQHandler
                0x0010022c                QSPI0_IRQHandler
                0x0010022c                ADC1_IRQHandler
                0x0010022c                ExtPin21_IRQHandler
                0x0010022c                ExtPin14_IRQHandler
                0x0010022c                ExtPin23_IRQHandler
                0x0010022c                ExtPin28_IRQHandler
                0x0010022c                ACOMP_IRQHandler
                0x0010022c                ExtPin12_IRQHandler
                0x0010022c                ExtPin16_IRQHandler
                0x0010022c                ExtPin3_IRQHandler
                0x0010022c                SSP1_IRQHandler
                0x0010022c                UsageFault_IRQHandler
                0x0010022c                USB_IRQHandler
                0x0010022c                ExtPin19_IRQHandler
                0x0010022c                WDT_IRQHandler
                0x0010022c                DebugMonitor_IRQHandler
                0x0010022c                PLL_IRQHandler
                0x0010022c                Default_IRQHandler
                0x0010022c                MemManage_IRQHandler
                0x0010022c                SSP2_IRQHandler
                0x0010022c                DAC_IRQHandler
                0x0010022c                ExtPin26_IRQHandler
                0x0010022c                AES_IRQHandler
                0x0010022c                ExtPin6_IRQHandler
                0x0010022c                CRC_IRQHandler
                0x0010022c                ExtPin25_IRQHandler
                0x0010022c                NMI_IRQHandler
                0x0010022c                ExtPin18_IRQHandler
                0x0010022c                ExtPin22_IRQHandler
                0x0010022c                ExtPin10_IRQHandler
                0x0010022c                ExtPin7_IRQHandler
                0x0010022c                ExtPin15_IRQHandler
 .text.Default_IRQHandler_C
                0x00100240        0x2 /home/rec/marvell/wmsdk-2.13/libs/libdrv.a(mc200_startup.o)
                0x00100240                Default_IRQHandler_C
 .text.HardFault_IRQHandler_C
                0x00100242        0x8 /home/rec/marvell/wmsdk-2.13/libs/libdrv.a(mc200_startup.o)
                0x00100242                HardFault_IRQHandler_C
 *fill*         0x0010024a        0x2 
 .text.CLK_SystemClkSrc
                0x0010024c       0xa0 /home/rec/marvell/wmsdk-2.13/libs/libdrv.a(mc200_clock.o)
                0x0010024c                CLK_SystemClkSrc
 .text.CLK_UARTDividerSet
                0x001002ec       0x54 /home/rec/marvell/wmsdk-2.13/libs/libdrv.a(mc200_clock.o)
                0x001002ec                CLK_UARTDividerSet
 .text.CLK_GetUARTDivider
                0x00100340       0x3c /home/rec/marvell/wmsdk-2.13/libs/libdrv.a(mc200_clock.o)
                0x00100340                CLK_GetUARTDivider
 .text.CLK_GetSystemClk
                0x0010037c       0x74 /home/rec/marvell/wmsdk-2.13/libs/libdrv.a(mc200_clock.o)
                0x0010037c                CLK_GetSystemClk
 .text.CLK_SetUARTClkSrc
                0x001003f0       0x9c /home/rec/marvell/wmsdk-2.13/libs/libdrv.a(mc200_clock.o)
                0x001003f0                CLK_SetUARTClkSrc
 .text.CLK_GetUARTClkSrc
                0x0010048c       0x28 /home/rec/marvell/wmsdk-2.13/libs/libdrv.a(mc200_clock.o)
                0x0010048c                CLK_GetUARTClkSrc
 .text.CLK_SfllEnable
                0x001004b4       0x78 /home/rec/marvell/wmsdk-2.13/libs/libdrv.a(mc200_clock.o)
                0x001004b4                CLK_SfllEnable
 .text.CLK_MainXtalEnable
                0x0010052c       0x34 /home/rec/marvell/wmsdk-2.13/libs/libdrv.a(mc200_clock.o)
                0x0010052c                CLK_MainXtalEnable
 .text.CLK_ModuleClkEnable
                0x00100560      0x140 /home/rec/marvell/wmsdk-2.13/libs/libdrv.a(mc200_clock.o)
                0x00100560                CLK_ModuleClkEnable
 .text.CLK_ModuleClkDivider
                0x001006a0      0x15c /home/rec/marvell/wmsdk-2.13/libs/libdrv.a(mc200_clock.o)
                0x001006a0                CLK_ModuleClkDivider
 .text.CLK_GetClkStatus
                0x001007fc       0x50 /home/rec/marvell/wmsdk-2.13/libs/libdrv.a(mc200_clock.o)
                0x001007fc                CLK_GetClkStatus
 .text.RC32M_IRQHandler
                0x0010084c       0x54 /home/rec/marvell/wmsdk-2.13/libs/libdrv.a(mc200_clock.o)
                0x0010084c                RC32M_IRQHandler
 .text.CLK_Init
                0x001008a0      0x1f4 /home/rec/marvell/wmsdk-2.13/libs/libdrv.a(mc200_clock.o)
                0x001008a0                CLK_Init
 .text.install_int_callback
                0x00100a94       0x10 /home/rec/marvell/wmsdk-2.13/libs/libdrv.a(mc200_driver.o)
                0x00100a94                install_int_callback
 .text.NVIC_ClearPendingIRQ
                0x00100aa4       0x1c /home/rec/marvell/wmsdk-2.13/libs/libdrv.a(mc200_pmu.o)
 .text.PMU_ConfigWakeupPin
                0x00100ac0       0x50 /home/rec/marvell/wmsdk-2.13/libs/libdrv.a(mc200_pmu.o)
                0x00100ac0                PMU_ConfigWakeupPin
 .text.PMU_ClearWakeupSrc
                0x00100b10       0x24 /home/rec/marvell/wmsdk-2.13/libs/libdrv.a(mc200_pmu.o)
                0x00100b10                PMU_ClearWakeupSrc
 .text.PMU_GetLastResetCause
                0x00100b34        0xc /home/rec/marvell/wmsdk-2.13/libs/libdrv.a(mc200_pmu.o)
                0x00100b34                PMU_GetLastResetCause
 .text.PMU_ClrLastResetCause
                0x00100b40       0x50 /home/rec/marvell/wmsdk-2.13/libs/libdrv.a(mc200_pmu.o)
                0x00100b40                PMU_ClrLastResetCause
 .text.PMU_PowerOnVDDIO
                0x00100b90       0xb8 /home/rec/marvell/wmsdk-2.13/libs/libdrv.a(mc200_pmu.o)
                0x00100b90                PMU_PowerOnVDDIO
 .text.PMU_ConfigVDDIOLevel
                0x00100c48       0x58 /home/rec/marvell/wmsdk-2.13/libs/libdrv.a(mc200_pmu.o)
                0x00100c48                PMU_ConfigVDDIOLevel
 .text.PMU_VbatBrndetCmd
                0x00100ca0       0x14 /home/rec/marvell/wmsdk-2.13/libs/libdrv.a(mc200_pmu.o)
                0x00100ca0                PMU_VbatBrndetCmd
 .text.PMU_VbatBrndetRstCmd
                0x00100cb4       0x10 /home/rec/marvell/wmsdk-2.13/libs/libdrv.a(mc200_pmu.o)
                0x00100cb4                PMU_VbatBrndetRstCmd
 .text.ExtPin0_IRQHandler
                0x00100cc4       0x2c /home/rec/marvell/wmsdk-2.13/libs/libdrv.a(mc200_pmu.o)
                0x00100cc4                ExtPin0_IRQHandler
 .text.ExtPin1_IRQHandler
                0x00100cf0       0x2c /home/rec/marvell/wmsdk-2.13/libs/libdrv.a(mc200_pmu.o)
                0x00100cf0                ExtPin1_IRQHandler
 .text.boot_init
                0x00100d1c       0x3c /home/rec/marvell/wmsdk-2.13/libs/libutil.a(boot_flags.o)
                0x00100d1c                boot_init
 .text.i2c_master_read
                0x00100d58       0x78 obj/main.o
 .text.i2c_master_write
                0x00100dd0       0x78 obj/main.o
 .text.startup.main
                0x00100e48       0xb4 obj/main.o
                0x00100e48                main
 .text.board_main_xtal
                0x00100efc        0x8 obj/board.o
                0x00100efc                board_main_xtal
 .text.board_main_osc
                0x00100f04        0x6 obj/board.o
                0x00100f04                board_main_osc
 *fill*         0x00100f0a        0x2 
 .text.board_cpu_freq
                0x00100f0c        0x8 obj/board.o
                0x00100f0c                board_cpu_freq
 .text.board_gpio_power_on
                0x00100f14       0x24 obj/board.o
                0x00100f14                board_gpio_power_on
 .text.board_uart_pin_config
                0x00100f38       0x2e obj/board.o
                0x00100f38                board_uart_pin_config
 .text.board_i2c_pin_config
                0x00100f66       0x3c obj/board.o
                0x00100f66                board_i2c_pin_config
 *fill*         0x00100fa2        0x2 
 .text.NVIC_EnableIRQ
                0x00100fa4       0x18 /home/rec/marvell/wmsdk-2.13/libs/libdrv.a(mdev_i2c.o)
 .text.dma_error_cb
                0x00100fbc        0x2 /home/rec/marvell/wmsdk-2.13/libs/libdrv.a(mdev_i2c.o)
 .text.os_semaphore_put
                0x00100fbe       0x38 /home/rec/marvell/wmsdk-2.13/libs/libdrv.a(mdev_i2c.o)
 *fill*         0x00100ff6        0x2 
 .text.i2cdrv_rx_cb
                0x00100ff8       0x10 /home/rec/marvell/wmsdk-2.13/libs/libdrv.a(mdev_i2c.o)
 .text.i2cdrv_rx2_cb
                0x00101008        0x6 /home/rec/marvell/wmsdk-2.13/libs/libdrv.a(mdev_i2c.o)
 .text.i2cdrv_rx1_cb
                0x0010100e        0x6 /home/rec/marvell/wmsdk-2.13/libs/libdrv.a(mdev_i2c.o)
 .text.i2cdrv_rx0_cb
                0x00101014        0x6 /home/rec/marvell/wmsdk-2.13/libs/libdrv.a(mdev_i2c.o)
 *fill*         0x0010101a        0x2 
 .text.i2cdrv_tx_cb
                0x0010101c       0x10 /home/rec/marvell/wmsdk-2.13/libs/libdrv.a(mdev_i2c.o)
 .text.i2cdrv_tx2_cb
                0x0010102c        0x6 /home/rec/marvell/wmsdk-2.13/libs/libdrv.a(mdev_i2c.o)
 .text.i2cdrv_tx1_cb
                0x00101032        0x6 /home/rec/marvell/wmsdk-2.13/libs/libdrv.a(mdev_i2c.o)
 .text.i2cdrv_tx0_cb
                0x00101038        0x6 /home/rec/marvell/wmsdk-2.13/libs/libdrv.a(mdev_i2c.o)
 .text.os_mutex_put
                0x0010103e       0x38 /home/rec/marvell/wmsdk-2.13/libs/libdrv.a(mdev_i2c.o)
 *fill*         0x00101076        0x2 
 .text.i2cdrv_write_irq_handler
                0x00101078       0x60 /home/rec/marvell/wmsdk-2.13/libs/libdrv.a(mdev_i2c.o)
 .text.i2cdrv2_writeirq_handler
                0x001010d8        0x6 /home/rec/marvell/wmsdk-2.13/libs/libdrv.a(mdev_i2c.o)
 .text.i2cdrv1_writeirq_handler
                0x001010de        0x6 /home/rec/marvell/wmsdk-2.13/libs/libdrv.a(mdev_i2c.o)
 .text.i2cdrv0_writeirq_handler
                0x001010e4        0x6 /home/rec/marvell/wmsdk-2.13/libs/libdrv.a(mdev_i2c.o)
 .text.os_enter_critical_section
                0x001010ea        0xa /home/rec/marvell/wmsdk-2.13/libs/libdrv.a(mdev_i2c.o)
 .text.os_semaphore_create
                0x001010f4       0x28 /home/rec/marvell/wmsdk-2.13/libs/libdrv.a(mdev_i2c.o)
 .text.os_exit_critical_section.isra.1
                0x0010111c        0x4 /home/rec/marvell/wmsdk-2.13/libs/libdrv.a(mdev_i2c.o)
 .text.i2cdrv_read_irq_handler
                0x00101120       0x64 /home/rec/marvell/wmsdk-2.13/libs/libdrv.a(mdev_i2c.o)
 .text.i2cdrv2_readirq_handler
                0x00101184        0x6 /home/rec/marvell/wmsdk-2.13/libs/libdrv.a(mdev_i2c.o)
 .text.i2cdrv1_readirq_handler
                0x0010118a        0x6 /home/rec/marvell/wmsdk-2.13/libs/libdrv.a(mdev_i2c.o)
 .text.i2cdrv0_readirq_handler
                0x00101190        0x6 /home/rec/marvell/wmsdk-2.13/libs/libdrv.a(mdev_i2c.o)
 .text.os_semaphore_get.isra.2
                0x00101196       0x18 /home/rec/marvell/wmsdk-2.13/libs/libdrv.a(mdev_i2c.o)
 .text.os_mutex_get.isra.3.constprop.6
                0x001011ae       0x1a /home/rec/marvell/wmsdk-2.13/libs/libdrv.a(mdev_i2c.o)
 .text.NVIC_SetPriority.constprop.7
                0x001011c8       0x28 /home/rec/marvell/wmsdk-2.13/libs/libdrv.a(mdev_i2c.o)
 .text.i2c_drv_read
                0x001011f0      0x2b4 /home/rec/marvell/wmsdk-2.13/libs/libdrv.a(mdev_i2c.o)
                0x001011f0                i2c_drv_read
 .text.i2c_drv_write
                0x001014a4      0x274 /home/rec/marvell/wmsdk-2.13/libs/libdrv.a(mdev_i2c.o)
                0x001014a4                i2c_drv_write
 .text.i2c_drv_open
                0x00101718      0x31c /home/rec/marvell/wmsdk-2.13/libs/libdrv.a(mdev_i2c.o)
                0x00101718                i2c_drv_open
 .text.i2c_drv_init
                0x00101a34      0x130 /home/rec/marvell/wmsdk-2.13/libs/libdrv.a(mdev_i2c.o)
                0x00101a34                i2c_drv_init
 .text.DMA_IRQHandler
                0x00101b64      0x1d4 /home/rec/marvell/wmsdk-2.13/libs/libdrv.a(mc200_dma.o)
                0x00101b64                DMA_IRQHandler
 .text.DMA_ChannelInit
                0x00101d38      0x22c /home/rec/marvell/wmsdk-2.13/libs/libdrv.a(mc200_dma.o)
                0x00101d38                DMA_ChannelInit
 .text.DMA_SetHandshakingMapping
                0x00101f64       0xc8 /home/rec/marvell/wmsdk-2.13/libs/libdrv.a(mc200_dma.o)
                0x00101f64                DMA_SetHandshakingMapping
 .text.DMA_Enable
                0x0010202c       0x1c /home/rec/marvell/wmsdk-2.13/libs/libdrv.a(mc200_dma.o)
                0x0010202c                DMA_Enable
 .text.DMA_Disable
                0x00102048       0x20 /home/rec/marvell/wmsdk-2.13/libs/libdrv.a(mc200_dma.o)
                0x00102048                DMA_Disable
 .text.DMA_ChannelCmd
                0x00102068       0x28 /home/rec/marvell/wmsdk-2.13/libs/libdrv.a(mc200_dma.o)
                0x00102068                DMA_ChannelCmd
 .text.DMA_SetBlkTransfSize
                0x00102090       0x2c /home/rec/marvell/wmsdk-2.13/libs/libdrv.a(mc200_dma.o)
                0x00102090                DMA_SetBlkTransfSize
 .text.DMA_IntMask
                0x001020bc       0xdc /home/rec/marvell/wmsdk-2.13/libs/libdrv.a(mc200_dma.o)
                0x001020bc                DMA_IntMask
 .text.DMA_IntClr
                0x00102198       0x8c /home/rec/marvell/wmsdk-2.13/libs/libdrv.a(mc200_dma.o)
                0x00102198                DMA_IntClr
 .text.DMA_Channel_Int_Type
                0x00102224        0x6 /home/rec/marvell/wmsdk-2.13/libs/libdrv.a(mc200_dma.o)
                0x00102224                DMA_Channel_Int_Type
 *fill*         0x0010222a        0x2 
 .text.GPIO_IRQHandler
                0x0010222c       0x64 /home/rec/marvell/wmsdk-2.13/libs/libdrv.a(mc200_gpio.o)
                0x0010222c                GPIO_IRQHandler
 .text.I2C_IntHandler
                0x00102290      0x158 /home/rec/marvell/wmsdk-2.13/libs/libdrv.a(mc200_i2c.o)
                0x00102290                I2C_IntHandler
 .text.I2C_Init
                0x001023e8       0x74 /home/rec/marvell/wmsdk-2.13/libs/libdrv.a(mc200_i2c.o)
                0x001023e8                I2C_Init
 .text.I2C_DmaConfig
                0x0010245c       0x28 /home/rec/marvell/wmsdk-2.13/libs/libdrv.a(mc200_i2c.o)
                0x0010245c                I2C_DmaConfig
 .text.I2C_SetSlaveAddr
                0x00102484       0x14 /home/rec/marvell/wmsdk-2.13/libs/libdrv.a(mc200_i2c.o)
                0x00102484                I2C_SetSlaveAddr
 .text.I2C_Enable
                0x00102498       0x14 /home/rec/marvell/wmsdk-2.13/libs/libdrv.a(mc200_i2c.o)
                0x00102498                I2C_Enable
 .text.I2C_Disable
                0x001024ac       0x14 /home/rec/marvell/wmsdk-2.13/libs/libdrv.a(mc200_i2c.o)
                0x001024ac                I2C_Disable
 .text.I2C_FIFOConfig
                0x001024c0       0x20 /home/rec/marvell/wmsdk-2.13/libs/libdrv.a(mc200_i2c.o)
                0x001024c0                I2C_FIFOConfig
 .text.I2C_DmaCmd
                0x001024e0       0x38 /home/rec/marvell/wmsdk-2.13/libs/libdrv.a(mc200_i2c.o)
                0x001024e0                I2C_DmaCmd
 .text.I2C_SetClkCount
                0x00102518       0x4c /home/rec/marvell/wmsdk-2.13/libs/libdrv.a(mc200_i2c.o)
                0x00102518                I2C_SetClkCount
 .text.I2C_SendByte
                0x00102564       0x10 /home/rec/marvell/wmsdk-2.13/libs/libdrv.a(mc200_i2c.o)
                0x00102564                I2C_SendByte
 .text.I2C_MasterReadCmd
                0x00102574       0x14 /home/rec/marvell/wmsdk-2.13/libs/libdrv.a(mc200_i2c.o)
                0x00102574                I2C_MasterReadCmd
 .text.I2C_ReceiveByte
                0x00102588       0x10 /home/rec/marvell/wmsdk-2.13/libs/libdrv.a(mc200_i2c.o)
                0x00102588                I2C_ReceiveByte
 .text.I2C_IntMask
                0x00102598       0xf4 /home/rec/marvell/wmsdk-2.13/libs/libdrv.a(mc200_i2c.o)
                0x00102598                I2C_IntMask
 .text.I2C_GetStatus
                0x0010268c       0x58 /home/rec/marvell/wmsdk-2.13/libs/libdrv.a(mc200_i2c.o)
                0x0010268c                I2C_GetStatus
 .text.I2C0_IRQHandler
                0x001026e4        0x8 /home/rec/marvell/wmsdk-2.13/libs/libdrv.a(mc200_i2c.o)
                0x001026e4                I2C0_IRQHandler
 .text.I2C1_IRQHandler
                0x001026ec        0x8 /home/rec/marvell/wmsdk-2.13/libs/libdrv.a(mc200_i2c.o)
                0x001026ec                I2C1_IRQHandler
 .text.I2C2_IRQHandler
                0x001026f4        0x8 /home/rec/marvell/wmsdk-2.13/libs/libdrv.a(mc200_i2c.o)
                0x001026f4                I2C2_IRQHandler
 .text.GPIO_PinMuxFun
                0x001026fc       0x40 /home/rec/marvell/wmsdk-2.13/libs/libdrv.a(mc200_pinmux.o)
                0x001026fc                GPIO_PinMuxFun
 .text.prvUnlockQueue
                0x0010273c       0x90 /home/rec/marvell/wmsdk-2.13/libs/libfreertos.a(queue.o)
 .text.prvCopyDataFromQueue
                0x001027cc       0x28 /home/rec/marvell/wmsdk-2.13/libs/libfreertos.a(queue.o)
 .text.prvCopyDataToQueue
                0x001027f4       0x6c /home/rec/marvell/wmsdk-2.13/libs/libfreertos.a(queue.o)
 .text.xQueueCreate
                0x00102860       0x68 /home/rec/marvell/wmsdk-2.13/libs/libfreertos.a(queue.o)
                0x00102860                xQueueCreate
 .text.xQueueGenericSend
                0x001028c8       0xec /home/rec/marvell/wmsdk-2.13/libs/libfreertos.a(queue.o)
                0x001028c8                xQueueGenericSend
 .text.xQueueCreateMutex
                0x001029b4       0x44 /home/rec/marvell/wmsdk-2.13/libs/libfreertos.a(queue.o)
                0x001029b4                xQueueCreateMutex
 .text.xQueueGenericSendFromISR
                0x001029f8       0x60 /home/rec/marvell/wmsdk-2.13/libs/libfreertos.a(queue.o)
                0x001029f8                xQueueGenericSendFromISR
 .text.xQueueGenericReceive
                0x00102a58      0x130 /home/rec/marvell/wmsdk-2.13/libs/libfreertos.a(queue.o)
                0x00102a58                xQueueGenericReceive
 .text.vQueueWaitForMessageRestricted
                0x00102b88       0x40 /home/rec/marvell/wmsdk-2.13/libs/libfreertos.a(queue.o)
                0x00102b88                vQueueWaitForMessageRestricted
 .text.prvAddCurrentTaskToDelayedList
                0x00102bc8       0x60 /home/rec/marvell/wmsdk-2.13/libs/libfreertos.a(tasks.o)
 .text.xTaskGenericCreate
                0x00102c28      0x218 /home/rec/marvell/wmsdk-2.13/libs/libfreertos.a(tasks.o)
                0x00102c28                xTaskGenericCreate
 .text.vTaskDelete
                0x00102e40       0x90 /home/rec/marvell/wmsdk-2.13/libs/libfreertos.a(tasks.o)
                0x00102e40                vTaskDelete
 .text.vTaskStartScheduler
                0x00102ed0       0x60 /home/rec/marvell/wmsdk-2.13/libs/libfreertos.a(tasks.o)
                0x00102ed0                vTaskStartScheduler
 .text.vTaskSuspendAll
                0x00102f30       0x10 /home/rec/marvell/wmsdk-2.13/libs/libfreertos.a(tasks.o)
                0x00102f30                vTaskSuspendAll
 .text.xTaskGetTickCount
                0x00102f40       0x18 /home/rec/marvell/wmsdk-2.13/libs/libfreertos.a(tasks.o)
                0x00102f40                xTaskGetTickCount
 .text.vTaskIncrementTick
                0x00102f58      0x180 /home/rec/marvell/wmsdk-2.13/libs/libfreertos.a(tasks.o)
                0x00102f58                vTaskIncrementTick
 .text.xTaskResumeAll
                0x001030d8       0xec /home/rec/marvell/wmsdk-2.13/libs/libfreertos.a(tasks.o)
                0x001030d8                xTaskResumeAll
 .text.prvIdleTask
                0x001031c4       0x98 /home/rec/marvell/wmsdk-2.13/libs/libfreertos.a(tasks.o)
 .text.vTaskDelay
                0x0010325c       0x68 /home/rec/marvell/wmsdk-2.13/libs/libfreertos.a(tasks.o)
                0x0010325c                vTaskDelay
 .text.vTaskSwitchContext
                0x001032c4      0x14c /home/rec/marvell/wmsdk-2.13/libs/libfreertos.a(tasks.o)
                0x001032c4                vTaskSwitchContext
 .text.vTaskSuspend
                0x00103410       0x80 /home/rec/marvell/wmsdk-2.13/libs/libfreertos.a(tasks.o)
                0x00103410                vTaskSuspend
 .text.vTaskPlaceOnEventList
                0x00103490       0x4c /home/rec/marvell/wmsdk-2.13/libs/libfreertos.a(tasks.o)
                0x00103490                vTaskPlaceOnEventList
 .text.vTaskPlaceOnEventListRestricted
                0x001034dc       0x34 /home/rec/marvell/wmsdk-2.13/libs/libfreertos.a(tasks.o)
                0x001034dc                vTaskPlaceOnEventListRestricted
 .text.xTaskRemoveFromEventList
                0x00103510       0x78 /home/rec/marvell/wmsdk-2.13/libs/libfreertos.a(tasks.o)
                0x00103510                xTaskRemoveFromEventList
 .text.vTaskSetTimeOutState
                0x00103588       0x1c /home/rec/marvell/wmsdk-2.13/libs/libfreertos.a(tasks.o)
                0x00103588                vTaskSetTimeOutState
 .text.xTaskCheckForTimeOut
                0x001035a4       0x8c /home/rec/marvell/wmsdk-2.13/libs/libfreertos.a(tasks.o)
                0x001035a4                xTaskCheckForTimeOut
 .text.vTaskMissedYield
                0x00103630       0x10 /home/rec/marvell/wmsdk-2.13/libs/libfreertos.a(tasks.o)
                0x00103630                vTaskMissedYield
 .text.xTaskGetCurrentTaskHandle
                0x00103640        0xc /home/rec/marvell/wmsdk-2.13/libs/libfreertos.a(tasks.o)
                0x00103640                xTaskGetCurrentTaskHandle
 .text.xTaskGetSchedulerState
                0x0010364c       0x20 /home/rec/marvell/wmsdk-2.13/libs/libfreertos.a(tasks.o)
                0x0010364c                xTaskGetSchedulerState
 .text.vTaskPriorityInherit
                0x0010366c       0x70 /home/rec/marvell/wmsdk-2.13/libs/libfreertos.a(tasks.o)
                0x0010366c                vTaskPriorityInherit
 .text.vTaskPriorityDisinherit
                0x001036dc       0x54 /home/rec/marvell/wmsdk-2.13/libs/libfreertos.a(tasks.o)
                0x001036dc                vTaskPriorityDisinherit
 .text.prvCheckForValidListAndQueue
                0x00103730       0x58 /home/rec/marvell/wmsdk-2.13/libs/libfreertos.a(timers.o)
 .text.prvInsertTimerInActiveList
                0x00103788       0x58 /home/rec/marvell/wmsdk-2.13/libs/libfreertos.a(timers.o)
 .text.xTimerCreateTimerTask
                0x001037e0       0x3c /home/rec/marvell/wmsdk-2.13/libs/libfreertos.a(timers.o)
                0x001037e0                xTimerCreateTimerTask
 .text.xTimerGenericCommand
                0x0010381c       0x50 /home/rec/marvell/wmsdk-2.13/libs/libfreertos.a(timers.o)
                0x0010381c                xTimerGenericCommand
 .text.prvSwitchTimerLists.isra.1
                0x0010386c       0x94 /home/rec/marvell/wmsdk-2.13/libs/libfreertos.a(timers.o)
 .text.prvTimerTask
                0x00103900      0x158 /home/rec/marvell/wmsdk-2.13/libs/libfreertos.a(timers.o)
 .text.pxPortInitialiseStack
                0x00103a58       0x18 /home/rec/marvell/wmsdk-2.13/libs/libfreertos.a(port.o)
                0x00103a58                pxPortInitialiseStack
 .text.SVC_IRQHandler
                0x00103a70       0x20 /home/rec/marvell/wmsdk-2.13/libs/libfreertos.a(port.o)
                0x00103a70                SVC_IRQHandler
 .text.vPortStartFirstTask
                0x00103a90       0x14 /home/rec/marvell/wmsdk-2.13/libs/libfreertos.a(port.o)
                0x00103a90                vPortStartFirstTask
 .text.xPortStartScheduler
                0x00103aa4       0x64 /home/rec/marvell/wmsdk-2.13/libs/libfreertos.a(port.o)
                0x00103aa4                xPortStartScheduler
 .text.vPortYieldFromISR
                0x00103b08       0x14 /home/rec/marvell/wmsdk-2.13/libs/libfreertos.a(port.o)
                0x00103b08                vPortYieldFromISR
 .text.vPortEnterCritical
                0x00103b1c       0x18 /home/rec/marvell/wmsdk-2.13/libs/libfreertos.a(port.o)
                0x00103b1c                vPortEnterCritical
 .text.vPortExitCritical
                0x00103b34       0x1c /home/rec/marvell/wmsdk-2.13/libs/libfreertos.a(port.o)
                0x00103b34                vPortExitCritical
 .text.PendSV_IRQHandler
                0x00103b50       0x3c /home/rec/marvell/wmsdk-2.13/libs/libfreertos.a(port.o)
                0x00103b50                PendSV_IRQHandler
 .text.SysTick_IRQHandler
                0x00103b8c       0x28 /home/rec/marvell/wmsdk-2.13/libs/libfreertos.a(port.o)
                0x00103b8c                SysTick_IRQHandler
 .text.prvInsertBlockIntoFreeList
                0x00103bb4       0xbc /home/rec/marvell/wmsdk-2.13/libs/libfreertos.a(heap_4.o)
 .text.prvHeapInit
                0x00103c70       0xa0 /home/rec/marvell/wmsdk-2.13/libs/libfreertos.a(heap_4.o)
                0x00103c70                prvHeapInit
 .text.pvPortMalloc
                0x00103d10      0x100 /home/rec/marvell/wmsdk-2.13/libs/libfreertos.a(heap_4.o)
                0x00103d10                pvPortMalloc
 .text.vPortFree
                0x00103e10       0x7c /home/rec/marvell/wmsdk-2.13/libs/libfreertos.a(heap_4.o)
                0x00103e10                vPortFree
 .text.vListInitialise
                0x00103e8c       0x18 /home/rec/marvell/wmsdk-2.13/libs/libfreertos.a(list.o)
                0x00103e8c                vListInitialise
 .text.vListInitialiseItem
                0x00103ea4        0x8 /home/rec/marvell/wmsdk-2.13/libs/libfreertos.a(list.o)
                0x00103ea4                vListInitialiseItem
 .text.vListInsertEnd
                0x00103eac       0x1c /home/rec/marvell/wmsdk-2.13/libs/libfreertos.a(list.o)
                0x00103eac                vListInsertEnd
 .text.vListInsert
                0x00103ec8       0x38 /home/rec/marvell/wmsdk-2.13/libs/libfreertos.a(list.o)
                0x00103ec8                vListInsert
 .text.vListRemove
                0x00103f00       0x24 /home/rec/marvell/wmsdk-2.13/libs/libfreertos.a(list.o)
                0x00103f00                vListRemove
 .text.os_enter_critical_section
                0x00103f24        0xa /home/rec/marvell/wmsdk-2.13/libs/libmdev.a(mdev.o)
 .text.os_exit_critical_section.isra.0
                0x00103f2e        0x4 /home/rec/marvell/wmsdk-2.13/libs/libmdev.a(mdev.o)
 *fill*         0x00103f32        0x2 
 .text.mdev_register
                0x00103f34       0x54 /home/rec/marvell/wmsdk-2.13/libs/libmdev.a(mdev.o)
                0x00103f34                mdev_register
 .text.mdev_get_handle
                0x00103f88       0x2c /home/rec/marvell/wmsdk-2.13/libs/libmdev.a(mdev.o)
                0x00103f88                mdev_get_handle
 .text.os_msec_to_ticks
                0x00103fb4        0x2 /home/rec/marvell/wmsdk-2.13/libs/libos.a(os.o)
 .text.os_mutex_create
                0x00103fb6       0x20 /home/rec/marvell/wmsdk-2.13/libs/libos.a(os.o)
 .text.os_thread_sleep
                0x00103fd6        0x4 /home/rec/marvell/wmsdk-2.13/libs/libos.a(os.o)
 *fill*         0x00103fda        0x2 
 .text.app_start
                0x00103fdc       0x44 /home/rec/marvell/wmsdk-2.13/libs/libos.a(os.o)
                0x00103fdc                app_start
 .text.os_init  0x00104020       0x38 /home/rec/marvell/wmsdk-2.13/libs/libos.a(os.o)
                0x00104020                os_init
 .text.os_thread_create
                0x00104058       0x2a /home/rec/marvell/wmsdk-2.13/libs/libos.a(os.o)
                0x00104058                os_thread_create
 .text.vApplicationStackOverflowHook
                0x00104082        0x2 /home/rec/marvell/wmsdk-2.13/libs/libos.a(os.o)
                0x00104082                vApplicationStackOverflowHook
 .text.os_get_timestamp
                0x00104084       0x54 /home/rec/marvell/wmsdk-2.13/libs/libos.a(os.o)
                0x00104084                os_get_timestamp
 .text.vApplicationTickHook
                0x001040d8       0x18 /home/rec/marvell/wmsdk-2.13/libs/libos.a(os.o)
                0x001040d8                vApplicationTickHook
 .text.vApplicationIdleHook
                0x001040f0       0x18 /home/rec/marvell/wmsdk-2.13/libs/libos.a(os.o)
                0x001040f0                vApplicationIdleHook
 .text.os_mutex_get.isra.1.constprop.2
                0x00104108       0x1a /home/rec/marvell/wmsdk-2.13/libs/libwmstdio.a(wmstdio.o)
 *fill*         0x00104122        0x2 
 .text.os_mutex_put.constprop.3
                0x00104124       0x40 /home/rec/marvell/wmsdk-2.13/libs/libwmstdio.a(wmstdio.o)
 .text.wmprintf
                0x00104164       0x4c /home/rec/marvell/wmsdk-2.13/libs/libwmstdio.a(wmstdio.o)
                0x00104164                wmprintf
 .text.wmstdio_init
                0x001041b0       0x40 /home/rec/marvell/wmsdk-2.13/libs/libwmstdio.a(wmstdio.o)
                0x001041b0                wmstdio_init
 .text.serial_console_putchar
                0x001041f0       0x14 /home/rec/marvell/wmsdk-2.13/libs/libwmstdio.a(console.o)
                0x001041f0                serial_console_putchar
 .text.serial_console_getchar
                0x00104204       0x10 /home/rec/marvell/wmsdk-2.13/libs/libwmstdio.a(console.o)
                0x00104204                serial_console_getchar
 .text.serial_console_flush
                0x00104214       0x14 /home/rec/marvell/wmsdk-2.13/libs/libwmstdio.a(console.o)
                0x00104214                serial_console_flush
 .text.serial_console_printf
                0x00104228       0x24 /home/rec/marvell/wmsdk-2.13/libs/libwmstdio.a(console.o)
                0x00104228                serial_console_printf
 .text.serial_console_init
                0x0010424c       0x20 /home/rec/marvell/wmsdk-2.13/libs/libwmstdio.a(console.o)
                0x0010424c                serial_console_init
 .text.memcmp   0x0010426c       0x1a /home/rec/marvell/wmsdk-2.13/libs/libc.a(memcmp.o)
                0x0010426c                memcmp
 .text.snprintf
                0x00104286       0x18 /home/rec/marvell/wmsdk-2.13/libs/libc.a(snprintf.o)
                0x00104286                snprintf
 *fill*         0x0010429e        0x2 
 .text.vsnprintf
                0x001042a0      0x698 /home/rec/marvell/wmsdk-2.13/libs/libc.a(vsnprintf.o)
                0x001042a0                vsnprintf
 .text.strcmp   0x00104938       0x14 /home/rec/marvell/wmsdk-2.13/libs/libc.a(strcmp.o)
                0x00104938                strcmp
 .text.strncpy  0x0010494c       0x20 /home/rec/marvell/wmsdk-2.13/libs/libc.a(strncpy.o)
                0x0010494c                strncpy
 .text.strlen   0x0010496c       0x10 /home/rec/marvell/wmsdk-2.13/libs/libc.a(strlen.o)
                0x0010496c                strlen
 .text.NVIC_EnableIRQ
                0x0010497c       0x18 /home/rec/marvell/wmsdk-2.13/libs/libdrv.a(mdev_uart.o)
 .text.get_buf_rx_size
                0x00104994        0x6 /home/rec/marvell/wmsdk-2.13/libs/libdrv.a(mdev_uart.o)
 .text.get_free_rx_buf_size
                0x0010499a       0x1a /home/rec/marvell/wmsdk-2.13/libs/libdrv.a(mdev_uart.o)
 .text.uart_dma_wr_cb
                0x001049b4       0x34 /home/rec/marvell/wmsdk-2.13/libs/libdrv.a(mdev_uart.o)
 .text.uart1dma_wr_cb
                0x001049e8        0x6 /home/rec/marvell/wmsdk-2.13/libs/libdrv.a(mdev_uart.o)
 .text.uart0dma_wr_cb
                0x001049ee        0x6 /home/rec/marvell/wmsdk-2.13/libs/libdrv.a(mdev_uart.o)
 .text.os_mutex_put
                0x001049f4       0x38 /home/rec/marvell/wmsdk-2.13/libs/libdrv.a(mdev_uart.o)
 .text.uart_dma_start
                0x00104a2c       0x38 /home/rec/marvell/wmsdk-2.13/libs/libdrv.a(mdev_uart.o)
 .text.uart_dma_rd_cb
                0x00104a64       0x6c /home/rec/marvell/wmsdk-2.13/libs/libdrv.a(mdev_uart.o)
 .text.uart1dma_rd_cb
                0x00104ad0        0x6 /home/rec/marvell/wmsdk-2.13/libs/libdrv.a(mdev_uart.o)
 .text.uart0dma_rd_cb
                0x00104ad6        0x6 /home/rec/marvell/wmsdk-2.13/libs/libdrv.a(mdev_uart.o)
 .text.uart_ps_cb
                0x00104adc       0xac /home/rec/marvell/wmsdk-2.13/libs/libdrv.a(mdev_uart.o)
                0x00104adc                uart_ps_cb
 .text.os_semaphore_create
                0x00104b88       0x28 /home/rec/marvell/wmsdk-2.13/libs/libdrv.a(mdev_uart.o)
 .text.NVIC_SetPriority.constprop.5
                0x00104bb0       0x28 /home/rec/marvell/wmsdk-2.13/libs/libdrv.a(mdev_uart.o)
 .text.os_semaphore_get.isra.2.constprop.7
                0x00104bd8       0x1a /home/rec/marvell/wmsdk-2.13/libs/libdrv.a(mdev_uart.o)
 *fill*         0x00104bf2        0x2 
 .text.uart_drv_open
                0x00104bf4      0x2ec /home/rec/marvell/wmsdk-2.13/libs/libdrv.a(mdev_uart.o)
                0x00104bf4                uart_drv_open
 .text.uart_drv_tx_flush
                0x00104ee0       0x24 /home/rec/marvell/wmsdk-2.13/libs/libdrv.a(mdev_uart.o)
                0x00104ee0                uart_drv_tx_flush
 .text.uart_drv_write
                0x00104f04      0x17c /home/rec/marvell/wmsdk-2.13/libs/libdrv.a(mdev_uart.o)
                0x00104f04                uart_drv_write
 .text.write_rx_buf
                0x00105080       0x44 /home/rec/marvell/wmsdk-2.13/libs/libdrv.a(mdev_uart.o)
 .text.uart_9bit_cb
                0x001050c4       0x44 /home/rec/marvell/wmsdk-2.13/libs/libdrv.a(mdev_uart.o)
 .text.uart1_9bit_cb
                0x00105108        0x6 /home/rec/marvell/wmsdk-2.13/libs/libdrv.a(mdev_uart.o)
 .text.uart0_9bit_cb
                0x0010510e        0x6 /home/rec/marvell/wmsdk-2.13/libs/libdrv.a(mdev_uart.o)
 .text.uart_8bit_cb
                0x00105114       0x84 /home/rec/marvell/wmsdk-2.13/libs/libdrv.a(mdev_uart.o)
 .text.uart1_8bit_cb
                0x00105198        0x6 /home/rec/marvell/wmsdk-2.13/libs/libdrv.a(mdev_uart.o)
 .text.uart0_8bit_cb
                0x0010519e        0x6 /home/rec/marvell/wmsdk-2.13/libs/libdrv.a(mdev_uart.o)
 .text.read_rx_buf
                0x001051a4       0x4e /home/rec/marvell/wmsdk-2.13/libs/libdrv.a(mdev_uart.o)
 *fill*         0x001051f2        0x2 
 .text.uart_drv_read
                0x001051f4       0x98 /home/rec/marvell/wmsdk-2.13/libs/libdrv.a(mdev_uart.o)
                0x001051f4                uart_drv_read
 .text.uart_drv_init
                0x0010528c      0x108 /home/rec/marvell/wmsdk-2.13/libs/libdrv.a(mdev_uart.o)
                0x0010528c                uart_drv_init
 .text.UART_Calculate_Dividers
                0x00105394       0x52 /home/rec/marvell/wmsdk-2.13/libs/libdrv.a(mc200_uart.o)
 *fill*         0x001053e6        0x2 
 .text.UART_IntHandler
                0x001053e8       0xa4 /home/rec/marvell/wmsdk-2.13/libs/libdrv.a(mc200_uart.o)
                0x001053e8                UART_IntHandler
 .text.UART_Reset
                0x0010548c       0x2c /home/rec/marvell/wmsdk-2.13/libs/libdrv.a(mc200_uart.o)
                0x0010548c                UART_Reset
 .text.UART_Init
                0x001054b8      0x1b0 /home/rec/marvell/wmsdk-2.13/libs/libdrv.a(mc200_uart.o)
                0x001054b8                UART_Init
 .text.UART_GetCompParam
                0x00105668       0x7c /home/rec/marvell/wmsdk-2.13/libs/libdrv.a(mc200_uart.o)
                0x00105668                UART_GetCompParam
 .text.UART_ReceiveByte
                0x001056e4       0x10 /home/rec/marvell/wmsdk-2.13/libs/libdrv.a(mc200_uart.o)
                0x001056e4                UART_ReceiveByte
 .text.UART_SendByte
                0x001056f4       0x10 /home/rec/marvell/wmsdk-2.13/libs/libdrv.a(mc200_uart.o)
                0x001056f4                UART_SendByte
 .text.UART_Receive9bits
                0x00105704       0x40 /home/rec/marvell/wmsdk-2.13/libs/libdrv.a(mc200_uart.o)
                0x00105704                UART_Receive9bits
 .text.UART_Send9bits
                0x00105744       0x54 /home/rec/marvell/wmsdk-2.13/libs/libdrv.a(mc200_uart.o)
                0x00105744                UART_Send9bits
 .text.UART_FIFOConfig
                0x00105798       0x48 /home/rec/marvell/wmsdk-2.13/libs/libdrv.a(mc200_uart.o)
                0x00105798                UART_FIFOConfig
 .text.UART_GetLineStatus
                0x001057e0       0x70 /home/rec/marvell/wmsdk-2.13/libs/libdrv.a(mc200_uart.o)
                0x001057e0                UART_GetLineStatus
 .text.UART_SIR_Disable
                0x00105850       0x14 /home/rec/marvell/wmsdk-2.13/libs/libdrv.a(mc200_uart.o)
                0x00105850                UART_SIR_Disable
 .text.UART_RTS_Assert
                0x00105864       0x14 /home/rec/marvell/wmsdk-2.13/libs/libdrv.a(mc200_uart.o)
                0x00105864                UART_RTS_Assert
 .text.UART_IntMask
                0x00105878       0x84 /home/rec/marvell/wmsdk-2.13/libs/libdrv.a(mc200_uart.o)
                0x00105878                UART_IntMask
 .text.UART0_IRQHandler
                0x001058fc        0x8 /home/rec/marvell/wmsdk-2.13/libs/libdrv.a(mc200_uart.o)
                0x001058fc                UART0_IRQHandler
 .text.UART1_IRQHandler
                0x00105904        0x8 /home/rec/marvell/wmsdk-2.13/libs/libdrv.a(mc200_uart.o)
                0x00105904                UART1_IRQHandler
 .text.UART2_IRQHandler
                0x0010590c        0x8 /home/rec/marvell/wmsdk-2.13/libs/libdrv.a(mc200_uart.o)
                0x0010590c                UART2_IRQHandler
 .text.UART3_IRQHandler
                0x00105914        0x8 /home/rec/marvell/wmsdk-2.13/libs/libdrv.a(mc200_uart.o)
                0x00105914                UART3_IRQHandler
 .text.os_mutex_get.isra.4.constprop.5
                0x0010591c       0x1a /home/rec/marvell/wmsdk-2.13/libs/libpwrmgr.a(pwrmgr_generic.o)
 *fill*         0x00105936        0x2 
 .text.os_mutex_put.constprop.6
                0x00105938       0x40 /home/rec/marvell/wmsdk-2.13/libs/libpwrmgr.a(pwrmgr_generic.o)
 .text.pm_register_cb
                0x00105978       0x58 /home/rec/marvell/wmsdk-2.13/libs/libpwrmgr.a(pwrmgr_generic.o)
                0x00105978                pm_register_cb
 .text.RTC_IRQHandler
                0x001059d0       0x38 /home/rec/marvell/wmsdk-2.13/libs/libdrv.a(mc200_rtc.o)
                0x001059d0                RTC_IRQHandler
 .text.QSPI1_IRQHandler
                0x00105a08      0x14c /home/rec/marvell/wmsdk-2.13/libs/libdrv.a(mc200_qspi1.o)
                0x00105a08                QSPI1_IRQHandler
 .text.GPT_IRQHandler
                0x00105b54       0xf4 /home/rec/marvell/wmsdk-2.13/libs/libdrv.a(mc200_gpt.o)
 .text.GPT0_IRQHandler
                0x00105c48        0x8 /home/rec/marvell/wmsdk-2.13/libs/libdrv.a(mc200_gpt.o)
                0x00105c48                GPT0_IRQHandler
 .text.GPT1_IRQHandler
                0x00105c50        0x8 /home/rec/marvell/wmsdk-2.13/libs/libdrv.a(mc200_gpt.o)
                0x00105c50                GPT1_IRQHandler
 .text.GPT2_IRQHandler
                0x00105c58        0x8 /home/rec/marvell/wmsdk-2.13/libs/libdrv.a(mc200_gpt.o)
                0x00105c58                GPT2_IRQHandler
 .text.GPT3_IRQHandler
                0x00105c60        0x8 /home/rec/marvell/wmsdk-2.13/libs/libdrv.a(mc200_gpt.o)
                0x00105c60                GPT3_IRQHandler
 .text          0x00105c68      0x370 /home/rec/gcc-arm-none-eabi-4_9-2014q4/bin/../lib/gcc/arm-none-eabi/4.9.3/armv7-m/libgcc.a(_arm_addsubdf3.o)
                0x00105c68                __aeabi_drsub
                0x00105c70                __aeabi_dsub
                0x00105c70                __subdf3
                0x00105c74                __adddf3
                0x00105c74                __aeabi_dadd
                0x00105eec                __aeabi_ui2d
                0x00105eec                __floatunsidf
                0x00105f0c                __floatsidf
                0x00105f0c                __aeabi_i2d
                0x00105f30                __extendsfdf2
                0x00105f30                __aeabi_f2d
                0x00105f6c                __aeabi_ul2d
                0x00105f6c                __floatundidf
                0x00105f7c                __floatdidf
                0x00105f7c                __aeabi_l2d
 .text          0x00105fd8      0x424 /home/rec/gcc-arm-none-eabi-4_9-2014q4/bin/../lib/gcc/arm-none-eabi/4.9.3/armv7-m/libgcc.a(_arm_muldivdf3.o)
                0x00105fd8                __aeabi_dmul
                0x00105fd8                __muldf3
                0x0010622c                __aeabi_ddiv
                0x0010622c                __divdf3
 .text          0x001063fc      0x110 /home/rec/gcc-arm-none-eabi-4_9-2014q4/bin/../lib/gcc/arm-none-eabi/4.9.3/armv7-m/libgcc.a(_arm_cmpdf2.o)
                0x001063fc                __gtdf2
                0x001063fc                __gedf2
                0x00106404                __ltdf2
                0x00106404                __ledf2
                0x0010640c                __cmpdf2
                0x0010640c                __eqdf2
                0x0010640c                __nedf2
                0x00106488                __aeabi_cdrcmple
                0x00106498                __aeabi_cdcmple
                0x00106498                __aeabi_cdcmpeq
                0x001064a8                __aeabi_dcmpeq
                0x001064bc                __aeabi_dcmplt
                0x001064d0                __aeabi_dcmple
                0x001064e4                __aeabi_dcmpge
                0x001064f8                __aeabi_dcmpgt
 .text          0x0010650c       0x50 /home/rec/gcc-arm-none-eabi-4_9-2014q4/bin/../lib/gcc/arm-none-eabi/4.9.3/armv7-m/libgcc.a(_arm_fixdfsi.o)
                0x0010650c                __fixdfsi
                0x0010650c                __aeabi_d2iz
 .text          0x0010655c       0x2c /home/rec/gcc-arm-none-eabi-4_9-2014q4/bin/../lib/gcc/arm-none-eabi/4.9.3/armv7-m/libgcc.a(_aeabi_uldivmod.o)
                0x0010655c                __aeabi_uldivmod
 .text          0x00106588       0x60 /home/rec/gcc-arm-none-eabi-4_9-2014q4/bin/../lib/gcc/arm-none-eabi/4.9.3/armv7-m/libgcc.a(bpabi.o)
                0x00106588                __gnu_ldivmod_helper
                0x001065b8                __gnu_uldivmod_helper
 .text          0x001065e8        0x4 /home/rec/gcc-arm-none-eabi-4_9-2014q4/bin/../lib/gcc/arm-none-eabi/4.9.3/armv7-m/libgcc.a(_dvmd_tls.o)
                0x001065e8                __aeabi_ldiv0
                0x001065e8                __aeabi_idiv0
 .text          0x001065ec      0x2ac /home/rec/gcc-arm-none-eabi-4_9-2014q4/bin/../lib/gcc/arm-none-eabi/4.9.3/armv7-m/libgcc.a(_divdi3.o)
                0x001065ec                __divdi3
 .text          0x00106898      0x270 /home/rec/gcc-arm-none-eabi-4_9-2014q4/bin/../lib/gcc/arm-none-eabi/4.9.3/armv7-m/libgcc.a(_udivdi3.o)
                0x00106898                __udivdi3
 .text          0x00106b08       0xec /home/rec/gcc-arm-none-eabi-4_9-2014q4/bin/../lib/gcc/arm-none-eabi/4.9.3/../../../../arm-none-eabi/lib/armv7-m/libg.a(lib_a-memcpy.o)
                0x00106b08                memcpy
 .text.memset   0x00106bf4       0x9c /home/rec/gcc-arm-none-eabi-4_9-2014q4/bin/../lib/gcc/arm-none-eabi/4.9.3/../../../../arm-none-eabi/lib/armv7-m/libg.a(lib_a-memset.o)
                0x00106bf4                memset
 *(.rodata .rodata.* .gnu.linkonce.r.*)
 .rodata.str1.1
                0x00106c90       0xb6 obj/main.o
                                 0xb9 (size before relaxing)
 .rodata.str1.1
                0x00106d46       0x50 /home/rec/marvell/wmsdk-2.13/libs/libdrv.a(mdev_i2c.o)
 *fill*         0x00106d96        0x2 
 .rodata.mdev_i2c_name
                0x00106d98        0xc /home/rec/marvell/wmsdk-2.13/libs/libdrv.a(mdev_i2c.o)
 .rodata.intChannelArra
                0x00106da4       0x20 /home/rec/marvell/wmsdk-2.13/libs/libdrv.a(mc200_dma.o)
 .rodata.i2cAddr
                0x00106dc4        0xc /home/rec/marvell/wmsdk-2.13/libs/libdrv.a(mc200_i2c.o)
 .rodata.ucExpectedStackBytes.5815
                0x00106dd0       0x14 /home/rec/marvell/wmsdk-2.13/libs/libfreertos.a(tasks.o)
 .rodata.str1.4
                0x00106de4       0x2e /home/rec/marvell/wmsdk-2.13/libs/libfreertos.a(tasks.o)
                                 0x30 (size before relaxing)
 *fill*         0x00106e12        0x2 
 .rodata.str1.4
                0x00106e14        0x8 /home/rec/marvell/wmsdk-2.13/libs/libfreertos.a(timers.o)
 .rodata.str1.1
                0x00106e1c      0x122 /home/rec/marvell/wmsdk-2.13/libs/libos.a(os.o)
                                0x125 (size before relaxing)
 .rodata.lcdigits.3700
                0x00106f3e       0x11 /home/rec/marvell/wmsdk-2.13/libs/libc.a(vsnprintf.o)
 .rodata.str1.1
                0x00106f4f        0x7 /home/rec/marvell/wmsdk-2.13/libs/libc.a(vsnprintf.o)
 .rodata.ucdigits.3701
                0x00106f56       0x11 /home/rec/marvell/wmsdk-2.13/libs/libc.a(vsnprintf.o)
 *fill*         0x00106f67        0x1 
 .rodata.mdev_uart_name
                0x00106f68        0x8 /home/rec/marvell/wmsdk-2.13/libs/libdrv.a(mdev_uart.o)
 .rodata.str1.1
                0x00106f70       0x44 /home/rec/marvell/wmsdk-2.13/libs/libdrv.a(mdev_uart.o)
 .rodata.uartAddr
                0x00106fb4       0x10 /home/rec/marvell/wmsdk-2.13/libs/libdrv.a(mc200_uart.o)
 .rodata.gptAddr
                0x00106fc4       0x10 /home/rec/marvell/wmsdk-2.13/libs/libdrv.a(mc200_gpt.o)
                0x00106fd4                . = ALIGN (0x4)
                0x00106fd4                _etext = .

.glue_7         0x00106fd4        0x0
 .glue_7        0x00000000        0x0 linker stubs

.glue_7t        0x00106fd4        0x0
 .glue_7t       0x00000000        0x0 linker stubs

.vfp11_veneer   0x00106fd4        0x0
 .vfp11_veneer  0x00000000        0x0 linker stubs

.v4_bx          0x00106fd4        0x0
 .v4_bx         0x00000000        0x0 linker stubs

.iplt           0x00106fd4        0x0
 .iplt          0x00000000        0x0 /home/rec/marvell/wmsdk-2.13/libs/libdrv.a(mc200_startup.o)

.rel.dyn        0x00106fd4        0x0
 .rel.iplt      0x00000000        0x0 /home/rec/marvell/wmsdk-2.13/libs/libdrv.a(mc200_startup.o)

.ARM.exidx      0x00106fd4        0x8
 .ARM.exidx     0x00106fd4        0x8 /home/rec/gcc-arm-none-eabi-4_9-2014q4/bin/../lib/gcc/arm-none-eabi/4.9.3/armv7-m/libgcc.a(_divdi3.o)
 .ARM.exidx     0x00106fdc        0x0 /home/rec/gcc-arm-none-eabi-4_9-2014q4/bin/../lib/gcc/arm-none-eabi/4.9.3/armv7-m/libgcc.a(_udivdi3.o)
                                  0x8 (size before relaxing)
                0x00106fdc                . = ALIGN (0x4)
                0x00106fdc                _heap_start = .
                0x00160000                . = _e_sram0
                0x00160000                _heap_end = .
                0x00059024                _actual_heap_size = (_heap_end - _heap_start)
                0x00000001                ASSERT ((_actual_heap_size >= _heap_size), Text overflow in heap area.)

.data           0x20000000       0xd4
                0x20000000                _data = .
 *(.data)
 *(.data.*)
 .data.intCbfArra
                0x20000000       0x9c /home/rec/marvell/wmsdk-2.13/libs/libdrv.a(mc200_driver.o)
                0x20000000                intCbfArra
 .data.app_stack_write
                0x2000009c        0x4 obj/main.o
 .data.app_stack_read
                0x200000a0        0x4 obj/main.o
 .data.FAST_LCNT
                0x200000a4        0x4 /home/rec/marvell/wmsdk-2.13/libs/libdrv.a(mdev_i2c.o)
 .data.STANDARD_HCNT
                0x200000a8        0x4 /home/rec/marvell/wmsdk-2.13/libs/libdrv.a(mdev_i2c.o)
 .data.STANDARD_LCNT
                0x200000ac        0x4 /home/rec/marvell/wmsdk-2.13/libs/libdrv.a(mdev_i2c.o)
 .data.FAST_HCNT
                0x200000b0        0x4 /home/rec/marvell/wmsdk-2.13/libs/libdrv.a(mdev_i2c.o)
 .data.uxPreviousTask
                0x200000b4        0x4 /home/rec/marvell/wmsdk-2.13/libs/libfreertos.a(tasks.o)
 .data.xNextTaskUnblockTime
                0x200000b8        0x4 /home/rec/marvell/wmsdk-2.13/libs/libfreertos.a(tasks.o)
 .data.uxCriticalNesting
                0x200000bc        0x4 /home/rec/marvell/wmsdk-2.13/libs/libfreertos.a(port.o)
 .data.c_stdio_funcs
                0x200000c0        0x4 /home/rec/marvell/wmsdk-2.13/libs/libwmstdio.a(wmstdio.o)
                0x200000c0                c_stdio_funcs
 .data.serial_console_funcs
                0x200000c4       0x10 /home/rec/marvell/wmsdk-2.13/libs/libwmstdio.a(console.o)
                0x200000c4                serial_console_funcs
                0x200000d4                _edata = .

.igot.plt       0x200000d4        0x0
 .igot.plt      0x00000000        0x0 /home/rec/marvell/wmsdk-2.13/libs/libdrv.a(mc200_startup.o)

.iobufs         0x200000d4        0x0
                0x200000d4                . = ALIGN (0x4)
                0x200000d4                _iobufs_start = .
 *(.iobufs)
 *(.iobufs.*)
                0x200000d4                _iobufs_end = .

.bss            0x200000d8      0xb24
                0x200000d8                _bss = .
 *(.bss)
 *(.bss.*)
 .bss.mpuIntCb  0x200000d8       0x10 /home/rec/marvell/wmsdk-2.13/libs/libdrv.a(mc200_driver.o)
                0x200000d8                mpuIntCb
 .bss.dmaCh5IntCb
                0x200000e8       0x14 /home/rec/marvell/wmsdk-2.13/libs/libdrv.a(mc200_driver.o)
                0x200000e8                dmaCh5IntCb
 .bss.dmaCh7IntCb
                0x200000fc       0x14 /home/rec/marvell/wmsdk-2.13/libs/libdrv.a(mc200_driver.o)
                0x200000fc                dmaCh7IntCb
 .bss.dmaCh1IntCb
                0x20000110       0x14 /home/rec/marvell/wmsdk-2.13/libs/libdrv.a(mc200_driver.o)
                0x20000110                dmaCh1IntCb
 .bss.extpin1IntCb
                0x20000124        0x4 /home/rec/marvell/wmsdk-2.13/libs/libdrv.a(mc200_driver.o)
                0x20000124                extpin1IntCb
 .bss.dacIntCb  0x20000128       0x14 /home/rec/marvell/wmsdk-2.13/libs/libdrv.a(mc200_driver.o)
                0x20000128                dacIntCb
 .bss.gpt0IntCb
                0x2000013c       0x3c /home/rec/marvell/wmsdk-2.13/libs/libdrv.a(mc200_driver.o)
                0x2000013c                gpt0IntCb
 .bss.gpt2IntCb
                0x20000178       0x3c /home/rec/marvell/wmsdk-2.13/libs/libdrv.a(mc200_driver.o)
                0x20000178                gpt2IntCb
 .bss.uart3IntCb
                0x200001b4       0x18 /home/rec/marvell/wmsdk-2.13/libs/libdrv.a(mc200_driver.o)
                0x200001b4                uart3IntCb
 .bss.qspi1IntCb
                0x200001cc       0x30 /home/rec/marvell/wmsdk-2.13/libs/libdrv.a(mc200_driver.o)
                0x200001cc                qspi1IntCb
 .bss.i2c1IntCb
                0x200001fc       0x30 /home/rec/marvell/wmsdk-2.13/libs/libdrv.a(mc200_driver.o)
                0x200001fc                i2c1IntCb
 .bss.i2c2IntCb
                0x2000022c       0x30 /home/rec/marvell/wmsdk-2.13/libs/libdrv.a(mc200_driver.o)
                0x2000022c                i2c2IntCb
 .bss.ssp1IntCb
                0x2000025c       0x20 /home/rec/marvell/wmsdk-2.13/libs/libdrv.a(mc200_driver.o)
                0x2000025c                ssp1IntCb
 .bss.sdioIntCb
                0x2000027c       0x50 /home/rec/marvell/wmsdk-2.13/libs/libdrv.a(mc200_driver.o)
                0x2000027c                sdioIntCb
 .bss.acompIntCb
                0x200002cc       0x10 /home/rec/marvell/wmsdk-2.13/libs/libdrv.a(mc200_driver.o)
                0x200002cc                acompIntCb
 .bss.extpin0IntCb
                0x200002dc        0x4 /home/rec/marvell/wmsdk-2.13/libs/libdrv.a(mc200_driver.o)
                0x200002dc                extpin0IntCb
 .bss.ssp0IntCb
                0x200002e0       0x20 /home/rec/marvell/wmsdk-2.13/libs/libdrv.a(mc200_driver.o)
                0x200002e0                ssp0IntCb
 .bss.ssp2IntCb
                0x20000300       0x20 /home/rec/marvell/wmsdk-2.13/libs/libdrv.a(mc200_driver.o)
                0x20000300                ssp2IntCb
 .bss.dmaCh6IntCb
                0x20000320       0x14 /home/rec/marvell/wmsdk-2.13/libs/libdrv.a(mc200_driver.o)
                0x20000320                dmaCh6IntCb
 .bss.dmaCh0IntCb
                0x20000334       0x14 /home/rec/marvell/wmsdk-2.13/libs/libdrv.a(mc200_driver.o)
                0x20000334                dmaCh0IntCb
 .bss.dmaCh2IntCb
                0x20000348       0x14 /home/rec/marvell/wmsdk-2.13/libs/libdrv.a(mc200_driver.o)
                0x20000348                dmaCh2IntCb
 .bss.wdtIntCb  0x2000035c       0x14 /home/rec/marvell/wmsdk-2.13/libs/libdrv.a(mc200_driver.o)
                0x2000035c                wdtIntCb
 .bss.crcIntCb  0x20000370       0x20 /home/rec/marvell/wmsdk-2.13/libs/libdrv.a(mc200_driver.o)
                0x20000370                crcIntCb
 .bss.adc0IntCb
                0x20000390       0x14 /home/rec/marvell/wmsdk-2.13/libs/libdrv.a(mc200_driver.o)
                0x20000390                adc0IntCb
 .bss.gpt3IntCb
                0x200003a4       0x3c /home/rec/marvell/wmsdk-2.13/libs/libdrv.a(mc200_driver.o)
                0x200003a4                gpt3IntCb
 .bss.qspi0IntCb
                0x200003e0       0x30 /home/rec/marvell/wmsdk-2.13/libs/libdrv.a(mc200_driver.o)
                0x200003e0                qspi0IntCb
 .bss.dmaCh3IntCb
                0x20000410       0x14 /home/rec/marvell/wmsdk-2.13/libs/libdrv.a(mc200_driver.o)
                0x20000410                dmaCh3IntCb
 .bss.uart0IntCb
                0x20000424       0x18 /home/rec/marvell/wmsdk-2.13/libs/libdrv.a(mc200_driver.o)
                0x20000424                uart0IntCb
 .bss.uart2IntCb
                0x2000043c       0x18 /home/rec/marvell/wmsdk-2.13/libs/libdrv.a(mc200_driver.o)
                0x2000043c                uart2IntCb
 .bss.rtcIntCb  0x20000454       0x20 /home/rec/marvell/wmsdk-2.13/libs/libdrv.a(mc200_driver.o)
                0x20000454                rtcIntCb
 .bss.adc1IntCb
                0x20000474       0x14 /home/rec/marvell/wmsdk-2.13/libs/libdrv.a(mc200_driver.o)
                0x20000474                adc1IntCb
 .bss.i2c0IntCb
                0x20000488       0x30 /home/rec/marvell/wmsdk-2.13/libs/libdrv.a(mc200_driver.o)
                0x20000488                i2c0IntCb
 .bss.gpioIntCb
                0x200004b8      0x140 /home/rec/marvell/wmsdk-2.13/libs/libdrv.a(mc200_driver.o)
                0x200004b8                gpioIntCb
 .bss.gpt1IntCb
                0x200005f8       0x3c /home/rec/marvell/wmsdk-2.13/libs/libdrv.a(mc200_driver.o)
                0x200005f8                gpt1IntCb
 .bss.usbIntCb  0x20000634        0xc /home/rec/marvell/wmsdk-2.13/libs/libdrv.a(mc200_driver.o)
                0x20000634                usbIntCb
 .bss.dmaCh4IntCb
                0x20000640       0x14 /home/rec/marvell/wmsdk-2.13/libs/libdrv.a(mc200_driver.o)
                0x20000640                dmaCh4IntCb
 .bss.uart1IntCb
                0x20000654       0x18 /home/rec/marvell/wmsdk-2.13/libs/libdrv.a(mc200_driver.o)
                0x20000654                uart1IntCb
 .bss.aesIntCb  0x2000066c       0x20 /home/rec/marvell/wmsdk-2.13/libs/libdrv.a(mc200_driver.o)
                0x2000066c                aesIntCb
 .bss.rc32mIntCb
                0x2000068c        0x8 /home/rec/marvell/wmsdk-2.13/libs/libdrv.a(mc200_driver.o)
                0x2000068c                rc32mIntCb
 .bss.g_rst_cause
                0x20000694        0x4 /home/rec/marvell/wmsdk-2.13/libs/libutil.a(boot_flags.o)
                0x20000694                g_rst_cause
 .bss.g_boot_flags
                0x20000698        0x4 /home/rec/marvell/wmsdk-2.13/libs/libutil.a(boot_flags.o)
                0x20000698                g_boot_flags
 .bss.g_prev_version_fw
                0x2000069c        0x4 /home/rec/marvell/wmsdk-2.13/libs/libutil.a(boot_flags.o)
                0x2000069c                g_prev_version_fw
 .bss.app_thread_write
                0x200006a0        0x4 obj/main.o
 .bss.write_data
                0x200006a4       0x10 obj/main.o
                0x200006a4                write_data
 .bss.read_data
                0x200006b4       0x10 obj/main.o
                0x200006b4                read_data
 .bss.i2c1      0x200006c4        0x4 obj/main.o
                0x200006c4                i2c1
 .bss.app_thread_read
                0x200006c8        0x4 obj/main.o
 .bss.i2c_sem   0x200006cc        0x4 obj/main.o
                0x200006cc                i2c_sem
 .bss.i2cDmaCfg
                0x200006d0        0x8 /home/rec/marvell/wmsdk-2.13/libs/libdrv.a(mdev_i2c.o)
                0x200006d0                i2cDmaCfg
 .bss.mdev_i2c  0x200006d8       0x3c /home/rec/marvell/wmsdk-2.13/libs/libdrv.a(mdev_i2c.o)
 .bss.i2c_dma_rx_cb
                0x20000714        0xc /home/rec/marvell/wmsdk-2.13/libs/libdrv.a(mdev_i2c.o)
 .bss.i2c_mutex
                0x20000720        0xc /home/rec/marvell/wmsdk-2.13/libs/libdrv.a(mdev_i2c.o)
 .bss.i2cdev_priv_data_
                0x2000072c       0x78 /home/rec/marvell/wmsdk-2.13/libs/libdrv.a(mdev_i2c.o)
 .bss.i2c_dma_tx_sem
                0x200007a4        0xc /home/rec/marvell/wmsdk-2.13/libs/libdrv.a(mdev_i2c.o)
                0x200007a4                i2c_dma_tx_sem
 .bss.write_slave_sem
                0x200007b0        0xc /home/rec/marvell/wmsdk-2.13/libs/libdrv.a(mdev_i2c.o)
 .bss.tx_tout   0x200007bc        0xc /home/rec/marvell/wmsdk-2.13/libs/libdrv.a(mdev_i2c.o)
 .bss.i2c_read_irq_handler
                0x200007c8        0xc /home/rec/marvell/wmsdk-2.13/libs/libdrv.a(mdev_i2c.o)
 .bss.i2c_write_irq_handler
                0x200007d4        0xc /home/rec/marvell/wmsdk-2.13/libs/libdrv.a(mdev_i2c.o)
 .bss.i2cdev_clk_data
                0x200007e0       0x18 /home/rec/marvell/wmsdk-2.13/libs/libdrv.a(mdev_i2c.o)
 .bss.is_clkcnt_set
                0x200007f8        0x1 /home/rec/marvell/wmsdk-2.13/libs/libdrv.a(mdev_i2c.o)
 *fill*         0x200007f9        0x3 
 .bss.i2cFifoCfg
                0x200007fc        0x8 /home/rec/marvell/wmsdk-2.13/libs/libdrv.a(mdev_i2c.o)
                0x200007fc                i2cFifoCfg
 .bss.i2c_dma_rx_sem
                0x20000804        0xc /home/rec/marvell/wmsdk-2.13/libs/libdrv.a(mdev_i2c.o)
                0x20000804                i2c_dma_rx_sem
 .bss.i2c_dma_tx_cb
                0x20000810        0xc /home/rec/marvell/wmsdk-2.13/libs/libdrv.a(mdev_i2c.o)
 .bss.rx_tout   0x2000081c        0xc /home/rec/marvell/wmsdk-2.13/libs/libdrv.a(mdev_i2c.o)
 .bss.i2cdev_data
                0x20000828       0x24 /home/rec/marvell/wmsdk-2.13/libs/libdrv.a(mdev_i2c.o)
 .bss.uxTopReadyPriority
                0x2000084c        0x4 /home/rec/marvell/wmsdk-2.13/libs/libfreertos.a(tasks.o)
 .bss.uxTasksDeleted
                0x20000850        0x4 /home/rec/marvell/wmsdk-2.13/libs/libfreertos.a(tasks.o)
 .bss.xTickCount
                0x20000854        0x4 /home/rec/marvell/wmsdk-2.13/libs/libfreertos.a(tasks.o)
 .bss.pxReadyTasksLists
                0x20000858       0x64 /home/rec/marvell/wmsdk-2.13/libs/libfreertos.a(tasks.o)
 .bss.pxOverflowDelayedTaskList
                0x200008bc        0x4 /home/rec/marvell/wmsdk-2.13/libs/libfreertos.a(tasks.o)
 .bss.xTasksWaitingTermination
                0x200008c0       0x14 /home/rec/marvell/wmsdk-2.13/libs/libfreertos.a(tasks.o)
 .bss.xTracing  0x200008d4        0x4 /home/rec/marvell/wmsdk-2.13/libs/libfreertos.a(tasks.o)
 .bss.pxDelayedTaskList
                0x200008d8        0x4 /home/rec/marvell/wmsdk-2.13/libs/libfreertos.a(tasks.o)
 .bss.uxCurrentNumberOfTasks
                0x200008dc        0x4 /home/rec/marvell/wmsdk-2.13/libs/libfreertos.a(tasks.o)
 .bss.xPendingReadyList
                0x200008e0       0x14 /home/rec/marvell/wmsdk-2.13/libs/libfreertos.a(tasks.o)
 .bss.xSchedulerRunning
                0x200008f4        0x4 /home/rec/marvell/wmsdk-2.13/libs/libfreertos.a(tasks.o)
 .bss.xMissedYield
                0x200008f8        0x4 /home/rec/marvell/wmsdk-2.13/libs/libfreertos.a(tasks.o)
 .bss.uxTaskNumber
                0x200008fc        0x4 /home/rec/marvell/wmsdk-2.13/libs/libfreertos.a(tasks.o)
 .bss.pcTraceBuffer
                0x20000900        0x4 /home/rec/marvell/wmsdk-2.13/libs/libfreertos.a(tasks.o)
 .bss.pxCurrentTCB
                0x20000904        0x4 /home/rec/marvell/wmsdk-2.13/libs/libfreertos.a(tasks.o)
                0x20000904                pxCurrentTCB
 .bss.xSuspendedTaskList
                0x20000908       0x14 /home/rec/marvell/wmsdk-2.13/libs/libfreertos.a(tasks.o)
 .bss.xDelayedTaskList1
                0x2000091c       0x14 /home/rec/marvell/wmsdk-2.13/libs/libfreertos.a(tasks.o)
 .bss.xDelayedTaskList2
                0x20000930       0x14 /home/rec/marvell/wmsdk-2.13/libs/libfreertos.a(tasks.o)
 .bss.uxSchedulerSuspended
                0x20000944        0x4 /home/rec/marvell/wmsdk-2.13/libs/libfreertos.a(tasks.o)
 .bss.uxMissedTicks
                0x20000948        0x4 /home/rec/marvell/wmsdk-2.13/libs/libfreertos.a(tasks.o)
 .bss.pcTraceBufferEnd
                0x2000094c        0x4 /home/rec/marvell/wmsdk-2.13/libs/libfreertos.a(tasks.o)
 .bss.xNumOfOverflows
                0x20000950        0x4 /home/rec/marvell/wmsdk-2.13/libs/libfreertos.a(tasks.o)
 .bss.uxTopUsedPriority
                0x20000954        0x4 /home/rec/marvell/wmsdk-2.13/libs/libfreertos.a(tasks.o)
 .bss.pxCurrentTimerList
                0x20000958        0x4 /home/rec/marvell/wmsdk-2.13/libs/libfreertos.a(timers.o)
 .bss.xActiveTimerList1
                0x2000095c       0x14 /home/rec/marvell/wmsdk-2.13/libs/libfreertos.a(timers.o)
 .bss.xActiveTimerList2
                0x20000970       0x14 /home/rec/marvell/wmsdk-2.13/libs/libfreertos.a(timers.o)
 .bss.xLastTime.4315
                0x20000984        0x4 /home/rec/marvell/wmsdk-2.13/libs/libfreertos.a(timers.o)
 .bss.xTimerQueue
                0x20000988        0x4 /home/rec/marvell/wmsdk-2.13/libs/libfreertos.a(timers.o)
 .bss.pxOverflowTimerList
                0x2000098c        0x4 /home/rec/marvell/wmsdk-2.13/libs/libfreertos.a(timers.o)
 .bss.hI        0x20000990       0x18 /home/rec/marvell/wmsdk-2.13/libs/libfreertos.a(heap_4.o)
 .bss.lastHeapAddress
                0x200009a8        0x4 /home/rec/marvell/wmsdk-2.13/libs/libfreertos.a(heap_4.o)
 .bss.xFreeBytesRemaining
                0x200009ac        0x4 /home/rec/marvell/wmsdk-2.13/libs/libfreertos.a(heap_4.o)
 .bss.xStart    0x200009b0        0xc /home/rec/marvell/wmsdk-2.13/libs/libfreertos.a(heap_4.o)
 .bss.xHeapHasBeenInitialised.4929
                0x200009bc        0x4 /home/rec/marvell/wmsdk-2.13/libs/libfreertos.a(heap_4.o)
 .bss.startHeapAddress
                0x200009c0        0x4 /home/rec/marvell/wmsdk-2.13/libs/libfreertos.a(heap_4.o)
 .bss.configTOTAL_HEAP_SIZE
                0x200009c4        0x4 /home/rec/marvell/wmsdk-2.13/libs/libfreertos.a(heap_4.o)
 .bss.xEnd      0x200009c8        0xc /home/rec/marvell/wmsdk-2.13/libs/libfreertos.a(heap_4.o)
 *fill*         0x200009d4        0x4 
 .bss.xHeap     0x200009d8        0x8 /home/rec/marvell/wmsdk-2.13/libs/libfreertos.a(heap_4.o)
 .bss.pMdevList
                0x200009e0        0x4 /home/rec/marvell/wmsdk-2.13/libs/libmdev.a(mdev.o)
                0x200009e0                pMdevList
 .bss.g_os_tick_hooks
                0x200009e4       0x10 /home/rec/marvell/wmsdk-2.13/libs/libos.a(os.o)
                0x200009e4                g_os_tick_hooks
 .bss.g_sys_lock
                0x200009f4        0x4 /home/rec/marvell/wmsdk-2.13/libs/libos.a(os.o)
                0x200009f4                g_sys_lock
 .bss.g_os_idle_hooks
                0x200009f8       0x10 /home/rec/marvell/wmsdk-2.13/libs/libos.a(os.o)
                0x200009f8                g_os_idle_hooks
 .bss.init_done.9309
                0x20000a08        0x1 /home/rec/marvell/wmsdk-2.13/libs/libwmstdio.a(wmstdio.o)
 *fill*         0x20000a09        0x3 
 .bss.wmstdio_mutex
                0x20000a0c        0x4 /home/rec/marvell/wmsdk-2.13/libs/libwmstdio.a(wmstdio.o)
 .bss.empty_funcs
                0x20000a10       0x10 /home/rec/marvell/wmsdk-2.13/libs/libwmstdio.a(wmstdio.o)
                0x20000a10                empty_funcs
 .bss.wmstdio_msg_buf_
                0x20000a20       0x7f /home/rec/marvell/wmsdk-2.13/libs/libwmstdio.a(wmstdio.o)
 *fill*         0x20000a9f        0x1 
 .bss.mdev_uart_
                0x20000aa0        0x4 /home/rec/marvell/wmsdk-2.13/libs/libwmstdio.a(console.o)
 .bss.uart_block_read_sem
                0x20000aa4        0x8 /home/rec/marvell/wmsdk-2.13/libs/libdrv.a(mdev_uart.o)
 .bss.uart_block_dma_wr_sem
                0x20000aac        0x8 /home/rec/marvell/wmsdk-2.13/libs/libdrv.a(mdev_uart.o)
 .bss.read_dma  0x20000ab4       0x30 /home/rec/marvell/wmsdk-2.13/libs/libdrv.a(mdev_uart.o)
                0x20000ab4                read_dma
 .bss.uart_8bit_cb_p
                0x20000ae4        0x8 /home/rec/marvell/wmsdk-2.13/libs/libdrv.a(mdev_uart.o)
 .bss.uart_mutex
                0x20000aec        0x8 /home/rec/marvell/wmsdk-2.13/libs/libdrv.a(mdev_uart.o)
 .bss.uart_9bit_cb_p
                0x20000af4        0x8 /home/rec/marvell/wmsdk-2.13/libs/libdrv.a(mdev_uart.o)
 .bss.uart_dma_rd_cb_p
                0x20000afc        0x8 /home/rec/marvell/wmsdk-2.13/libs/libdrv.a(mdev_uart.o)
 .bss.uartdev_data
                0x20000b04       0x50 /home/rec/marvell/wmsdk-2.13/libs/libdrv.a(mdev_uart.o)
 .bss.mdev_uart
                0x20000b54       0x28 /home/rec/marvell/wmsdk-2.13/libs/libdrv.a(mdev_uart.o)
 .bss.uart_dma_wr_cb_p
                0x20000b7c        0x8 /home/rec/marvell/wmsdk-2.13/libs/libdrv.a(mdev_uart.o)
 .bss.ps_cb_list
                0x20000b84       0x78 /home/rec/marvell/wmsdk-2.13/libs/libpwrmgr.a(pwrmgr_generic.o)
 *(COMMON)
                0x20000bfc                _ebss = .

._main_stack    0x20000bfc      0x800
                0x20000bfc                . = ALIGN (0x4)
                0x200013fc                . = (. + _min_stack_size)
 *fill*         0x20000bfc      0x800 
                0x200013fc                . = ALIGN (0x4)

.nvram          0x480c0000       0x40
                0x480c0000                _nvram_start = .
                0x480c0040                . = (. + 0x40)
 *fill*         0x480c0000       0x40 
                0x480c0040                . = ALIGN (0x4)
                0x480c0040                _nvram_begin = .
 *(.nvram)
 *(.nvram.*)
                0x480c0040                _nvram_end = .
                0x480c0040                . = ALIGN (0x4)
 *(.nvram_uninit)
 *(.nvram_uninit.*)
OUTPUT(bin/i2c_master_demo.axf elf32-littlearm)

.debug_info     0x00000000    0x21fa8
 .debug_info    0x00000000     0x2d69 /home/rec/marvell/wmsdk-2.13/libs/libdrv.a(mc200_startup.o)
 .debug_info    0x00002d69     0x34f0 /home/rec/marvell/wmsdk-2.13/libs/libdrv.a(mc200_clock.o)
 .debug_info    0x00006259      0x578 /home/rec/marvell/wmsdk-2.13/libs/libdrv.a(mc200_driver.o)
 .debug_info    0x000067d1     0x3618 /home/rec/marvell/wmsdk-2.13/libs/libdrv.a(mc200_pmu.o)
 .debug_info    0x00009de9      0x149 /home/rec/marvell/wmsdk-2.13/libs/libutil.a(boot_flags.o)
 .debug_info    0x00009f32      0xae3 obj/main.o
 .debug_info    0x0000aa15      0xddc obj/board.o
 .debug_info    0x0000b7f1     0x37b6 /home/rec/marvell/wmsdk-2.13/libs/libdrv.a(mdev_i2c.o)
 .debug_info    0x0000efa7     0x206c /home/rec/marvell/wmsdk-2.13/libs/libdrv.a(mc200_dma.o)
 .debug_info    0x00011013      0xb0a /home/rec/marvell/wmsdk-2.13/libs/libdrv.a(mc200_gpio.o)
 .debug_info    0x00011b1d     0x1ea9 /home/rec/marvell/wmsdk-2.13/libs/libdrv.a(mc200_i2c.o)
 .debug_info    0x000139c6      0x6e3 /home/rec/marvell/wmsdk-2.13/libs/libdrv.a(mc200_pinmux.o)
 .debug_info    0x000140a9      0x92c /home/rec/marvell/wmsdk-2.13/libs/libfreertos.a(queue.o)
 .debug_info    0x000149d5     0x1447 /home/rec/marvell/wmsdk-2.13/libs/libfreertos.a(tasks.o)
 .debug_info    0x00015e1c      0x8a5 /home/rec/marvell/wmsdk-2.13/libs/libfreertos.a(timers.o)
 .debug_info    0x000166c1      0x1f8 /home/rec/marvell/wmsdk-2.13/libs/libfreertos.a(port.o)
 .debug_info    0x000168b9      0x55f /home/rec/marvell/wmsdk-2.13/libs/libfreertos.a(heap_4.o)
 .debug_info    0x00016e18      0x29f /home/rec/marvell/wmsdk-2.13/libs/libfreertos.a(list.o)
 .debug_info    0x000170b7      0x291 /home/rec/marvell/wmsdk-2.13/libs/libmdev.a(mdev.o)
 .debug_info    0x00017348     0x1361 /home/rec/marvell/wmsdk-2.13/libs/libos.a(os.o)
 .debug_info    0x000186a9      0x6b7 /home/rec/marvell/wmsdk-2.13/libs/libwmstdio.a(wmstdio.o)
 .debug_info    0x00018d60      0x328 /home/rec/marvell/wmsdk-2.13/libs/libwmstdio.a(console.o)
 .debug_info    0x00019088       0xca /home/rec/marvell/wmsdk-2.13/libs/libc.a(memcmp.o)
 .debug_info    0x00019152       0xef /home/rec/marvell/wmsdk-2.13/libs/libc.a(snprintf.o)
 .debug_info    0x00019241      0x4d3 /home/rec/marvell/wmsdk-2.13/libs/libc.a(vsnprintf.o)
 .debug_info    0x00019714       0xc8 /home/rec/marvell/wmsdk-2.13/libs/libc.a(strcmp.o)
 .debug_info    0x000197dc       0xcc /home/rec/marvell/wmsdk-2.13/libs/libc.a(strncpy.o)
 .debug_info    0x000198a8       0x8d /home/rec/marvell/wmsdk-2.13/libs/libc.a(strlen.o)
 .debug_info    0x00019935     0x2656 /home/rec/marvell/wmsdk-2.13/libs/libdrv.a(mdev_uart.o)
 .debug_info    0x0001bf8b     0x1f58 /home/rec/marvell/wmsdk-2.13/libs/libdrv.a(mc200_uart.o)
 .debug_info    0x0001dee3      0x8e4 /home/rec/marvell/wmsdk-2.13/libs/libpwrmgr.a(pwrmgr_generic.o)
 .debug_info    0x0001e7c7      0x829 /home/rec/marvell/wmsdk-2.13/libs/libdrv.a(mc200_rtc.o)
 .debug_info    0x0001eff0     0x13de /home/rec/marvell/wmsdk-2.13/libs/libdrv.a(mc200_qspi1.o)
 .debug_info    0x000203ce     0x1bda /home/rec/marvell/wmsdk-2.13/libs/libdrv.a(mc200_gpt.o)

.debug_abbrev   0x00000000     0x47f5
 .debug_abbrev  0x00000000      0x2b1 /home/rec/marvell/wmsdk-2.13/libs/libdrv.a(mc200_startup.o)
 .debug_abbrev  0x000002b1      0x319 /home/rec/marvell/wmsdk-2.13/libs/libdrv.a(mc200_clock.o)
 .debug_abbrev  0x000005ca       0xc0 /home/rec/marvell/wmsdk-2.13/libs/libdrv.a(mc200_driver.o)
 .debug_abbrev  0x0000068a      0x2ec /home/rec/marvell/wmsdk-2.13/libs/libdrv.a(mc200_pmu.o)
 .debug_abbrev  0x00000976       0xce /home/rec/marvell/wmsdk-2.13/libs/libutil.a(boot_flags.o)
 .debug_abbrev  0x00000a44      0x2d3 obj/main.o
 .debug_abbrev  0x00000d17      0x20b obj/board.o
 .debug_abbrev  0x00000f22      0x4b3 /home/rec/marvell/wmsdk-2.13/libs/libdrv.a(mdev_i2c.o)
 .debug_abbrev  0x000013d5      0x2d7 /home/rec/marvell/wmsdk-2.13/libs/libdrv.a(mc200_dma.o)
 .debug_abbrev  0x000016ac      0x1a1 /home/rec/marvell/wmsdk-2.13/libs/libdrv.a(mc200_gpio.o)
 .debug_abbrev  0x0000184d      0x290 /home/rec/marvell/wmsdk-2.13/libs/libdrv.a(mc200_i2c.o)
 .debug_abbrev  0x00001add      0x115 /home/rec/marvell/wmsdk-2.13/libs/libdrv.a(mc200_pinmux.o)
 .debug_abbrev  0x00001bf2      0x1c4 /home/rec/marvell/wmsdk-2.13/libs/libfreertos.a(queue.o)
 .debug_abbrev  0x00001db6      0x2f1 /home/rec/marvell/wmsdk-2.13/libs/libfreertos.a(tasks.o)
 .debug_abbrev  0x000020a7      0x228 /home/rec/marvell/wmsdk-2.13/libs/libfreertos.a(timers.o)
 .debug_abbrev  0x000022cf      0x148 /home/rec/marvell/wmsdk-2.13/libs/libfreertos.a(port.o)
 .debug_abbrev  0x00002417      0x29d /home/rec/marvell/wmsdk-2.13/libs/libfreertos.a(heap_4.o)
 .debug_abbrev  0x000026b4       0xcf /home/rec/marvell/wmsdk-2.13/libs/libfreertos.a(list.o)
 .debug_abbrev  0x00002783      0x13a /home/rec/marvell/wmsdk-2.13/libs/libmdev.a(mdev.o)
 .debug_abbrev  0x000028bd      0x428 /home/rec/marvell/wmsdk-2.13/libs/libos.a(os.o)
 .debug_abbrev  0x00002ce5      0x297 /home/rec/marvell/wmsdk-2.13/libs/libwmstdio.a(wmstdio.o)
 .debug_abbrev  0x00002f7c      0x15a /home/rec/marvell/wmsdk-2.13/libs/libwmstdio.a(console.o)
 .debug_abbrev  0x000030d6       0x94 /home/rec/marvell/wmsdk-2.13/libs/libc.a(memcmp.o)
 .debug_abbrev  0x0000316a       0xc6 /home/rec/marvell/wmsdk-2.13/libs/libc.a(snprintf.o)
 .debug_abbrev  0x00003230      0x1b3 /home/rec/marvell/wmsdk-2.13/libs/libc.a(vsnprintf.o)
 .debug_abbrev  0x000033e3       0x82 /home/rec/marvell/wmsdk-2.13/libs/libc.a(strcmp.o)
 .debug_abbrev  0x00003465       0x80 /home/rec/marvell/wmsdk-2.13/libs/libc.a(strncpy.o)
 .debug_abbrev  0x000034e5       0x80 /home/rec/marvell/wmsdk-2.13/libs/libc.a(strlen.o)
 .debug_abbrev  0x00003565      0x4e3 /home/rec/marvell/wmsdk-2.13/libs/libdrv.a(mdev_uart.o)
 .debug_abbrev  0x00003a48      0x363 /home/rec/marvell/wmsdk-2.13/libs/libdrv.a(mc200_uart.o)
 .debug_abbrev  0x00003dab      0x2af /home/rec/marvell/wmsdk-2.13/libs/libpwrmgr.a(pwrmgr_generic.o)
 .debug_abbrev  0x0000405a      0x1fd /home/rec/marvell/wmsdk-2.13/libs/libdrv.a(mc200_rtc.o)
 .debug_abbrev  0x00004257      0x225 /home/rec/marvell/wmsdk-2.13/libs/libdrv.a(mc200_qspi1.o)
 .debug_abbrev  0x0000447c      0x379 /home/rec/marvell/wmsdk-2.13/libs/libdrv.a(mc200_gpt.o)

.debug_loc      0x00000000     0xb610
 .debug_loc     0x00000000       0x8f /home/rec/marvell/wmsdk-2.13/libs/libdrv.a(mc200_startup.o)
 .debug_loc     0x0000008f      0x913 /home/rec/marvell/wmsdk-2.13/libs/libdrv.a(mc200_clock.o)
 .debug_loc     0x000009a2      0x194 /home/rec/marvell/wmsdk-2.13/libs/libdrv.a(mc200_pmu.o)
 .debug_loc     0x00000b36       0x3e /home/rec/marvell/wmsdk-2.13/libs/libutil.a(boot_flags.o)
 .debug_loc     0x00000b74      0x14c obj/main.o
 .debug_loc     0x00000cc0      0x1a3 obj/board.o
 .debug_loc     0x00000e63     0x1393 /home/rec/marvell/wmsdk-2.13/libs/libdrv.a(mdev_i2c.o)
 .debug_loc     0x000021f6      0x5fb /home/rec/marvell/wmsdk-2.13/libs/libdrv.a(mc200_dma.o)
 .debug_loc     0x000027f1      0x1fb /home/rec/marvell/wmsdk-2.13/libs/libdrv.a(mc200_gpio.o)
 .debug_loc     0x000029ec      0xd31 /home/rec/marvell/wmsdk-2.13/libs/libdrv.a(mc200_i2c.o)
 .debug_loc     0x0000371d       0x8b /home/rec/marvell/wmsdk-2.13/libs/libdrv.a(mc200_pinmux.o)
 .debug_loc     0x000037a8      0x941 /home/rec/marvell/wmsdk-2.13/libs/libfreertos.a(queue.o)
 .debug_loc     0x000040e9     0x1201 /home/rec/marvell/wmsdk-2.13/libs/libfreertos.a(tasks.o)
 .debug_loc     0x000052ea      0x62f /home/rec/marvell/wmsdk-2.13/libs/libfreertos.a(timers.o)
 .debug_loc     0x00005919       0x87 /home/rec/marvell/wmsdk-2.13/libs/libfreertos.a(port.o)
 .debug_loc     0x000059a0      0x41d /home/rec/marvell/wmsdk-2.13/libs/libfreertos.a(heap_4.o)
 .debug_loc     0x00005dbd       0x40 /home/rec/marvell/wmsdk-2.13/libs/libfreertos.a(list.o)
 .debug_loc     0x00005dfd      0x1b8 /home/rec/marvell/wmsdk-2.13/libs/libmdev.a(mdev.o)
 .debug_loc     0x00005fb5      0xe6f /home/rec/marvell/wmsdk-2.13/libs/libos.a(os.o)
 .debug_loc     0x00006e24      0x281 /home/rec/marvell/wmsdk-2.13/libs/libwmstdio.a(wmstdio.o)
 .debug_loc     0x000070a5      0x147 /home/rec/marvell/wmsdk-2.13/libs/libwmstdio.a(console.o)
 .debug_loc     0x000071ec       0xbd /home/rec/marvell/wmsdk-2.13/libs/libc.a(memcmp.o)
 .debug_loc     0x000072a9       0x52 /home/rec/marvell/wmsdk-2.13/libs/libc.a(snprintf.o)
 .debug_loc     0x000072fb      0xd8f /home/rec/marvell/wmsdk-2.13/libs/libc.a(vsnprintf.o)
 .debug_loc     0x0000808a       0x55 /home/rec/marvell/wmsdk-2.13/libs/libc.a(strcmp.o)
 .debug_loc     0x000080df       0x8a /home/rec/marvell/wmsdk-2.13/libs/libc.a(strncpy.o)
 .debug_loc     0x00008169       0x3c /home/rec/marvell/wmsdk-2.13/libs/libc.a(strlen.o)
 .debug_loc     0x000081a5     0x122d /home/rec/marvell/wmsdk-2.13/libs/libdrv.a(mdev_uart.o)
 .debug_loc     0x000093d2     0x103d /home/rec/marvell/wmsdk-2.13/libs/libdrv.a(mc200_uart.o)
 .debug_loc     0x0000a40f      0x474 /home/rec/marvell/wmsdk-2.13/libs/libpwrmgr.a(pwrmgr_generic.o)
 .debug_loc     0x0000a883       0x7f /home/rec/marvell/wmsdk-2.13/libs/libdrv.a(mc200_rtc.o)
 .debug_loc     0x0000a902      0x495 /home/rec/marvell/wmsdk-2.13/libs/libdrv.a(mc200_qspi1.o)
 .debug_loc     0x0000ad97      0x879 /home/rec/marvell/wmsdk-2.13/libs/libdrv.a(mc200_gpt.o)

.debug_aranges  0x00000000     0x13a0
 .debug_aranges
                0x00000000       0x48 /home/rec/marvell/wmsdk-2.13/libs/libdrv.a(mc200_startup.o)
 .debug_aranges
                0x00000048      0x140 /home/rec/marvell/wmsdk-2.13/libs/libdrv.a(mc200_clock.o)
 .debug_aranges
                0x00000188       0x20 /home/rec/marvell/wmsdk-2.13/libs/libdrv.a(mc200_driver.o)
 .debug_aranges
                0x000001a8      0x110 /home/rec/marvell/wmsdk-2.13/libs/libdrv.a(mc200_pmu.o)
 .debug_aranges
                0x000002b8       0x20 /home/rec/marvell/wmsdk-2.13/libs/libutil.a(boot_flags.o)
 .debug_aranges
                0x000002d8       0x30 obj/main.o
 .debug_aranges
                0x00000308      0x130 obj/board.o
 .debug_aranges
                0x00000438      0x148 /home/rec/marvell/wmsdk-2.13/libs/libdrv.a(mdev_i2c.o)
 .debug_aranges
                0x00000580       0xa8 /home/rec/marvell/wmsdk-2.13/libs/libdrv.a(mc200_dma.o)
 .debug_aranges
                0x00000628       0x58 /home/rec/marvell/wmsdk-2.13/libs/libdrv.a(mc200_gpio.o)
 .debug_aranges
                0x00000680       0xe8 /home/rec/marvell/wmsdk-2.13/libs/libdrv.a(mc200_i2c.o)
 .debug_aranges
                0x00000768       0x48 /home/rec/marvell/wmsdk-2.13/libs/libdrv.a(mc200_pinmux.o)
 .debug_aranges
                0x000007b0       0xb0 /home/rec/marvell/wmsdk-2.13/libs/libfreertos.a(queue.o)
 .debug_aranges
                0x00000860      0x168 /home/rec/marvell/wmsdk-2.13/libs/libfreertos.a(tasks.o)
 .debug_aranges
                0x000009c8       0x60 /home/rec/marvell/wmsdk-2.13/libs/libfreertos.a(timers.o)
 .debug_aranges
                0x00000a28       0x68 /home/rec/marvell/wmsdk-2.13/libs/libfreertos.a(port.o)
 .debug_aranges
                0x00000a90       0x68 /home/rec/marvell/wmsdk-2.13/libs/libfreertos.a(heap_4.o)
 .debug_aranges
                0x00000af8       0x40 /home/rec/marvell/wmsdk-2.13/libs/libfreertos.a(list.o)
 .debug_aranges
                0x00000b38       0x40 /home/rec/marvell/wmsdk-2.13/libs/libmdev.a(mdev.o)
 .debug_aranges
                0x00000b78      0x138 /home/rec/marvell/wmsdk-2.13/libs/libos.a(os.o)
 .debug_aranges
                0x00000cb0       0x60 /home/rec/marvell/wmsdk-2.13/libs/libwmstdio.a(wmstdio.o)
 .debug_aranges
                0x00000d10       0x48 /home/rec/marvell/wmsdk-2.13/libs/libwmstdio.a(console.o)
 .debug_aranges
                0x00000d58       0x20 /home/rec/marvell/wmsdk-2.13/libs/libc.a(memcmp.o)
 .debug_aranges
                0x00000d78       0x20 /home/rec/marvell/wmsdk-2.13/libs/libc.a(snprintf.o)
 .debug_aranges
                0x00000d98       0x20 /home/rec/marvell/wmsdk-2.13/libs/libc.a(vsnprintf.o)
 .debug_aranges
                0x00000db8       0x20 /home/rec/marvell/wmsdk-2.13/libs/libc.a(strcmp.o)
 .debug_aranges
                0x00000dd8       0x20 /home/rec/marvell/wmsdk-2.13/libs/libc.a(strncpy.o)
 .debug_aranges
                0x00000df8       0x20 /home/rec/marvell/wmsdk-2.13/libs/libc.a(strlen.o)
 .debug_aranges
                0x00000e18      0x180 /home/rec/marvell/wmsdk-2.13/libs/libdrv.a(mdev_uart.o)
 .debug_aranges
                0x00000f98      0x118 /home/rec/marvell/wmsdk-2.13/libs/libdrv.a(mc200_uart.o)
 .debug_aranges
                0x000010b0       0x98 /home/rec/marvell/wmsdk-2.13/libs/libpwrmgr.a(pwrmgr_generic.o)
 .debug_aranges
                0x00001148       0x78 /home/rec/marvell/wmsdk-2.13/libs/libdrv.a(mc200_rtc.o)
 .debug_aranges
                0x000011c0       0xf0 /home/rec/marvell/wmsdk-2.13/libs/libdrv.a(mc200_qspi1.o)
 .debug_aranges
                0x000012b0       0xf0 /home/rec/marvell/wmsdk-2.13/libs/libdrv.a(mc200_gpt.o)

.debug_ranges   0x00000000     0x1920
 .debug_ranges  0x00000000       0x38 /home/rec/marvell/wmsdk-2.13/libs/libdrv.a(mc200_startup.o)
 .debug_ranges  0x00000038      0x130 /home/rec/marvell/wmsdk-2.13/libs/libdrv.a(mc200_clock.o)
 .debug_ranges  0x00000168       0x10 /home/rec/marvell/wmsdk-2.13/libs/libdrv.a(mc200_driver.o)
 .debug_ranges  0x00000178      0x100 /home/rec/marvell/wmsdk-2.13/libs/libdrv.a(mc200_pmu.o)
 .debug_ranges  0x00000278       0x10 /home/rec/marvell/wmsdk-2.13/libs/libutil.a(boot_flags.o)
 .debug_ranges  0x00000288       0x38 obj/main.o
 .debug_ranges  0x000002c0      0x120 obj/board.o
 .debug_ranges  0x000003e0      0x328 /home/rec/marvell/wmsdk-2.13/libs/libdrv.a(mdev_i2c.o)
 .debug_ranges  0x00000708       0x98 /home/rec/marvell/wmsdk-2.13/libs/libdrv.a(mc200_dma.o)
 .debug_ranges  0x000007a0       0x48 /home/rec/marvell/wmsdk-2.13/libs/libdrv.a(mc200_gpio.o)
 .debug_ranges  0x000007e8       0xd8 /home/rec/marvell/wmsdk-2.13/libs/libdrv.a(mc200_i2c.o)
 .debug_ranges  0x000008c0       0x38 /home/rec/marvell/wmsdk-2.13/libs/libdrv.a(mc200_pinmux.o)
 .debug_ranges  0x000008f8       0xa0 /home/rec/marvell/wmsdk-2.13/libs/libfreertos.a(queue.o)
 .debug_ranges  0x00000998      0x3c8 /home/rec/marvell/wmsdk-2.13/libs/libfreertos.a(tasks.o)
 .debug_ranges  0x00000d60      0x170 /home/rec/marvell/wmsdk-2.13/libs/libfreertos.a(timers.o)
 .debug_ranges  0x00000ed0       0x98 /home/rec/marvell/wmsdk-2.13/libs/libfreertos.a(port.o)
 .debug_ranges  0x00000f68       0xa0 /home/rec/marvell/wmsdk-2.13/libs/libfreertos.a(heap_4.o)
 .debug_ranges  0x00001008       0x30 /home/rec/marvell/wmsdk-2.13/libs/libfreertos.a(list.o)
 .debug_ranges  0x00001038       0x30 /home/rec/marvell/wmsdk-2.13/libs/libmdev.a(mdev.o)
 .debug_ranges  0x00001068      0x128 /home/rec/marvell/wmsdk-2.13/libs/libos.a(os.o)
 .debug_ranges  0x00001190       0x68 /home/rec/marvell/wmsdk-2.13/libs/libwmstdio.a(wmstdio.o)
 .debug_ranges  0x000011f8       0x38 /home/rec/marvell/wmsdk-2.13/libs/libwmstdio.a(console.o)
 .debug_ranges  0x00001230       0x10 /home/rec/marvell/wmsdk-2.13/libs/libc.a(memcmp.o)
 .debug_ranges  0x00001240       0x10 /home/rec/marvell/wmsdk-2.13/libs/libc.a(snprintf.o)
 .debug_ranges  0x00001250       0x60 /home/rec/marvell/wmsdk-2.13/libs/libc.a(vsnprintf.o)
 .debug_ranges  0x000012b0       0x10 /home/rec/marvell/wmsdk-2.13/libs/libc.a(strcmp.o)
 .debug_ranges  0x000012c0       0x10 /home/rec/marvell/wmsdk-2.13/libs/libc.a(strncpy.o)
 .debug_ranges  0x000012d0       0x10 /home/rec/marvell/wmsdk-2.13/libs/libc.a(strlen.o)
 .debug_ranges  0x000012e0      0x240 /home/rec/marvell/wmsdk-2.13/libs/libdrv.a(mdev_uart.o)
 .debug_ranges  0x00001520      0x138 /home/rec/marvell/wmsdk-2.13/libs/libdrv.a(mc200_uart.o)
 .debug_ranges  0x00001658       0xa0 /home/rec/marvell/wmsdk-2.13/libs/libpwrmgr.a(pwrmgr_generic.o)
 .debug_ranges  0x000016f8       0x68 /home/rec/marvell/wmsdk-2.13/libs/libdrv.a(mc200_rtc.o)
 .debug_ranges  0x00001760       0xe0 /home/rec/marvell/wmsdk-2.13/libs/libdrv.a(mc200_qspi1.o)
 .debug_ranges  0x00001840       0xe0 /home/rec/marvell/wmsdk-2.13/libs/libdrv.a(mc200_gpt.o)

.debug_line     0x00000000     0x75ef
 .debug_line    0x00000000      0x329 /home/rec/marvell/wmsdk-2.13/libs/libdrv.a(mc200_startup.o)
 .debug_line    0x00000329      0x642 /home/rec/marvell/wmsdk-2.13/libs/libdrv.a(mc200_clock.o)
 .debug_line    0x0000096b      0x123 /home/rec/marvell/wmsdk-2.13/libs/libdrv.a(mc200_driver.o)
 .debug_line    0x00000a8e      0x4ab /home/rec/marvell/wmsdk-2.13/libs/libdrv.a(mc200_pmu.o)
 .debug_line    0x00000f39      0x190 /home/rec/marvell/wmsdk-2.13/libs/libutil.a(boot_flags.o)
 .debug_line    0x000010c9      0x2cd obj/main.o
 .debug_line    0x00001396      0x417 obj/board.o
 .debug_line    0x000017ad      0x9b1 /home/rec/marvell/wmsdk-2.13/libs/libdrv.a(mdev_i2c.o)
 .debug_line    0x0000215e      0x3e8 /home/rec/marvell/wmsdk-2.13/libs/libdrv.a(mc200_dma.o)
 .debug_line    0x00002546      0x249 /home/rec/marvell/wmsdk-2.13/libs/libdrv.a(mc200_gpio.o)
 .debug_line    0x0000278f      0x45f /home/rec/marvell/wmsdk-2.13/libs/libdrv.a(mc200_i2c.o)
 .debug_line    0x00002bee      0x227 /home/rec/marvell/wmsdk-2.13/libs/libdrv.a(mc200_pinmux.o)
 .debug_line    0x00002e15      0x443 /home/rec/marvell/wmsdk-2.13/libs/libfreertos.a(queue.o)
 .debug_line    0x00003258      0x87f /home/rec/marvell/wmsdk-2.13/libs/libfreertos.a(tasks.o)
 .debug_line    0x00003ad7      0x216 /home/rec/marvell/wmsdk-2.13/libs/libfreertos.a(timers.o)
 .debug_line    0x00003ced      0x14d /home/rec/marvell/wmsdk-2.13/libs/libfreertos.a(port.o)
 .debug_line    0x00003e3a      0x2c5 /home/rec/marvell/wmsdk-2.13/libs/libfreertos.a(heap_4.o)
 .debug_line    0x000040ff      0x10b /home/rec/marvell/wmsdk-2.13/libs/libfreertos.a(list.o)
 .debug_line    0x0000420a      0x24e /home/rec/marvell/wmsdk-2.13/libs/libmdev.a(mdev.o)
 .debug_line    0x00004458      0x72d /home/rec/marvell/wmsdk-2.13/libs/libos.a(os.o)
 .debug_line    0x00004b85      0x3de /home/rec/marvell/wmsdk-2.13/libs/libwmstdio.a(wmstdio.o)
 .debug_line    0x00004f63      0x1de /home/rec/marvell/wmsdk-2.13/libs/libwmstdio.a(console.o)
 .debug_line    0x00005141       0x9f /home/rec/marvell/wmsdk-2.13/libs/libc.a(memcmp.o)
 .debug_line    0x000051e0       0xfb /home/rec/marvell/wmsdk-2.13/libs/libc.a(snprintf.o)
 .debug_line    0x000052db      0x2b7 /home/rec/marvell/wmsdk-2.13/libs/libc.a(vsnprintf.o)
 .debug_line    0x00005592       0x41 /home/rec/marvell/wmsdk-2.13/libs/libc.a(strcmp.o)
 .debug_line    0x000055d3       0xa0 /home/rec/marvell/wmsdk-2.13/libs/libc.a(strncpy.o)
 .debug_line    0x00005673       0x99 /home/rec/marvell/wmsdk-2.13/libs/libc.a(strlen.o)
 .debug_line    0x0000570c      0x9e1 /home/rec/marvell/wmsdk-2.13/libs/libdrv.a(mdev_uart.o)
 .debug_line    0x000060ed      0x593 /home/rec/marvell/wmsdk-2.13/libs/libdrv.a(mc200_uart.o)
 .debug_line    0x00006680      0x465 /home/rec/marvell/wmsdk-2.13/libs/libpwrmgr.a(pwrmgr_generic.o)
 .debug_line    0x00006ae5      0x280 /home/rec/marvell/wmsdk-2.13/libs/libdrv.a(mc200_rtc.o)
 .debug_line    0x00006d65      0x437 /home/rec/marvell/wmsdk-2.13/libs/libdrv.a(mc200_qspi1.o)
 .debug_line    0x0000719c      0x453 /home/rec/marvell/wmsdk-2.13/libs/libdrv.a(mc200_gpt.o)

.debug_str      0x00000000     0xb58c
 .debug_str     0x00000000     0x1766 /home/rec/marvell/wmsdk-2.13/libs/libdrv.a(mc200_startup.o)
                               0x1856 (size before relaxing)
 .debug_str     0x00001766      0x8e4 /home/rec/marvell/wmsdk-2.13/libs/libdrv.a(mc200_clock.o)
                               0x1eec (size before relaxing)
 .debug_str     0x0000204a      0x1ec /home/rec/marvell/wmsdk-2.13/libs/libdrv.a(mc200_driver.o)
                                0x47a (size before relaxing)
 .debug_str     0x00002236     0x14a1 /home/rec/marvell/wmsdk-2.13/libs/libdrv.a(mc200_pmu.o)
                               0x2af7 (size before relaxing)
 .debug_str     0x000036d7       0x7e /home/rec/marvell/wmsdk-2.13/libs/libutil.a(boot_flags.o)
                                0x19c (size before relaxing)
 .debug_str     0x00003755      0x571 obj/main.o
                                0x691 (size before relaxing)
 .debug_str     0x00003cc6      0x3f3 obj/board.o
                                0xb2b (size before relaxing)
 .debug_str     0x000040b9     0x15a7 /home/rec/marvell/wmsdk-2.13/libs/libdrv.a(mdev_i2c.o)
                               0x22d2 (size before relaxing)
 .debug_str     0x00005660      0x9a6 /home/rec/marvell/wmsdk-2.13/libs/libdrv.a(mc200_dma.o)
                               0x14fe (size before relaxing)
 .debug_str     0x00006006      0x13b /home/rec/marvell/wmsdk-2.13/libs/libdrv.a(mc200_gpio.o)
                                0x71a (size before relaxing)
 .debug_str     0x00006141      0x375 /home/rec/marvell/wmsdk-2.13/libs/libdrv.a(mc200_i2c.o)
                                0xfe1 (size before relaxing)
 .debug_str     0x000064b6      0x1b8 /home/rec/marvell/wmsdk-2.13/libs/libdrv.a(mc200_pinmux.o)
                                0x621 (size before relaxing)
 .debug_str     0x0000666e      0x452 /home/rec/marvell/wmsdk-2.13/libs/libfreertos.a(queue.o)
                                0x57e (size before relaxing)
 .debug_str     0x00006ac0      0x903 /home/rec/marvell/wmsdk-2.13/libs/libfreertos.a(tasks.o)
                                0xb29 (size before relaxing)
 .debug_str     0x000073c3      0x335 /home/rec/marvell/wmsdk-2.13/libs/libfreertos.a(timers.o)
                                0x4f5 (size before relaxing)
 .debug_str     0x000076f8      0x115 /home/rec/marvell/wmsdk-2.13/libs/libfreertos.a(port.o)
                                0x210 (size before relaxing)
 .debug_str     0x0000780d      0x309 /home/rec/marvell/wmsdk-2.13/libs/libfreertos.a(heap_4.o)
                                0x40a (size before relaxing)
 .debug_str     0x00007b16       0x8f /home/rec/marvell/wmsdk-2.13/libs/libfreertos.a(list.o)
                                0x228 (size before relaxing)
 .debug_str     0x00007ba5       0xbc /home/rec/marvell/wmsdk-2.13/libs/libmdev.a(mdev.o)
                                0x202 (size before relaxing)