Archive member included because of file (symbol)

/home/rec/marvell/wmsdk-2.13/libs/libdrv.a(mc200_startup.o)
                              (Reset_IRQHandler)
/home/rec/marvell/wmsdk-2.13/libs/libdrv.a(mc200_clock.o)
                              /home/rec/marvell/wmsdk-2.13/libs/libdrv.a(mc200_startup.o) (CLK_ModuleClkDivider)
/home/rec/marvell/wmsdk-2.13/libs/libdrv.a(mc200_driver.o)
                              /home/rec/marvell/wmsdk-2.13/libs/libdrv.a(mc200_clock.o) (intCbfArra)
/home/rec/marvell/wmsdk-2.13/libs/libdrv.a(mc200_pmu.o)
                              /home/rec/marvell/wmsdk-2.13/libs/libdrv.a(mc200_startup.o) (PMU_PowerOnVDDIO)
/home/rec/marvell/wmsdk-2.13/libs/libutil.a(boot_flags.o)
                              /home/rec/marvell/wmsdk-2.13/libs/libdrv.a(mc200_startup.o) (boot_init)
/home/rec/marvell/wmsdk-2.13/libs/libapp_framework.a(app_main.o)
                              obj/main.o (app_framework_start)
/home/rec/marvell/wmsdk-2.13/libs/libapp_framework.a(app_network_config.o)
                              obj/main.o (app_network_ip_get)
/home/rec/marvell/wmsdk-2.13/libs/libapp_framework.a(app_provisioning.o)
                              obj/main.o (app_provisioning_start)
/home/rec/marvell/wmsdk-2.13/libs/libapp_framework.a(app_network_mgr.o)
                              obj/main.o (app_uap_stop)
/home/rec/marvell/wmsdk-2.13/libs/libapp_framework.a(app_ctrl.o)
                              /home/rec/marvell/wmsdk-2.13/libs/libapp_framework.a(app_provisioning.o) (app_ctrl_notify_event)
/home/rec/marvell/wmsdk-2.13/libs/libapp_framework.a(app_sys_http_handlers.o)
                              /home/rec/marvell/wmsdk-2.13/libs/libapp_framework.a(app_network_mgr.o) (app_sys_network_set_cb)
/home/rec/marvell/wmsdk-2.13/libs/libapp_framework.a(app_psm.o)
                              /home/rec/marvell/wmsdk-2.13/libs/libapp_framework.a(app_ctrl.o) (app_psm_init)
/home/rec/marvell/wmsdk-2.13/libs/libapp_framework.a(app_reboot.o)
                              obj/wmcloud_helper.o (app_reboot)
/home/rec/marvell/wmsdk-2.13/libs/libapp_framework.a(app_mdns_services.o)
                              obj/main.o (app_mdns_start)
/home/rec/marvell/wmsdk-2.13/libs/libapp_framework.a(app_httpd.o)
                              obj/main.o (app_httpd_with_fs_start)
/home/rec/marvell/wmsdk-2.13/libs/libapp_framework.a(app_fs.o)
                              /home/rec/marvell/wmsdk-2.13/libs/libapp_framework.a(app_httpd.o) (app_fs_init)
/home/rec/marvell/wmsdk-2.13/libs/libarch.a(pwrmgr.o)
                              obj/main.o (pm_mc200_cli_init)
/home/rec/marvell/wmsdk-2.13/libs/libarch.a(wm_wlan.o)
                              /home/rec/marvell/wmsdk-2.13/libs/libapp_framework.a(app_main.o) (wm_wlan_init)
/home/rec/marvell/wmsdk-2.13/libs/libc.a(atoi.o)
                              /home/rec/marvell/wmsdk-2.13/libs/libapp_framework.a(app_network_config.o) (atoi)
/home/rec/marvell/wmsdk-2.13/libs/libc.a(bzero.o)
                              /home/rec/marvell/wmsdk-2.13/libs/libapp_framework.a(app_network_mgr.o) (bzero)
/home/rec/marvell/wmsdk-2.13/libs/libc.a(snprintf.o)
                              obj/main.o (snprintf)
/home/rec/marvell/wmsdk-2.13/libs/libc.a(sprintf.o)
                              /home/rec/marvell/wmsdk-2.13/libs/libapp_framework.a(app_sys_http_handlers.o) (sprintf)
/home/rec/marvell/wmsdk-2.13/libs/libc.a(vsnprintf.o)
                              /home/rec/marvell/wmsdk-2.13/libs/libc.a(snprintf.o) (vsnprintf)
/home/rec/marvell/wmsdk-2.13/libs/libc.a(strcmp.o)
                              /home/rec/marvell/wmsdk-2.13/libs/libapp_framework.a(app_network_config.o) (strcmp)
/home/rec/marvell/wmsdk-2.13/libs/libc.a(strncmp.o)
                              obj/wmcloud.o (strncmp)
/home/rec/marvell/wmsdk-2.13/libs/libc.a(strcasecmp.o)
                              /home/rec/marvell/wmsdk-2.13/libs/libapp_framework.a(app_network_config.o) (strcasecmp)
/home/rec/marvell/wmsdk-2.13/libs/libc.a(strcpy.o)
                              obj/main.o (strcpy)
/home/rec/marvell/wmsdk-2.13/libs/libc.a(strncpy.o)
                              obj/wmcloud.o (strncpy)
/home/rec/marvell/wmsdk-2.13/libs/libc.a(strcat.o)
                              obj/main.o (strcat)
/home/rec/marvell/wmsdk-2.13/libs/libc.a(strlen.o)
                              obj/main.o (strlen)
/home/rec/marvell/wmsdk-2.13/libs/libc.a(strchr.o)
                              /home/rec/marvell/wmsdk-2.13/libs/libc.a(strcat.o) (strchr)
/home/rec/marvell/wmsdk-2.13/libs/libc.a(strntoumax.o)
                              /home/rec/marvell/wmsdk-2.13/libs/libc.a(atoi.o) (strntoumax)
/home/rec/marvell/wmsdk-2.13/libs/libc.a(ctypes.o)
                              obj/wmcloud.o (__ctypes)
/home/rec/marvell/wmsdk-2.13/libs/libcli.a(cli.o)
                              /home/rec/marvell/wmsdk-2.13/libs/libarch.a(pwrmgr.o) (cli_register_command)
/home/rec/marvell/wmsdk-2.13/libs/libcli.a(cli_utils.o)
[...]
Memory Configuration

Name             Origin             Length             Attributes
SRAM0            0x00100000         0x00060000         xrw
SRAM1            0x20000000         0x00020000         xrw
NVRAM            0x480c0000         0x00001000         rw
*default*        0x00000000         0xffffffff

Linker script and memory map

START GROUP
LOAD /home/rec/marvell/wmsdk-2.13/libs/libaca.a
LOAD /home/rec/marvell/wmsdk-2.13/libs/libaescrypto.a
LOAD /home/rec/marvell/wmsdk-2.13/libs/libapp_framework.a
LOAD /home/rec/marvell/wmsdk-2.13/libs/libarch.a
LOAD /home/rec/marvell/wmsdk-2.13/libs/libbtdriver.a
LOAD /home/rec/marvell/wmsdk-2.13/libs/libc.a
LOAD /home/rec/marvell/wmsdk-2.13/libs/libcli.a
LOAD /home/rec/marvell/wmsdk-2.13/libs/libctaocrypt.a
LOAD /home/rec/marvell/wmsdk-2.13/libs/libcyassl.a
LOAD /home/rec/marvell/wmsdk-2.13/libs/libdhcpd.a
LOAD /home/rec/marvell/wmsdk-2.13/libs/libdiagnostics.a
LOAD /home/rec/marvell/wmsdk-2.13/libs/libdrv.a
LOAD /home/rec/marvell/wmsdk-2.13/libs/libezxml.a
LOAD /home/rec/marvell/wmsdk-2.13/libs/libfreertos.a
LOAD /home/rec/marvell/wmsdk-2.13/libs/libftfs.a
LOAD /home/rec/marvell/wmsdk-2.13/libs/libfw_supplicant.a
LOAD /home/rec/marvell/wmsdk-2.13/libs/libhealthmon.a
LOAD /home/rec/marvell/wmsdk-2.13/libs/libhttpclient.a
LOAD /home/rec/marvell/wmsdk-2.13/libs/libhttpd.a
LOAD /home/rec/marvell/wmsdk-2.13/libs/libjson.a
LOAD /home/rec/marvell/wmsdk-2.13/libs/liblwip.a
LOAD /home/rec/marvell/wmsdk-2.13/libs/libmdev.a
LOAD /home/rec/marvell/wmsdk-2.13/libs/libmdns.a
LOAD /home/rec/marvell/wmsdk-2.13/libs/libnet.a
LOAD /home/rec/marvell/wmsdk-2.13/libs/libos.a
LOAD /home/rec/marvell/wmsdk-2.13/libs/liboverlays.a
LOAD /home/rec/marvell/wmsdk-2.13/libs/libpart.a
LOAD /home/rec/marvell/wmsdk-2.13/libs/libprovisioning.a
LOAD /home/rec/marvell/wmsdk-2.13/libs/libpsm.a
LOAD /home/rec/marvell/wmsdk-2.13/libs/libpwrmgr.a
LOAD /home/rec/marvell/wmsdk-2.13/libs/librfget.a
LOAD /home/rec/marvell/wmsdk-2.13/libs/libsysinfo.a
LOAD /home/rec/marvell/wmsdk-2.13/libs/libtelnetd.a
LOAD /home/rec/marvell/wmsdk-2.13/libs/libtls.a
LOAD /home/rec/marvell/wmsdk-2.13/libs/libttcp.a
LOAD /home/rec/marvell/wmsdk-2.13/libs/libutil.a
LOAD /home/rec/marvell/wmsdk-2.13/libs/libwebsocket.a
LOAD /home/rec/marvell/wmsdk-2.13/libs/libwifidriver.a
LOAD /home/rec/marvell/wmsdk-2.13/libs/libwlcmgr.a
LOAD /home/rec/marvell/wmsdk-2.13/libs/libwmcrypto.a
LOAD /home/rec/marvell/wmsdk-2.13/libs/libwmstdio.a
LOAD /home/rec/marvell/wmsdk-2.13/libs/libwm_supplicant.a
LOAD /home/rec/marvell/wmsdk-2.13/libs/libwmtime.a
LOAD /home/rec/marvell/wmsdk-2.13/libs/libxively.a
LOAD /home/rec/marvell/wmsdk-2.13/libs/libxz.a
LOAD obj/main.o
LOAD obj/reset_prov_helper.o
LOAD obj/led_indicator.o
LOAD obj/wmcloud.o
LOAD obj/wmcloud_helper.o
LOAD obj/wm_demo_wps_cli.o
LOAD obj/board.o
LOAD obj/wmcloud_lp.o
LOAD obj/wm_demo_cloud.o
LOAD obj/power_mgr_helper.o
LOAD obj/mdns_helper.o
LOAD obj/wps_helper.o
END GROUP
START GROUP
LOAD /home/rec/gcc-arm-none-eabi-4_9-2014q4/bin/../lib/gcc/arm-none-eabi/4.9.3/armv7-m/libgcc.a
LOAD /home/rec/gcc-arm-none-eabi-4_9-2014q4/bin/../lib/gcc/arm-none-eabi/4.9.3/../../../../arm-none-eabi/lib/armv7-m/libg.a
LOAD /home/rec/gcc-arm-none-eabi-4_9-2014q4/bin/../lib/gcc/arm-none-eabi/4.9.3/../../../../arm-none-eabi/lib/armv7-m/libc.a
END GROUP
                0x20020000                _estack = 0x20020000
                0x00012000                _heap_size = 0x12000
                0x00000800                _min_stack_size = 0x800
                0x00160000                _e_sram0 = (ORIGIN (SRAM0) + 0x60000)

.text           0x00100000    0x48f64
                0x00100000                . = ALIGN (0x100)
 *(.isr_vector)
 .isr_vector    0x00100000      0x138 /home/rec/marvell/wmsdk-2.13/libs/libdrv.a(mc200_startup.o)
                0x00100000                __vector_table
                0x00100138                . = ALIGN (0x4)
 *(.text.Reset_IRQHandler)
 .text.Reset_IRQHandler
                0x00100138        0xc /home/rec/marvell/wmsdk-2.13/libs/libdrv.a(mc200_startup.o)
                0x00100138                Reset_IRQHandler
 *(.text .text.* .gnu.linkonce.t.*)
 .text.HardFault_IRQHandler
                0x00100144        0xc /home/rec/marvell/wmsdk-2.13/libs/libdrv.a(mc200_startup.o)
                0x00100144                HardFault_IRQHandler
 .text.Reset_IRQHandler_C
                0x00100150       0xdc /home/rec/marvell/wmsdk-2.13/libs/libdrv.a(mc200_startup.o)
                0x00100150                Reset_IRQHandler_C
 .text.Default_IRQHandler
                0x0010022c       0x14 /home/rec/marvell/wmsdk-2.13/libs/libdrv.a(mc200_startup.o)
                0x0010022c                ExtPin24_IRQHandler
                0x0010022c                ExtPin11_IRQHandler
                0x0010022c                ExtPin8_IRQHandler
                0x0010022c                I2C0_IRQHandler
                0x0010022c                ExtPin2_IRQHandler
                0x0010022c                ExtPin4_IRQHandler
                0x0010022c                ExtPin20_IRQHandler
                0x0010022c                ExtPin13_IRQHandler
                0x0010022c                BRNDET_IRQHandler
                0x0010022c                I2C1_IRQHandler
                0x0010022c                ExtPin5_IRQHandler
                0x0010022c                ExtPin27_IRQHandler
                0x0010022c                ACOMPWKUP_IRQHandler
                0x0010022c                ExtPin9_IRQHandler
                0x0010022c                ULCOMP_IRQHandler
                0x0010022c                ExtPin17_IRQHandler
                0x0010022c                ADC0_IRQHandler
                0x0010022c                BusFault_IRQHandler
                0x0010022c                SSP0_IRQHandler
                0x0010022c                ADC1_IRQHandler
                0x0010022c                ExtPin21_IRQHandler
                0x0010022c                I2C2_IRQHandler
                0x0010022c                ExtPin14_IRQHandler
                0x0010022c                ExtPin23_IRQHandler
                0x0010022c                ExtPin28_IRQHandler
                0x0010022c                ACOMP_IRQHandler
                0x0010022c                ExtPin12_IRQHandler
                0x0010022c                ExtPin16_IRQHandler
                0x0010022c                ExtPin3_IRQHandler
                0x0010022c                SSP1_IRQHandler
                0x0010022c                UsageFault_IRQHandler
                0x0010022c                USB_IRQHandler
                0x0010022c                ExtPin19_IRQHandler
                0x0010022c                DebugMonitor_IRQHandler
                0x0010022c                PLL_IRQHandler
                0x0010022c                Default_IRQHandler
                0x0010022c                MemManage_IRQHandler
                0x0010022c                SSP2_IRQHandler
                0x0010022c                DAC_IRQHandler
                0x0010022c                ExtPin26_IRQHandler
                0x0010022c                ExtPin6_IRQHandler
                0x0010022c                ExtPin25_IRQHandler
                0x0010022c                NMI_IRQHandler
                0x0010022c                ExtPin18_IRQHandler
                0x0010022c                ExtPin22_IRQHandler
                0x0010022c                ExtPin10_IRQHandler
                0x0010022c                ExtPin7_IRQHandler
                0x0010022c                ExtPin15_IRQHandler
 .text.Default_IRQHandler_C
                0x00100240        0x2 /home/rec/marvell/wmsdk-2.13/libs/libdrv.a(mc200_startup.o)
                0x00100240                Default_IRQHandler_C
 .text.HardFault_IRQHandler_C
                0x00100242        0x8 /home/rec/marvell/wmsdk-2.13/libs/libdrv.a(mc200_startup.o)
                0x00100242                HardFault_IRQHandler_C
 *fill*         0x0010024a        0x2 
 .text.CLK_SystemClkSrc
                0x0010024c       0xa0 /home/rec/marvell/wmsdk-2.13/libs/libdrv.a(mc200_clock.o)
                0x0010024c                CLK_SystemClkSrc
 .text.CLK_RTCClkSrc
                0x001002ec       0x2c /home/rec/marvell/wmsdk-2.13/libs/libdrv.a(mc200_clock.o)
                0x001002ec                CLK_RTCClkSrc
 .text.CLK_UARTDividerSet
                0x00100318       0x54 /home/rec/marvell/wmsdk-2.13/libs/libdrv.a(mc200_clock.o)
                0x00100318                CLK_UARTDividerSet
 .text.CLK_GetUARTDivider
                0x0010036c       0x3c /home/rec/marvell/wmsdk-2.13/libs/libdrv.a(mc200_clock.o)
                0x0010036c                CLK_GetUARTDivider
 .text.CLK_GetSystemClk
                0x001003a8       0x74 /home/rec/marvell/wmsdk-2.13/libs/libdrv.a(mc200_clock.o)
                0x001003a8                CLK_GetSystemClk
 .text.CLK_SetUARTClkSrc
                0x0010041c       0x9c /home/rec/marvell/wmsdk-2.13/libs/libdrv.a(mc200_clock.o)
                0x0010041c                CLK_SetUARTClkSrc
 .text.CLK_GetUARTClkSrc
                0x001004b8       0x28 /home/rec/marvell/wmsdk-2.13/libs/libdrv.a(mc200_clock.o)
                0x001004b8                CLK_GetUARTClkSrc
 .text.CLK_GPTInternalClkSrc
                0x001004e0      0x1b0 /home/rec/marvell/wmsdk-2.13/libs/libdrv.a(mc200_clock.o)
                0x001004e0                CLK_GPTInternalClkSrc
 .text.CLK_SfllEnable
                0x00100690       0x78 /home/rec/marvell/wmsdk-2.13/libs/libdrv.a(mc200_clock.o)
                0x00100690                CLK_SfllEnable
 .text.CLK_SfllDisable
                0x00100708       0x10 /home/rec/marvell/wmsdk-2.13/libs/libdrv.a(mc200_clock.o)
                0x00100708                CLK_SfllDisable
 .text.CLK_AupllDisable
                0x00100718       0x10 /home/rec/marvell/wmsdk-2.13/libs/libdrv.a(mc200_clock.o)
                0x00100718                CLK_AupllDisable
 .text.CLK_MainXtalEnable
                0x00100728       0x34 /home/rec/marvell/wmsdk-2.13/libs/libdrv.a(mc200_clock.o)
                0x00100728                CLK_MainXtalEnable
 .text.CLK_MainXtalDisable
                0x0010075c       0x18 /home/rec/marvell/wmsdk-2.13/libs/libdrv.a(mc200_clock.o)
                0x0010075c                CLK_MainXtalDisable
 .text.CLK_Xtal32KEnable
                0x00100774       0x34 /home/rec/marvell/wmsdk-2.13/libs/libdrv.a(mc200_clock.o)
                0x00100774                CLK_Xtal32KEnable
 .text.CLK_Xtal32KDisable
                0x001007a8       0x14 /home/rec/marvell/wmsdk-2.13/libs/libdrv.a(mc200_clock.o)
                0x001007a8                CLK_Xtal32KDisable
 .text.CLK_RC32KEnable
                0x001007bc       0x14 /home/rec/marvell/wmsdk-2.13/libs/libdrv.a(mc200_clock.o)
                0x001007bc                CLK_RC32KEnable
 .text.CLK_ModuleClkEnable
                0x001007d0      0x140 /home/rec/marvell/wmsdk-2.13/libs/libdrv.a(mc200_clock.o)
                0x001007d0                CLK_ModuleClkEnable
 .text.CLK_ModuleClkDisable
                0x00100910      0x140 /home/rec/marvell/wmsdk-2.13/libs/libdrv.a(mc200_clock.o)
                0x00100910                CLK_ModuleClkDisable
 .text.CLK_ModuleClkDivider
                0x00100a50      0x15c /home/rec/marvell/wmsdk-2.13/libs/libdrv.a(mc200_clock.o)
                0x00100a50                CLK_ModuleClkDivider
 .text.CLK_RC32KCalibration
                0x00100bac      0x104 /home/rec/marvell/wmsdk-2.13/libs/libdrv.a(mc200_clock.o)
                0x00100bac                CLK_RC32KCalibration
 .text.CLK_GetClkStatus
                0x00100cb0       0x50 /home/rec/marvell/wmsdk-2.13/libs/libdrv.a(mc200_clock.o)
                0x00100cb0                CLK_GetClkStatus
 .text.RC32M_IRQHandler
                0x00100d00       0x54 /home/rec/marvell/wmsdk-2.13/libs/libdrv.a(mc200_clock.o)
                0x00100d00                RC32M_IRQHandler
 .text.CLK_Init
                0x00100d54      0x1f4 /home/rec/marvell/wmsdk-2.13/libs/libdrv.a(mc200_clock.o)
                0x00100d54                CLK_Init
 .text.install_int_callback
                0x00100f48       0x10 /home/rec/marvell/wmsdk-2.13/libs/libdrv.a(mc200_driver.o)
                0x00100f48                install_int_callback
 .text.NVIC_ClearPendingIRQ
                0x00100f58       0x1c /home/rec/marvell/wmsdk-2.13/libs/libdrv.a(mc200_pmu.o)
 .text.PMU_SetSleepMode
                0x00100f74       0x24 /home/rec/marvell/wmsdk-2.13/libs/libdrv.a(mc200_pmu.o)
                0x00100f74                PMU_SetSleepMode
 .text.PMU_GetSleepMode
                0x00100f98       0x10 /home/rec/marvell/wmsdk-2.13/libs/libdrv.a(mc200_pmu.o)
                0x00100f98                PMU_GetSleepMode
 .text.PMU_ConfigWakeupPin
                0x00100fa8       0x50 /home/rec/marvell/wmsdk-2.13/libs/libdrv.a(mc200_pmu.o)
                0x00100fa8                PMU_ConfigWakeupPin
 .text.PMU_ClearWakeupSrc
                0x00100ff8       0x24 /home/rec/marvell/wmsdk-2.13/libs/libdrv.a(mc200_pmu.o)
                0x00100ff8                PMU_ClearWakeupSrc
 .text.PMU_ConfigWakeupPadMode
                0x0010101c       0x50 /home/rec/marvell/wmsdk-2.13/libs/libdrv.a(mc200_pmu.o)
                0x0010101c                PMU_ConfigWakeupPadMode
 .text.PMU_GetLastResetCause
                0x0010106c        0xc /home/rec/marvell/wmsdk-2.13/libs/libdrv.a(mc200_pmu.o)
                0x0010106c                PMU_GetLastResetCause
 .text.PMU_ClrLastResetCause
                0x00101078       0x50 /home/rec/marvell/wmsdk-2.13/libs/libdrv.a(mc200_pmu.o)
                0x00101078                PMU_ClrLastResetCause
 .text.PMU_ConfigPowerSavePadMode
                0x001010c8       0x44 /home/rec/marvell/wmsdk-2.13/libs/libdrv.a(mc200_pmu.o)
                0x001010c8                PMU_ConfigPowerSavePadMode
 .text.PMU_PowerOnVDDIO
                0x0010110c       0xb8 /home/rec/marvell/wmsdk-2.13/libs/libdrv.a(mc200_pmu.o)
                0x0010110c                PMU_PowerOnVDDIO
 .text.PMU_PowerOffVDDIO
                0x001011c4       0x64 /home/rec/marvell/wmsdk-2.13/libs/libdrv.a(mc200_pmu.o)
                0x001011c4                PMU_PowerOffVDDIO
 .text.PMU_PowerDeepOffVDDIO
                0x00101228       0x70 /home/rec/marvell/wmsdk-2.13/libs/libdrv.a(mc200_pmu.o)
                0x00101228                PMU_PowerDeepOffVDDIO
 .text.PMU_ConfigVDDIOLevel
                0x00101298       0x58 /home/rec/marvell/wmsdk-2.13/libs/libdrv.a(mc200_pmu.o)
                0x00101298                PMU_ConfigVDDIOLevel
 .text.PMU_VbatBrndetCmd
                0x001012f0       0x14 /home/rec/marvell/wmsdk-2.13/libs/libdrv.a(mc200_pmu.o)
                0x001012f0                PMU_VbatBrndetCmd
 .text.PMU_VbatBrndetRstCmd
                0x00101304       0x10 /home/rec/marvell/wmsdk-2.13/libs/libdrv.a(mc200_pmu.o)
                0x00101304                PMU_VbatBrndetRstCmd
 .text.PMU_ConfigPowerReadyDelayTime
                0x00101314       0x30 /home/rec/marvell/wmsdk-2.13/libs/libdrv.a(mc200_pmu.o)
                0x00101314                PMU_ConfigPowerReadyDelayTime
 .text.PMU_ConfigPowerRampUpTime
                0x00101344       0x28 /home/rec/marvell/wmsdk-2.13/libs/libdrv.a(mc200_pmu.o)
                0x00101344                PMU_ConfigPowerRampUpTime
 .text.ExtPin0_IRQHandler
                0x0010136c       0x2c /home/rec/marvell/wmsdk-2.13/libs/libdrv.a(mc200_pmu.o)
                0x0010136c                ExtPin0_IRQHandler
 .text.ExtPin1_IRQHandler
                0x00101398       0x2c /home/rec/marvell/wmsdk-2.13/libs/libdrv.a(mc200_pmu.o)
                0x00101398                ExtPin1_IRQHandler
 .text.boot_init
                0x001013c4       0x3c /home/rec/marvell/wmsdk-2.13/libs/libutil.a(boot_flags.o)
                0x001013c4                boot_init
 .text.hello_handler
                0x00101400       0xa0 obj/main.o
                0x00101400                hello_handler
 .text.set_dev_seckey
                0x001014a0       0x9c obj/main.o
                0x001014a0                set_dev_seckey
 .text.wm_demo_get_ui_link
                0x0010153c        0x4 obj/main.o
 .text.led_slow_blink
                0x00101540        0xa obj/main.o
 *fill*         0x0010154a        0x2 
 .text.gpio_led_on
                0x0010154c       0x30 obj/main.o
 .text.gpio_led_off
                0x0010157c       0x30 obj/main.o
 .text.report2cloud
                0x001015ac      0x14c obj/main.o
 .text.uap_down_timer_cb
                0x001016f8       0x1a obj/main.o
 *fill*         0x00101712        0x2 
 .text.pushbutton_cb
                0x00101714       0x34 obj/main.o
 .text.button_click
                0x00101748       0xc4 obj/main.o
 .text.http_listen
                0x0010180c       0xd8 obj/main.o
 .text.appln_init_ssid
                0x001018e4       0x64 obj/main.o
                0x001018e4                appln_init_ssid
 .text.wmdemo_get_prov_key
                0x00101948       0x7c obj/main.o
                0x00101948                wmdemo_get_prov_key
 .text.register_httpd_handlers
                0x001019c4        0xc obj/main.o
                0x001019c4                register_httpd_handlers
 .text.appln_config_init
                0x001019d0       0x2c obj/main.o
                0x001019d0                appln_config_init
 .text.ps_state_to_desc
                0x001019fc       0x38 obj/main.o
                0x001019fc                ps_state_to_desc
 .text.common_event_handler
                0x00101a34      0x4a0 obj/main.o
                0x00101a34                common_event_handler
 .text.startup.main
                0x00101ed4      0x204 obj/main.o
                0x00101ed4                main
 .text.reset_prov_pb_pm_callback
                0x001020d8       0x10 obj/reset_prov_helper.o
                0x001020d8                reset_prov_pb_pm_callback
 .text.reset_prov_pb_callback
                0x001020e8        0x4 obj/reset_prov_helper.o
 .text.hp_configure_reset_prov_pushbutton
                0x001020ec       0x34 obj/reset_prov_helper.o
                0x001020ec                hp_configure_reset_prov_pushbutton
 .text.hp_unconfigure_reset_prov_pushbutton
                0x00102120       0x28 obj/reset_prov_helper.o
                0x00102120                hp_unconfigure_reset_prov_pushbutton
 .text.decide_led_array_index
                0x00102148       0x30 obj/led_indicator.o
 .text.os_timer_delete
                0x00102178       0x24 obj/led_indicator.o
 .text.os_timer_activate
                0x0010219c       0x4e obj/led_indicator.o
 .text.os_timer_change.isra.2
                0x001021ea       0x42 obj/led_indicator.o
 .text.led_cb   0x0010222c       0x4c obj/led_indicator.o
 .text.led_on   0x00102278       0x4c obj/led_indicator.o
                0x00102278                led_on
 .text.led_off  0x001022c4       0x4c obj/led_indicator.o
                0x001022c4                led_off
 .text.led_blink
                0x00102310       0x70 obj/led_indicator.o
                0x00102310                led_blink
 .text.dump_cloud_packet
                0x00102380       0x50 obj/wmcloud.o
                0x00102380                dump_cloud_packet
 .text.cloud_create_hdr
                0x001023d0       0xc0 obj/wmcloud.o
                0x001023d0                cloud_create_hdr
 .text.cloud_process_server_response
                0x00102490       0x60 obj/wmcloud.o
                0x00102490                cloud_process_server_response
 .text.create_transmit_packet
                0x001024f0       0x50 obj/wmcloud.o
                0x001024f0                create_transmit_packet
 .text.wmcloud_get_ui_link
                0x00102540       0xb4 obj/wmcloud.o
                0x00102540                wmcloud_get_ui_link
 .text.cloud_sm
                0x001025f4      0x254 obj/wmcloud.o
                0x001025f4                cloud_sm
 .text.cloud_actual_stop
                0x00102848       0x24 obj/wmcloud.o
                0x00102848                cloud_actual_stop
 .text.app_reboot_main
                0x0010286c       0x30 obj/wmcloud_helper.o
 .text.cloud_params_load
                0x0010289c       0xac obj/wmcloud_helper.o
                0x0010289c                cloud_params_load
 .text.cloud_url_set
                0x00102948       0xb4 obj/wmcloud_helper.o
                0x00102948                cloud_url_set
 .text.cloud_device_name_set
                0x001029fc       0x4c obj/wmcloud_helper.o
                0x001029fc                cloud_device_name_set
 .text.cloud_process_cmds
                0x00102a48      0x3f8 obj/wmcloud_helper.o
                0x00102a48                cloud_process_cmds
 .text.wm_demo_wps_cli_init
                0x00102e40        0x2 obj/wm_demo_wps_cli.o
                0x00102e40                wm_demo_wps_cli_init
 .text.wm_demo_wps_cli_deinit
                0x00102e42        0x2 obj/wm_demo_wps_cli.o
                0x00102e42                wm_demo_wps_cli_deinit
 .text.board_main_xtal
                0x00102e44        0x8 obj/board.o
                0x00102e44                board_main_xtal
 .text.board_main_osc
                0x00102e4c        0x6 obj/board.o
                0x00102e4c                board_main_osc
 *fill*         0x00102e52        0x2 
 .text.board_cpu_freq
                0x00102e54        0x8 obj/board.o
                0x00102e54                board_cpu_freq
 .text.board_32k_xtal
                0x00102e5c        0x4 obj/board.o
                0x00102e5c                board_32k_xtal
 .text.board_32k_osc
                0x00102e60        0x4 obj/board.o
                0x00102e60                board_32k_osc
 .text.board_card_detect
                0x00102e64        0x4 obj/board.o
                0x00102e64                board_card_detect
 .text.board_sdio_pdn
                0x00102e68       0x1e obj/board.o
                0x00102e68                board_sdio_pdn
 .text.board_sdio_pwr
                0x00102e86       0x1e obj/board.o
                0x00102e86                board_sdio_pwr
 .text.board_sdio_reset
                0x00102ea4       0x1a obj/board.o
                0x00102ea4                board_sdio_reset
 .text.board_sdio_pdn_support
                0x00102ebe        0x4 obj/board.o
                0x00102ebe                board_sdio_pdn_support
 .text.board_gpio_power_on
                0x00102ec2       0x24 obj/board.o
                0x00102ec2                board_gpio_power_on
 .text.board_uart_pin_config
                0x00102ee6       0x2e obj/board.o
                0x00102ee6                board_uart_pin_config
 .text.board_sdio_pin_config
                0x00102f14       0x36 obj/board.o
                0x00102f14                board_sdio_pin_config
 .text.board_led_2
                0x00102f4a        0x4 obj/board.o
                0x00102f4a                board_led_2
 .text.board_led_1
                0x00102f4e        0x4 obj/board.o
                0x00102f4e                board_led_1
 .text.board_led_3
                0x00102f52        0x4 obj/board.o
                0x00102f52                board_led_3
 .text.board_led_on
                0x00102f56       0x26 obj/board.o
                0x00102f56                board_led_on
 .text.board_led_off
                0x00102f7c       0x26 obj/board.o
                0x00102f7c                board_led_off
 .text.board_button_1
                0x00102fa2       0x16 obj/board.o
                0x00102fa2                board_button_1
 .text.board_button_3
                0x00102fb8       0x16 obj/board.o
                0x00102fb8                board_button_3
 .text.board_wifi_host_wakeup
                0x00102fce        0x4 obj/board.o
                0x00102fce                board_wifi_host_wakeup
 .text.board_wakeup0_functional
                0x00102fd2        0x4 obj/board.o
                0x00102fd2                board_wakeup0_functional
 .text.board_wakeup1_functional
                0x00102fd6        0x4 obj/board.o
                0x00102fd6                board_wakeup1_functional
 .text.board_wakeup0_wifi
                0x00102fda        0x4 obj/board.o
                0x00102fda                board_wakeup0_wifi
 .text.board_wakeup1_wifi
                0x00102fde        0x4 obj/board.o
                0x00102fde                board_wakeup1_wifi
 .text.cloud_get_ui_link
                0x00102fe2        0x4 obj/wmcloud_lp.o
                0x00102fe2                cloud_get_ui_link
 *fill*         0x00102fe6        0x2 
 .text.cloud_thread_main
                0x00102fe8      0x254 obj/wmcloud_lp.o
                0x00102fe8                cloud_thread_main
 .text.cloud_stop
                0x0010323c       0x54 obj/wmcloud_lp.o
                0x0010323c                cloud_stop
 .text.wm_demo_cloud_stop
                0x00103290       0x18 obj/wm_demo_cloud.o
                0x00103290                wm_demo_cloud_stop
 .text.hp_pm_cb
                0x001032a8       0x2c obj/power_mgr_helper.o
 .text.hp_pm_init
                0x001032d4       0x30 obj/power_mgr_helper.o
                0x001032d4                hp_pm_init
 .text.hp_pm_wifi_ps_enable
                0x00103304       0x2c obj/power_mgr_helper.o
                0x00103304                hp_pm_wifi_ps_enable
 .text.hp_pm_wifi_ps_disable
                0x00103330        0x8 obj/power_mgr_helper.o
                0x00103330                hp_pm_wifi_ps_disable
 .text.hp_mdns_announce.part.0
                0x00103338       0x40 obj/mdns_helper.o
 .text.hp_mdns_announce
                0x00103378        0xa obj/mdns_helper.o
                0x00103378                hp_mdns_announce
 *fill*         0x00103382        0x2 
 .text.hp_mdns_deannounce
                0x00103384        0xc obj/mdns_helper.o
                0x00103384                hp_mdns_deannounce
 .text.hp_mdns_down_up
                0x00103390       0x1a obj/mdns_helper.o
                0x00103390                hp_mdns_down_up
 .text.hp_configure_wps_pushbutton
                0x001033aa        0x2 obj/wps_helper.o
                0x001033aa                hp_configure_wps_pushbutton
 .text.hp_unconfigure_wps_pushbutton
                0x001033ac        0x2 obj/wps_helper.o
                0x001033ac                hp_unconfigure_wps_pushbutton
 *fill*         0x001033ae        0x2 
 .text.app_framework_start
                0x001033b0       0x1c /home/rec/marvell/wmsdk-2.13/libs/libapp_framework.a(app_main.o)
                0x001033b0                app_framework_start
 .text.net_inet_aton
                0x001033cc        0xc /home/rec/marvell/wmsdk-2.13/libs/libapp_framework.a(app_network_config.o)
 .text.app_network_get_nw_state
                0x001033d8       0x58 /home/rec/marvell/wmsdk-2.13/libs/libapp_framework.a(app_network_config.o)
                0x001033d8                app_network_get_nw_state
 .text.app_network_get_nw
                0x00103430      0x1c0 /home/rec/marvell/wmsdk-2.13/libs/libapp_framework.a(app_network_config.o)
                0x00103430                app_network_get_nw
 .text.app_network_set_nw_state
                0x001035f0       0x5c /home/rec/marvell/wmsdk-2.13/libs/libapp_framework.a(app_network_config.o)
                0x001035f0                app_network_set_nw_state
 .text.app_network_set_nw
                0x0010364c      0x274 /home/rec/marvell/wmsdk-2.13/libs/libapp_framework.a(app_network_config.o)
                0x0010364c                app_network_set_nw
 .text.app_network_ip_get
                0x001038c0       0x3c /home/rec/marvell/wmsdk-2.13/libs/libapp_framework.a(app_network_config.o)
                0x001038c0                app_network_ip_get
 .text.app_set_scan_config_psm
                0x001038fc       0xcc /home/rec/marvell/wmsdk-2.13/libs/libapp_framework.a(app_provisioning.o)
                0x001038fc                app_set_scan_config_psm
 .text.app_prov_event_handler
                0x001039c8       0x3c /home/rec/marvell/wmsdk-2.13/libs/libapp_framework.a(app_provisioning.o)
 .text.app_load_scan_config
                0x00103a04       0xa4 /home/rec/marvell/wmsdk-2.13/libs/libapp_framework.a(app_provisioning.o)
                0x00103a04                app_load_scan_config
 .text.app_provisioning_get_type
                0x00103aa8        0xc /home/rec/marvell/wmsdk-2.13/libs/libapp_framework.a(app_provisioning.o)
                0x00103aa8                app_provisioning_get_type
 .text.app_provisioning_start
                0x00103ab4       0x44 /home/rec/marvell/wmsdk-2.13/libs/libapp_framework.a(app_provisioning.o)
                0x00103ab4                app_provisioning_start
 .text.app_ezconnect_provisioning_start
                0x00103af8       0x34 /home/rec/marvell/wmsdk-2.13/libs/libapp_framework.a(app_provisioning.o)
                0x00103af8                app_ezconnect_provisioning_start
 .text.app_ezconnect_provisioning_stop
                0x00103b2c        0x4 /home/rec/marvell/wmsdk-2.13/libs/libapp_framework.a(app_provisioning.o)
                0x00103b2c                app_ezconnect_provisioning_stop
 .text.app_provisioning_stop
                0x00103b30        0xe /home/rec/marvell/wmsdk-2.13/libs/libapp_framework.a(app_provisioning.o)
                0x00103b30                app_provisioning_stop
 *fill*         0x00103b3e        0x2 
 .text.wlan_event_cb
                0x00103b40       0x8c /home/rec/marvell/wmsdk-2.13/libs/libapp_framework.a(app_network_mgr.o)
                0x00103b40                wlan_event_cb
 .text.app_check_valid_network_loaded
                0x00103bcc        0xc /home/rec/marvell/wmsdk-2.13/libs/libapp_framework.a(app_network_mgr.o)
                0x00103bcc                app_check_valid_network_loaded
 .text.app_connect_wlan
                0x00103bd8       0x1c /home/rec/marvell/wmsdk-2.13/libs/libapp_framework.a(app_network_mgr.o)
                0x00103bd8                app_connect_wlan
 .text.app_reconnect_wlan
                0x00103bf4       0x20 /home/rec/marvell/wmsdk-2.13/libs/libapp_framework.a(app_network_mgr.o)
                0x00103bf4                app_reconnect_wlan
 .text.app_load_configured_network
                0x00103c14       0x40 /home/rec/marvell/wmsdk-2.13/libs/libapp_framework.a(app_network_mgr.o)
                0x00103c14                app_load_configured_network
 .text.app_load_this_network
                0x00103c54       0x4c /home/rec/marvell/wmsdk-2.13/libs/libapp_framework.a(app_network_mgr.o)
                0x00103c54                app_load_this_network
 .text.app_unload_configured_network
                0x00103ca0       0x24 /home/rec/marvell/wmsdk-2.13/libs/libapp_framework.a(app_network_mgr.o)
                0x00103ca0                app_unload_configured_network
 .text.app_start_wlan
                0x00103cc4       0x30 /home/rec/marvell/wmsdk-2.13/libs/libapp_framework.a(app_network_mgr.o)
                0x00103cc4                app_start_wlan
 .text.app_network_mgr_start_uap
                0x00103cf4       0x30 /home/rec/marvell/wmsdk-2.13/libs/libapp_framework.a(app_network_mgr.o)
                0x00103cf4                app_network_mgr_start_uap
 .text.app_network_mgr_remove_uap_network
                0x00103d24       0x18 /home/rec/marvell/wmsdk-2.13/libs/libapp_framework.a(app_network_mgr.o)
                0x00103d24                app_network_mgr_remove_uap_network
 .text.app_network_mgr_stop_uap
                0x00103d3c       0x1c /home/rec/marvell/wmsdk-2.13/libs/libapp_framework.a(app_network_mgr.o)
                0x00103d3c                app_network_mgr_stop_uap
 .text.app_uap_start_by_network
                0x00103d58       0x28 /home/rec/marvell/wmsdk-2.13/libs/libapp_framework.a(app_network_mgr.o)
                0x00103d58                app_uap_start_by_network
 .text.app_uap_start
                0x00103d80       0xa0 /home/rec/marvell/wmsdk-2.13/libs/libapp_framework.a(app_network_mgr.o)
                0x00103d80                app_uap_start
 .text.app_uap_stop
                0x00103e20       0x18 /home/rec/marvell/wmsdk-2.13/libs/libapp_framework.a(app_network_mgr.o)
                0x00103e20                app_uap_stop
 .text.app_uap_start_with_dhcp
                0x00103e38       0x2c /home/rec/marvell/wmsdk-2.13/libs/libapp_framework.a(app_network_mgr.o)
                0x00103e38                app_uap_start_with_dhcp
 .text.app_configure_network
                0x00103e64       0x20 /home/rec/marvell/wmsdk-2.13/libs/libapp_framework.a(app_network_mgr.o)
                0x00103e64                app_configure_network
 .text.app_sta_start
                0x00103e84        0xe /home/rec/marvell/wmsdk-2.13/libs/libapp_framework.a(app_network_mgr.o)
                0x00103e84                app_sta_start
 *fill*         0x00103e92        0x2 
 .text.boot_old_fw_version
                0x00103e94        0xc /home/rec/marvell/wmsdk-2.13/libs/libapp_framework.a(app_ctrl.o)
 .text.boot_factory_reset
                0x00103ea0       0x18 /home/rec/marvell/wmsdk-2.13/libs/libapp_framework.a(app_ctrl.o)
 .text.app_ctrl_state_name
                0x00103eb8       0x18 /home/rec/marvell/wmsdk-2.13/libs/libapp_framework.a(app_ctrl.o)
 .text.app_print_state_change
                0x00103ed0       0x30 /home/rec/marvell/wmsdk-2.13/libs/libapp_framework.a(app_ctrl.o)
 .text.app_ctrl_attempt_reconnect
                0x00103f00        0xc /home/rec/marvell/wmsdk-2.13/libs/libapp_framework.a(app_ctrl.o)
 .text.os_thread_sleep.constprop.5
                0x00103f0c        0x8 /home/rec/marvell/wmsdk-2.13/libs/libapp_framework.a(app_ctrl.o)
 .text.__app_ctrl_notify_event
                0x00103f14       0x44 /home/rec/marvell/wmsdk-2.13/libs/libapp_framework.a(app_ctrl.o)
 .text.app_ctrl_event_to_prj
                0x00103f58       0x18 /home/rec/marvell/wmsdk-2.13/libs/libapp_framework.a(app_ctrl.o)
                0x00103f58                app_ctrl_event_to_prj
 .text.app_ctrl_crit_to_prj.isra.2
                0x00103f70       0x10 /home/rec/marvell/wmsdk-2.13/libs/libapp_framework.a(app_ctrl.o)
 .text.app_ctrl_prov_network_set
                0x00103f80       0x28 /home/rec/marvell/wmsdk-2.13/libs/libapp_framework.a(app_ctrl.o)
 .text.app_set_state_unconfigured
                0x00103fa8       0x34 /home/rec/marvell/wmsdk-2.13/libs/libapp_framework.a(app_ctrl.o)
 .text.app_ctrl_notify_event
                0x00103fdc        0x6 /home/rec/marvell/wmsdk-2.13/libs/libapp_framework.a(app_ctrl.o)
                0x00103fdc                app_ctrl_notify_event
 .text.app_ctrl_notify_event_wait
                0x00103fe2        0x8 /home/rec/marvell/wmsdk-2.13/libs/libapp_framework.a(app_ctrl.o)
                0x00103fe2                app_ctrl_notify_event_wait
 .text.app_reset_configured_network
                0x00103fea        0x8 /home/rec/marvell/wmsdk-2.13/libs/libapp_framework.a(app_ctrl.o)
                0x00103fea                app_reset_configured_network
 *fill*         0x00103ff2        0x2 
 .text.app_ctrl_init
                0x00103ff4       0x74 /home/rec/marvell/wmsdk-2.13/libs/libapp_framework.a(app_ctrl.o)
                0x00103ff4                app_ctrl_init
 .text.app_ctrl_getmode
                0x00104068       0x18 /home/rec/marvell/wmsdk-2.13/libs/libapp_framework.a(app_ctrl.o)
                0x00104068                app_ctrl_getmode
 .text.app_ctrl_set_state
                0x00104080        0xc /home/rec/marvell/wmsdk-2.13/libs/libapp_framework.a(app_ctrl.o)
                0x00104080                app_ctrl_set_state
 .text.app_handle_link_loss
                0x0010408c       0x1c /home/rec/marvell/wmsdk-2.13/libs/libapp_framework.a(app_ctrl.o)
                0x0010408c                app_handle_link_loss
 .text.app_handle_chan_switch
                0x001040a8       0x14 /home/rec/marvell/wmsdk-2.13/libs/libapp_framework.a(app_ctrl.o)
                0x001040a8                app_handle_chan_switch
 .text.app_ctrl_sm
                0x001040bc      0x524 /home/rec/marvell/wmsdk-2.13/libs/libapp_framework.a(app_ctrl.o)
 .text.app_ctrl_event_handler
                0x001045e0       0x54 /home/rec/marvell/wmsdk-2.13/libs/libapp_framework.a(app_ctrl.o)
 .text.os_msec_to_ticks
                0x00104634        0x2 /home/rec/marvell/wmsdk-2.13/libs/libapp_framework.a(app_sys_http_handlers.o)
 .text.os_mem_calloc
                0x00104636       0x18 /home/rec/marvell/wmsdk-2.13/libs/libapp_framework.a(app_sys_http_handlers.o)
 *fill*         0x0010464e        0x2 
 .text.sys_set_prov_status
                0x00104650       0x78 /home/rec/marvell/wmsdk-2.13/libs/libapp_framework.a(app_sys_http_handlers.o)
 .text.app_sys_network_set_cb
                0x001046c8        0xe /home/rec/marvell/wmsdk-2.13/libs/libapp_framework.a(app_sys_http_handlers.o)
                0x001046c8                app_sys_network_set_cb
 .text.sys_do_reset_prov
                0x001046d6       0x22 /home/rec/marvell/wmsdk-2.13/libs/libapp_framework.a(app_sys_http_handlers.o)
 .text.app_file_handler
                0x001046f8       0x14 /home/rec/marvell/wmsdk-2.13/libs/libapp_framework.a(app_sys_http_handlers.o)
                0x001046f8                app_file_handler
 .text.os_thread_sleep
                0x0010470c        0x4 /home/rec/marvell/wmsdk-2.13/libs/libapp_framework.a(app_sys_http_handlers.o)
 .text.sys_set_mode
                0x00104710       0x80 /home/rec/marvell/wmsdk-2.13/libs/libapp_framework.a(app_sys_http_handlers.o)
                0x00104710                sys_set_mode
 .text.sys_set_info
                0x00104790       0xdc /home/rec/marvell/wmsdk-2.13/libs/libapp_framework.a(app_sys_http_handlers.o)
                0x00104790                sys_set_info
 .text.app_sys_install_handler.constprop.0
                0x0010486c       0x50 /home/rec/marvell/wmsdk-2.13/libs/libapp_framework.a(app_sys_http_handlers.o)
 .text.app_reboot_main
                0x001048bc       0x2c /home/rec/marvell/wmsdk-2.13/libs/libapp_framework.a(app_sys_http_handlers.o)
 .text.sys_anchor_start.constprop.4
                0x001048e8       0x20 /home/rec/marvell/wmsdk-2.13/libs/libapp_framework.a(app_sys_http_handlers.o)
 .text.sys_anchor_end.constprop.5
                0x00104908       0x10 /home/rec/marvell/wmsdk-2.13/libs/libapp_framework.a(app_sys_http_handlers.o)
 .text.sys_get_diag_stats_live
                0x00104918       0x58 /home/rec/marvell/wmsdk-2.13/libs/libapp_framework.a(app_sys_http_handlers.o)
                0x00104918                sys_get_diag_stats_live
 .text.sys_get_diag_stats_history
                0x00104970       0x58 /home/rec/marvell/wmsdk-2.13/libs/libapp_framework.a(app_sys_http_handlers.o)
                0x00104970                sys_get_diag_stats_history
 .text.sys_get_services
                0x001049c8      0x184 /home/rec/marvell/wmsdk-2.13/libs/libapp_framework.a(app_sys_http_handlers.o)
 .text.sys_get_conn_state
                0x00104b4c       0xd8 /home/rec/marvell/wmsdk-2.13/libs/libapp_framework.a(app_sys_http_handlers.o)
 .text.sys_get_mode
                0x00104c24       0x68 /home/rec/marvell/wmsdk-2.13/libs/libapp_framework.a(app_sys_http_handlers.o)
 .text.sys_http_get_interface.constprop.6
                0x00104c8c       0x4c /home/rec/marvell/wmsdk-2.13/libs/libapp_framework.a(app_sys_http_handlers.o)
 .text.sys_get_interface
                0x00104cd8       0x3c /home/rec/marvell/wmsdk-2.13/libs/libapp_framework.a(app_sys_http_handlers.o)
 .text.sys_get_diag_info
                0x00104d14      0x3b0 /home/rec/marvell/wmsdk-2.13/libs/libapp_framework.a(app_sys_http_handlers.o)
                0x00104d14                sys_get_diag_info
 .text.app_consume_http_mp_end
                0x001050c4       0x28 /home/rec/marvell/wmsdk-2.13/libs/libapp_framework.a(app_sys_http_handlers.o)
                0x001050c4                app_consume_http_mp_end
 .text.app_consume_http_headers
                0x001050ec       0x38 /home/rec/marvell/wmsdk-2.13/libs/libapp_framework.a(app_sys_http_handlers.o)
                0x001050ec                app_consume_http_headers
 .text.app_http_get_mp_form_length
                0x00105124       0x74 /home/rec/marvell/wmsdk-2.13/libs/libapp_framework.a(app_sys_http_handlers.o)
                0x00105124                app_http_get_mp_form_length
 .text.app_sys_http_update_all
                0x00105198       0xb8 /home/rec/marvell/wmsdk-2.13/libs/libapp_framework.a(app_sys_http_handlers.o)
                0x00105198                app_sys_http_update_all
 .text.sys_webupdate
                0x00105250      0x178 /home/rec/marvell/wmsdk-2.13/libs/libapp_framework.a(app_sys_http_handlers.o)
                0x00105250                sys_webupdate
 .text.sys_handle_webcmd
                0x001053c8       0x6c /home/rec/marvell/wmsdk-2.13/libs/libapp_framework.a(app_sys_http_handlers.o)
                0x001053c8                sys_handle_webcmd
 .text.sys_webcmd
                0x00105434       0x5c /home/rec/marvell/wmsdk-2.13/libs/libapp_framework.a(app_sys_http_handlers.o)
                0x00105434                sys_webcmd
 .text.sys_handle_set_time
                0x00105490       0x20 /home/rec/marvell/wmsdk-2.13/libs/libapp_framework.a(app_sys_http_handlers.o)
                0x00105490                sys_handle_set_time
 .text.sys_set_time
                0x001054b0       0x5c /home/rec/marvell/wmsdk-2.13/libs/libapp_framework.a(app_sys_http_handlers.o)
                0x001054b0                sys_set_time
 .text.sys_handle_get_time
                0x0010550c       0x2c /home/rec/marvell/wmsdk-2.13/libs/libapp_framework.a(app_sys_http_handlers.o)
                0x0010550c                sys_handle_get_time
 .text.sys_get_time
                0x00105538       0x40 /home/rec/marvell/wmsdk-2.13/libs/libapp_framework.a(app_sys_http_handlers.o)
                0x00105538                sys_get_time
 .text.app_sys_get_uuid
                0x00105578       0x60 /home/rec/marvell/wmsdk-2.13/libs/libapp_framework.a(app_sys_http_handlers.o)
                0x00105578                app_sys_get_uuid
 .text.app_sys_http_get_info
                0x001055d8       0x40 /home/rec/marvell/wmsdk-2.13/libs/libapp_framework.a(app_sys_http_handlers.o)
                0x001055d8                app_sys_http_get_info
 .text.sys_get_info
                0x00105618      0x514 /home/rec/marvell/wmsdk-2.13/libs/libapp_framework.a(app_sys_http_handlers.o)
 .text.app_sys_register_file_handler
                0x00105b2c       0x1c /home/rec/marvell/wmsdk-2.13/libs/libapp_framework.a(app_sys_http_handlers.o)
                0x00105b2c                app_sys_register_file_handler
 .text.app_sys_register_sys_handler
                0x00105b48       0x14 /home/rec/marvell/wmsdk-2.13/libs/libapp_framework.a(app_sys_http_handlers.o)
                0x00105b48                app_sys_register_sys_handler
 .text.app_sys_normal_set_network_cb
                0x00105b5c        0xc /home/rec/marvell/wmsdk-2.13/libs/libapp_framework.a(app_sys_http_handlers.o)
                0x00105b5c                app_sys_normal_set_network_cb
 .text.app_sys_register_upgrade_handler
                0x00105b68       0x34 /home/rec/marvell/wmsdk-2.13/libs/libapp_framework.a(app_sys_http_handlers.o)
                0x00105b68                app_sys_register_upgrade_handler
 .text.app_sys_register_diag_handler
                0x00105b9c       0x3c /home/rec/marvell/wmsdk-2.13/libs/libapp_framework.a(app_sys_http_handlers.o)
                0x00105b9c                app_sys_register_diag_handler
 .text.app_psm_init
                0x00105bd8       0x70 /home/rec/marvell/wmsdk-2.13/libs/libapp_framework.a(app_psm.o)
                0x00105bd8                app_psm_init
 .text.app_psm_handle_partition_error
                0x00105c48       0x4c /home/rec/marvell/wmsdk-2.13/libs/libapp_framework.a(app_psm.o)
                0x00105c48                app_psm_handle_partition_error
 .text.app_reboot
                0x00105c94       0x12 /home/rec/marvell/wmsdk-2.13/libs/libapp_framework.a(app_reboot.o)
                0x00105c94                app_reboot
 .text.os_thread_sleep
                0x00105ca6        0x4 /home/rec/marvell/wmsdk-2.13/libs/libapp_framework.a(app_mdns_services.o)
 .text.os_msec_to_ticks.constprop.0
                0x00105caa        0x6 /home/rec/marvell/wmsdk-2.13/libs/libapp_framework.a(app_mdns_services.o)
 .text.app_mdns_start
                0x00105cb0       0x20 /home/rec/marvell/wmsdk-2.13/libs/libapp_framework.a(app_mdns_services.o)
                0x00105cb0                app_mdns_start
 .text.app_mdns_iface_state_change
                0x00105cd0        0x4 /home/rec/marvell/wmsdk-2.13/libs/libapp_framework.a(app_mdns_services.o)
                0x00105cd0                app_mdns_iface_state_change
 .text.app_mdns_remove_srv
                0x00105cd4       0x98 /home/rec/marvell/wmsdk-2.13/libs/libapp_framework.a(app_mdns_services.o)
 .text.app_mdns_remove_service
                0x00105d6c       0x38 /home/rec/marvell/wmsdk-2.13/libs/libapp_framework.a(app_mdns_services.o)
                0x00105d6c                app_mdns_remove_service
 .text.app_mdns_add_srv
                0x00105da4       0x70 /home/rec/marvell/wmsdk-2.13/libs/libapp_framework.a(app_mdns_services.o)
 .text.app_mdns_add_service
                0x00105e14       0x38 /home/rec/marvell/wmsdk-2.13/libs/libapp_framework.a(app_mdns_services.o)
                0x00105e14                app_mdns_add_service
 .text.__app_httpd_start
                0x00105e4c       0x2c /home/rec/marvell/wmsdk-2.13/libs/libapp_framework.a(app_httpd.o)
 .text.app_httpd_with_fs_start
                0x00105e78       0x4c /home/rec/marvell/wmsdk-2.13/libs/libapp_framework.a(app_httpd.o)
                0x00105e78                app_httpd_with_fs_start
 .text.app_httpd_stop
                0x00105ec4        0xa /home/rec/marvell/wmsdk-2.13/libs/libapp_framework.a(app_httpd.o)
                0x00105ec4                app_httpd_stop
 *fill*         0x00105ece        0x2 
 .text.app_fs_init
                0x00105ed0       0x38 /home/rec/marvell/wmsdk-2.13/libs/libapp_framework.a(app_fs.o)
                0x00105ed0                app_fs_init
 .text.app_fs_get
                0x00105f08        0xc /home/rec/marvell/wmsdk-2.13/libs/libapp_framework.a(app_fs.o)
                0x00105f08                app_fs_get
 .text.app_fs_get_passive
                0x00105f14        0xc /home/rec/marvell/wmsdk-2.13/libs/libapp_framework.a(app_fs.o)
                0x00105f14                app_fs_get_passive
 .text.NVIC_EnableIRQ
                0x00105f20       0x18 /home/rec/marvell/wmsdk-2.13/libs/libarch.a(pwrmgr.o)
 .text.os_msec_to_ticks
                0x00105f38        0x2 /home/rec/marvell/wmsdk-2.13/libs/libarch.a(pwrmgr.o)
 *fill*         0x00105f3a        0x2 
 .text.extpin0_cb
                0x00105f3c       0x10 /home/rec/marvell/wmsdk-2.13/libs/libarch.a(pwrmgr.o)
                0x00105f3c                extpin0_cb
 .text.extpin1_cb
                0x00105f4c       0x10 /home/rec/marvell/wmsdk-2.13/libs/libarch.a(pwrmgr.o)
                0x00105f4c                extpin1_cb
 .text.prepare_for_low_power
                0x00105f5c       0xf4 /home/rec/marvell/wmsdk-2.13/libs/libarch.a(pwrmgr.o)
 .text.print_cli_usage
                0x00106050       0x38 /home/rec/marvell/wmsdk-2.13/libs/libarch.a(pwrmgr.o)
 .text.print_usage
                0x00106088       0x38 /home/rec/marvell/wmsdk-2.13/libs/libarch.a(pwrmgr.o)
 .text.cmd_pm_mc200_cfg
                0x001060c0       0x20 /home/rec/marvell/wmsdk-2.13/libs/libarch.a(pwrmgr.o)
 .text.switch_on_io_domains
                0x001060e0       0x24 /home/rec/marvell/wmsdk-2.13/libs/libarch.a(pwrmgr.o)
 .text.os_update_tick_count
                0x00106104        0x4 /home/rec/marvell/wmsdk-2.13/libs/libarch.a(pwrmgr.o)
 .text.update_time.isra.0
                0x00106108       0x38 /home/rec/marvell/wmsdk-2.13/libs/libarch.a(pwrmgr.o)
 .text.NVIC_SetPriority.constprop.3
                0x00106140       0x10 /home/rec/marvell/wmsdk-2.13/libs/libarch.a(pwrmgr.o)
 .text.asm_mc200_pm3
                0x00106150       0x9c /home/rec/marvell/wmsdk-2.13/libs/libarch.a(pwrmgr.o)
                0x00106150                asm_mc200_pm3
 .text.mc200_pm2
                0x001061ec       0x84 /home/rec/marvell/wmsdk-2.13/libs/libarch.a(pwrmgr.o)
                0x001061ec                mc200_pm2
 .text.mc200_pm3
                0x00106270      0x1d4 /home/rec/marvell/wmsdk-2.13/libs/libarch.a(pwrmgr.o)
                0x00106270                mc200_pm3
 .text.pm_idle  0x00106444       0x6c /home/rec/marvell/wmsdk-2.13/libs/libarch.a(pwrmgr.o)
 .text.pm_mc200_cli_init
                0x001064b0       0x2c /home/rec/marvell/wmsdk-2.13/libs/libarch.a(pwrmgr.o)
                0x001064b0                pm_mc200_cli_init
 .text.pm_mc200_io_cfg
                0x001064dc       0x10 /home/rec/marvell/wmsdk-2.13/libs/libarch.a(pwrmgr.o)
                0x001064dc                pm_mc200_io_cfg
 .text.pm_mc200_cfg
                0x001064ec       0x30 /home/rec/marvell/wmsdk-2.13/libs/libarch.a(pwrmgr.o)
                0x001064ec                pm_mc200_cfg
 .text.pm_mc200_state
                0x0010651c       0x58 /home/rec/marvell/wmsdk-2.13/libs/libarch.a(pwrmgr.o)
                0x0010651c                pm_mc200_state
 .text.cmd_pm_mc200_state
                0x00106574       0xbc /home/rec/marvell/wmsdk-2.13/libs/libarch.a(pwrmgr.o)
 .text.pm_wakeup_source
                0x00106630        0xc /home/rec/marvell/wmsdk-2.13/libs/libarch.a(pwrmgr.o)
                0x00106630                pm_wakeup_source
 .text.arch_pm_init
                0x0010663c      0x100 /home/rec/marvell/wmsdk-2.13/libs/libarch.a(pwrmgr.o)
                0x0010663c                arch_pm_init
 .text.arch_reboot
                0x0010673c       0x30 /home/rec/marvell/wmsdk-2.13/libs/libarch.a(pwrmgr.o)
                0x0010673c                arch_reboot
 .text.wm_wlan_init
                0x0010676c       0x68 /home/rec/marvell/wmsdk-2.13/libs/libarch.a(wm_wlan.o)
                0x0010676c                wm_wlan_init
 .text.atoi     0x001067d4       0x10 /home/rec/marvell/wmsdk-2.13/libs/libc.a(atoi.o)
                0x001067d4                atoi
 .text.bzero    0x001067e4        0x8 /home/rec/marvell/wmsdk-2.13/libs/libc.a(bzero.o)
                0x001067e4                bzero
 .text.snprintf
                0x001067ec       0x18 /home/rec/marvell/wmsdk-2.13/libs/libc.a(snprintf.o)
                0x001067ec                snprintf
 .text.sprintf  0x00106804       0x1c /home/rec/marvell/wmsdk-2.13/libs/libc.a(sprintf.o)
                0x00106804                sprintf
 .text.vsnprintf
                0x00106820      0x698 /home/rec/marvell/wmsdk-2.13/libs/libc.a(vsnprintf.o)
                0x00106820                vsnprintf
 .text.strcmp   0x00106eb8       0x14 /home/rec/marvell/wmsdk-2.13/libs/libc.a(strcmp.o)
                0x00106eb8                strcmp
 .text.strncmp  0x00106ecc       0x1c /home/rec/marvell/wmsdk-2.13/libs/libc.a(strncmp.o)
                0x00106ecc                strncmp
 .text.strcasecmp
                0x00106ee8       0x40 /home/rec/marvell/wmsdk-2.13/libs/libc.a(strcasecmp.o)
                0x00106ee8                strcasecmp
 .text.strcpy   0x00106f28       0x10 /home/rec/marvell/wmsdk-2.13/libs/libc.a(strcpy.o)
                0x00106f28                strcpy
 .text.strncpy  0x00106f38       0x20 /home/rec/marvell/wmsdk-2.13/libs/libc.a(strncpy.o)
                0x00106f38                strncpy
 .text.strcat   0x00106f58       0x16 /home/rec/marvell/wmsdk-2.13/libs/libc.a(strcat.o)
                0x00106f58                strcat
 .text.strlen   0x00106f6e       0x10 /home/rec/marvell/wmsdk-2.13/libs/libc.a(strlen.o)
                0x00106f6e                strlen
 .text.strchr   0x00106f7e       0x1a /home/rec/marvell/wmsdk-2.13/libs/libc.a(strchr.o)
                0x00106f7e                strchr
 .text.strntoumax
                0x00106f98       0xf0 /home/rec/marvell/wmsdk-2.13/libs/libc.a(strntoumax.o)
                0x00106f98                strntoumax
 .text.get_sdk_version
                0x00107088       0x10 /home/rec/marvell/wmsdk-2.13/libs/libcli.a(cli.o)
 .text.help_command
                0x00107098       0x50 /home/rec/marvell/wmsdk-2.13/libs/libcli.a(cli.o)
 .text.os_mutex_put.constprop.12
                0x001070e8       0x40 /home/rec/marvell/wmsdk-2.13/libs/libcli.a(cli.o)
 .text.os_mutex_get.isra.2.constprop.16
                0x00107128       0x1a /home/rec/marvell/wmsdk-2.13/libs/libcli.a(cli.o)
 *fill*         0x00107142        0x2 
 .text.cli_main
                0x00107144      0x248 /home/rec/marvell/wmsdk-2.13/libs/libcli.a(cli.o)
 .text.cli_install_UART_Tick
                0x0010738c       0x44 /home/rec/marvell/wmsdk-2.13/libs/libcli.a(cli.o)
                0x0010738c                cli_install_UART_Tick
 .text.cli_start
                0x001073d0       0x94 /home/rec/marvell/wmsdk-2.13/libs/libcli.a(cli.o)
                0x001073d0                cli_start
 .text.cli_get_cmd_buffer
                0x00107464       0x1a /home/rec/marvell/wmsdk-2.13/libs/libcli.a(cli.o)
                0x00107464                cli_get_cmd_buffer
 *fill*         0x0010747e        0x2 
 .text.cli_submit_cmd_buffer
                0x00107480       0x5c /home/rec/marvell/wmsdk-2.13/libs/libcli.a(cli.o)
                0x00107480                cli_submit_cmd_buffer
 .text.console_tick
                0x001074dc      0x190 /home/rec/marvell/wmsdk-2.13/libs/libcli.a(cli.o)
 .text.cli_register_command
                0x0010766c       0x48 /home/rec/marvell/wmsdk-2.13/libs/libcli.a(cli.o)
                0x0010766c                cli_register_command
 .text.cli_register_commands
                0x001076b4       0x22 /home/rec/marvell/wmsdk-2.13/libs/libcli.a(cli.o)
                0x001076b4                cli_register_commands
 *fill*         0x001076d6        0x2 
 .text.cli_init
                0x001076d8       0x54 /home/rec/marvell/wmsdk-2.13/libs/libcli.a(cli.o)
                0x001076d8                cli_init
 .text.string_equal
                0x0010772c       0x2e /home/rec/marvell/wmsdk-2.13/libs/libcli.a(cli_utils.o)
                0x0010772c                string_equal
 .text.get_uint
                0x0010775a       0x2c /home/rec/marvell/wmsdk-2.13/libs/libcli.a(cli_utils.o)
                0x0010775a                get_uint
 .text.get_mac  0x00107786       0xb8 /home/rec/marvell/wmsdk-2.13/libs/libcli.a(cli_utils.o)
                0x00107786                get_mac
 *fill*         0x0010783e        0x2 
 .text.print_mac
                0x00107840       0x20 /home/rec/marvell/wmsdk-2.13/libs/libcli.a(cli_utils.o)
                0x00107840                print_mac
 .text.cli_getopt
                0x00107860       0x70 /home/rec/marvell/wmsdk-2.13/libs/libcli.a(cli_utils.o)
                0x00107860                cli_getopt
 .text.cli_mem_init
                0x001078d0        0x4 /home/rec/marvell/wmsdk-2.13/libs/libcli.a(cli_mem_simple.o)
                0x001078d0                cli_mem_init
 .text.cli_mem_malloc
                0x001078d4       0x34 /home/rec/marvell/wmsdk-2.13/libs/libcli.a(cli_mem_simple.o)
                0x001078d4                cli_mem_malloc
 .text.cli_mem_free
                0x00107908       0x30 /home/rec/marvell/wmsdk-2.13/libs/libcli.a(cli_mem_simple.o)
                0x00107908                cli_mem_free
 .text.dhcp_server_start
                0x00107938       0x50 /home/rec/marvell/wmsdk-2.13/libs/libdhcpd.a(dhcp-server-main.o)
                0x00107938                dhcp_server_start
 .text.dhcp_server_stop
                0x00107988       0x28 /home/rec/marvell/wmsdk-2.13/libs/libdhcpd.a(dhcp-server-main.o)
                0x00107988                dhcp_server_stop
 .text.ac_lookup_mac
                0x001079b0       0x6c /home/rec/marvell/wmsdk-2.13/libs/libdhcpd.a(dhcp-server.o)
 .text.ac_not_full
                0x00107a1c       0x14 /home/rec/marvell/wmsdk-2.13/libs/libdhcpd.a(dhcp-server.o)
 .text.ac_add   0x00107a30       0x58 /home/rec/marvell/wmsdk-2.13/libs/libdhcpd.a(dhcp-server.o)
 .text.ac_valid_ip
                0x00107a88       0x6c /home/rec/marvell/wmsdk-2.13/libs/libdhcpd.a(dhcp-server.o)
 .text.write_u32
                0x00107af4       0x10 /home/rec/marvell/wmsdk-2.13/libs/libdhcpd.a(dhcp-server.o)
 .text.send_response.constprop.8
                0x00107b04       0x48 /home/rec/marvell/wmsdk-2.13/libs/libdhcpd.a(dhcp-server.o)
 .text.net_inet_aton.constprop.10
                0x00107b4c       0x14 /home/rec/marvell/wmsdk-2.13/libs/libdhcpd.a(dhcp-server.o)
 .text.os_mutex_put.constprop.13
                0x00107b60       0x40 /home/rec/marvell/wmsdk-2.13/libs/libdhcpd.a(dhcp-server.o)
 .text.os_thread_self_complete.constprop.12
                0x00107ba0       0x12 /home/rec/marvell/wmsdk-2.13/libs/libdhcpd.a(dhcp-server.o)
 *fill*         0x00107bb2        0x2 
 .text.create_and_bind_udp_socket
                0x00107bb4       0xa0 /home/rec/marvell/wmsdk-2.13/libs/libdhcpd.a(dhcp-server.o)
 .text.os_mutex_get.isra.3.constprop.22
                0x00107c54       0x1a /home/rec/marvell/wmsdk-2.13/libs/libdhcpd.a(dhcp-server.o)
 *fill*         0x00107c6e        0x2 
 .text.dhcp_clean_sockets
                0x00107c70       0x44 /home/rec/marvell/wmsdk-2.13/libs/libdhcpd.a(dhcp-server.o)
                0x00107c70                dhcp_clean_sockets
 .text.dhcp_server
                0x00107cb4      0x600 /home/rec/marvell/wmsdk-2.13/libs/libdhcpd.a(dhcp-server.o)
                0x00107cb4                dhcp_server
 .text.dhcp_server_init
                0x001082b4      0x120 /home/rec/marvell/wmsdk-2.13/libs/libdhcpd.a(dhcp-server.o)
                0x001082b4                dhcp_server_init
 .text.dhcp_send_halt
                0x001083d4       0x74 /home/rec/marvell/wmsdk-2.13/libs/libdhcpd.a(dhcp-server.o)
                0x001083d4                dhcp_send_halt
 .text.get_stats
                0x00108448      0x1c4 /home/rec/marvell/wmsdk-2.13/libs/libdiagnostics.a(diagnostics.o)
                0x00108448                get_stats
 .text.diagnostics_read_stats
                0x0010860c      0x188 /home/rec/marvell/wmsdk-2.13/libs/libdiagnostics.a(diagnostics.o)
                0x0010860c                diagnostics_read_stats
 .text.diagnostics_write_stats
                0x00108794      0x17c /home/rec/marvell/wmsdk-2.13/libs/libdiagnostics.a(diagnostics.o)
                0x00108794                diagnostics_write_stats
 .text.diagnostics_read_stats_psm
                0x00108910      0x1d4 /home/rec/marvell/wmsdk-2.13/libs/libdiagnostics.a(diagnostics.o)
                0x00108910                diagnostics_read_stats_psm
 .text.diagnostics_set_reboot_reason
                0x00108ae4        0xc /home/rec/marvell/wmsdk-2.13/libs/libdiagnostics.a(diagnostics.o)
                0x00108ae4                diagnostics_set_reboot_reason
 .text.os_mutex_get.isra.1.constprop.2
                0x00108af0       0x1a /home/rec/marvell/wmsdk-2.13/libs/libdrv.a(mdev_gpio.o)
 *fill*         0x00108b0a        0x2 
 .text.os_mutex_put.constprop.4
                0x00108b0c       0x40 /home/rec/marvell/wmsdk-2.13/libs/libdrv.a(mdev_gpio.o)
 .text.gpio_drv_write
                0x00108b4c       0x3c /home/rec/marvell/wmsdk-2.13/libs/libdrv.a(mdev_gpio.o)
                0x00108b4c                gpio_drv_write
 .text.gpio_drv_read
                0x00108b88       0x3c /home/rec/marvell/wmsdk-2.13/libs/libdrv.a(mdev_gpio.o)
                0x00108b88                gpio_drv_read
 .text.gpio_drv_setdir
                0x00108bc4       0x3c /home/rec/marvell/wmsdk-2.13/libs/libdrv.a(mdev_gpio.o)
                0x00108bc4                gpio_drv_setdir
 .text.gpio_drv_set_cb
                0x00108c00       0x84 /home/rec/marvell/wmsdk-2.13/libs/libdrv.a(mdev_gpio.o)
                0x00108c00                gpio_drv_set_cb
 .text.gpio_drv_close
                0x00108c84        0x4 /home/rec/marvell/wmsdk-2.13/libs/libdrv.a(mdev_gpio.o)
                0x00108c84                gpio_drv_close
 .text.gpio_drv_open
                0x00108c88       0x24 /home/rec/marvell/wmsdk-2.13/libs/libdrv.a(mdev_gpio.o)
                0x00108c88                gpio_drv_open
 .text.gpio_drv_init
                0x00108cac       0x54 /home/rec/marvell/wmsdk-2.13/libs/libdrv.a(mdev_gpio.o)
                0x00108cac                gpio_drv_init
 .text.pinmux_drv_setfunc
                0x00108d00       0x6c /home/rec/marvell/wmsdk-2.13/libs/libdrv.a(mdev_pinmux.o)
                0x00108d00                pinmux_drv_setfunc
 .text.pinmux_drv_close
                0x00108d6c        0x4 /home/rec/marvell/wmsdk-2.13/libs/libdrv.a(mdev_pinmux.o)
                0x00108d6c                pinmux_drv_close
 .text.pinmux_drv_open
                0x00108d70       0x20 /home/rec/marvell/wmsdk-2.13/libs/libdrv.a(mdev_pinmux.o)
                0x00108d70                pinmux_drv_open
 .text.pinmux_drv_init
                0x00108d90       0x4c /home/rec/marvell/wmsdk-2.13/libs/libdrv.a(mdev_pinmux.o)
                0x00108d90                pinmux_drv_init
 .text.rtc_xtal32k_ps_cb
                0x00108ddc       0x24 /home/rec/marvell/wmsdk-2.13/libs/libdrv.a(mdev_rtc.o)
                0x00108ddc                rtc_xtal32k_ps_cb
 .text.rtc_drv_set_cb
                0x00108e00       0x2c /home/rec/marvell/wmsdk-2.13/libs/libdrv.a(mdev_rtc.o)
                0x00108e00                rtc_drv_set_cb
 .text.rtc_drv_set
                0x00108e2c       0x2c /home/rec/marvell/wmsdk-2.13/libs/libdrv.a(mdev_rtc.o)
                0x00108e2c                rtc_drv_set
 .text.rtc_drv_reset
                0x00108e58        0x4 /home/rec/marvell/wmsdk-2.13/libs/libdrv.a(mdev_rtc.o)
                0x00108e58                rtc_drv_reset
 .text.rtc_drv_get
                0x00108e5c        0x4 /home/rec/marvell/wmsdk-2.13/libs/libdrv.a(mdev_rtc.o)
                0x00108e5c                rtc_drv_get
 .text.rtc_drv_get_uppval
                0x00108e60        0x4 /home/rec/marvell/wmsdk-2.13/libs/libdrv.a(mdev_rtc.o)
                0x00108e60                rtc_drv_get_uppval
 .text.rtc_drv_start
                0x00108e64        0x4 /home/rec/marvell/wmsdk-2.13/libs/libdrv.a(mdev_rtc.o)
                0x00108e64                rtc_drv_start
 .text.rtc_drv_open
                0x00108e68       0x24 /home/rec/marvell/wmsdk-2.13/libs/libdrv.a(mdev_rtc.o)
                0x00108e68                rtc_drv_open
 .text.rtc_drv_init
                0x00108e8c      0x160 /home/rec/marvell/wmsdk-2.13/libs/libdrv.a(mdev_rtc.o)
                0x00108e8c                rtc_drv_init
 .text.GPIO_SetPinDir
                0x00108fec       0x2c /home/rec/marvell/wmsdk-2.13/libs/libdrv.a(mc200_gpio.o)
                0x00108fec                GPIO_SetPinDir
 .text.GPIO_WritePinOutput
                0x00109018       0x2c /home/rec/marvell/wmsdk-2.13/libs/libdrv.a(mc200_gpio.o)
                0x00109018                GPIO_WritePinOutput
 .text.GPIO_ReadPinLevel
                0x00109044       0x20 /home/rec/marvell/wmsdk-2.13/libs/libdrv.a(mc200_gpio.o)
                0x00109044                GPIO_ReadPinLevel
 .text.GPIO_IntConfig
                0x00109064       0x8c /home/rec/marvell/wmsdk-2.13/libs/libdrv.a(mc200_gpio.o)
                0x00109064                GPIO_IntConfig
 .text.GPIO_IntMask
                0x001090f0       0x2c /home/rec/marvell/wmsdk-2.13/libs/libdrv.a(mc200_gpio.o)
                0x001090f0                GPIO_IntMask
 .text.GPIO_GetIntStatus
                0x0010911c       0x24 /home/rec/marvell/wmsdk-2.13/libs/libdrv.a(mc200_gpio.o)
                0x0010911c                GPIO_GetIntStatus
 .text.GPIO_IntClr
                0x00109140       0x1c /home/rec/marvell/wmsdk-2.13/libs/libdrv.a(mc200_gpio.o)
                0x00109140                GPIO_IntClr
 .text.GPIO_IRQHandler
                0x0010915c       0x64 /home/rec/marvell/wmsdk-2.13/libs/libdrv.a(mc200_gpio.o)
                0x0010915c                GPIO_IRQHandler
 .text.GPIO_PinMuxFun
                0x001091c0       0x40 /home/rec/marvell/wmsdk-2.13/libs/libdrv.a(mc200_pinmux.o)
                0x001091c0                GPIO_PinMuxFun
 .text.SFLASH_HOLDnConfig
                0x00109200       0x2c /home/rec/marvell/wmsdk-2.13/libs/libdrv.a(mc200_pinmux.o)
                0x00109200                SFLASH_HOLDnConfig
 .text.SFLASH_DIOConfig
                0x0010922c       0x2c /home/rec/marvell/wmsdk-2.13/libs/libdrv.a(mc200_pinmux.o)
                0x0010922c                SFLASH_DIOConfig
 .text.SFLASH_WPConfig
                0x00109258       0x2c /home/rec/marvell/wmsdk-2.13/libs/libdrv.a(mc200_pinmux.o)
                0x00109258                SFLASH_WPConfig
 .text.SFLASH_DOConfig
                0x00109284       0x2c /home/rec/marvell/wmsdk-2.13/libs/libdrv.a(mc200_pinmux.o)
                0x00109284                SFLASH_DOConfig
 .text.XFLASH_PowerDown
                0x001092b0       0x36 /home/rec/marvell/wmsdk-2.13/libs/libdrv.a(mc200_xflash.o)
                0x001092b0                XFLASH_PowerDown
 *fill*         0x001092e6        0x2 
 .text.RTC_CounterReset
                0x001092e8       0x38 /home/rec/marvell/wmsdk-2.13/libs/libdrv.a(mc200_rtc.o)
                0x001092e8                RTC_CounterReset
 .text.RTC_Init
                0x00109320       0x28 /home/rec/marvell/wmsdk-2.13/libs/libdrv.a(mc200_rtc.o)
                0x00109320                RTC_Init
 .text.RTC_GetCntStatus
                0x00109348       0x10 /home/rec/marvell/wmsdk-2.13/libs/libdrv.a(mc200_rtc.o)
                0x00109348                RTC_GetCntStatus
 .text.RTC_Start
                0x00109358       0x10 /home/rec/marvell/wmsdk-2.13/libs/libdrv.a(mc200_rtc.o)
                0x00109358                RTC_Start
 .text.RTC_SetCounterUppVal
                0x00109368        0xc /home/rec/marvell/wmsdk-2.13/libs/libdrv.a(mc200_rtc.o)
                0x00109368                RTC_SetCounterUppVal
 .text.RTC_GetCounterUppVal
                0x00109374        0xc /home/rec/marvell/wmsdk-2.13/libs/libdrv.a(mc200_rtc.o)
                0x00109374                RTC_GetCounterUppVal
 .text.RTC_GetCounterVal
                0x00109380        0xc /home/rec/marvell/wmsdk-2.13/libs/libdrv.a(mc200_rtc.o)
                0x00109380                RTC_GetCounterVal
 .text.RTC_IntMask
                0x0010938c       0x10 /home/rec/marvell/wmsdk-2.13/libs/libdrv.a(mc200_rtc.o)
                0x0010938c                RTC_IntMask
 .text.RTC_IntClr
                0x0010939c       0x10 /home/rec/marvell/wmsdk-2.13/libs/libdrv.a(mc200_rtc.o)
                0x0010939c                RTC_IntClr
 .text.RTC_IRQHandler
                0x001093ac       0x38 /home/rec/marvell/wmsdk-2.13/libs/libdrv.a(mc200_rtc.o)
                0x001093ac                RTC_IRQHandler
 .text.gpt_drv_open
                0x001093e4       0x68 /home/rec/marvell/wmsdk-2.13/libs/libdrv.a(mdev_gpt.o)
                0x001093e4                gpt_drv_open
 .text.gpt_drv_set
                0x0010944c       0x1e /home/rec/marvell/wmsdk-2.13/libs/libdrv.a(mdev_gpt.o)
                0x0010944c                gpt_drv_set
 .text.gpt_drv_pwm
                0x0010946a       0x38 /home/rec/marvell/wmsdk-2.13/libs/libdrv.a(mdev_gpt.o)
                0x0010946a                gpt_drv_pwm
 *fill*         0x001094a2        0x2 
 .text.gpt_drv_start
                0x001094a4       0x5c /home/rec/marvell/wmsdk-2.13/libs/libdrv.a(mdev_gpt.o)
                0x001094a4                gpt_drv_start
 .text.gpt_drv_stop
                0x00109500       0x34 /home/rec/marvell/wmsdk-2.13/libs/libdrv.a(mdev_gpt.o)
                0x00109500                gpt_drv_stop
 .text.gpt_drv_close
                0x00109534       0x44 /home/rec/marvell/wmsdk-2.13/libs/libdrv.a(mdev_gpt.o)
                0x00109534                gpt_drv_close
 .text.gpt_drv_init
                0x00109578       0xa8 /home/rec/marvell/wmsdk-2.13/libs/libdrv.a(mdev_gpt.o)
                0x00109578                gpt_drv_init
 .text.QSPI1_IRQHandler
                0x00109620      0x14c /home/rec/marvell/wmsdk-2.13/libs/libdrv.a(mc200_qspi1.o)
                0x00109620                QSPI1_IRQHandler
 .text.QSPI1_FlushFIFO
                0x0010976c       0x38 /home/rec/marvell/wmsdk-2.13/libs/libdrv.a(mc200_qspi1.o)
                0x0010976c                QSPI1_FlushFIFO
 .text.QSPI1_SetHdrcnt
                0x001097a4       0x2c /home/rec/marvell/wmsdk-2.13/libs/libdrv.a(mc200_qspi1.o)
                0x001097a4                QSPI1_SetHdrcnt
 .text.QSPI1_SetInstr
                0x001097d0       0x14 /home/rec/marvell/wmsdk-2.13/libs/libdrv.a(mc200_qspi1.o)
                0x001097d0                QSPI1_SetInstr
 .text.QSPI1_SetDInCnt
                0x001097e4       0x10 /home/rec/marvell/wmsdk-2.13/libs/libdrv.a(mc200_qspi1.o)
                0x001097e4                QSPI1_SetDInCnt
 .text.QSPI1_SetSSEnable
                0x001097f4       0x18 /home/rec/marvell/wmsdk-2.13/libs/libdrv.a(mc200_qspi1.o)
                0x001097f4                QSPI1_SetSSEnable
 .text.QSPI1_StartTransfer
                0x0010980c       0x24 /home/rec/marvell/wmsdk-2.13/libs/libdrv.a(mc200_qspi1.o)
                0x0010980c                QSPI1_StartTransfer
 .text.QSPI1_StopTransfer
                0x00109830       0x2c /home/rec/marvell/wmsdk-2.13/libs/libdrv.a(mc200_qspi1.o)
                0x00109830                QSPI1_StopTransfer
 .text.GPT_IRQHandler
                0x0010985c       0xf4 /home/rec/marvell/wmsdk-2.13/libs/libdrv.a(mc200_gpt.o)
 .text.GPT_Init
                0x00109950       0x48 /home/rec/marvell/wmsdk-2.13/libs/libdrv.a(mc200_gpt.o)
                0x00109950                GPT_Init
 .text.GPT_CounterReset
                0x00109998       0x38 /home/rec/marvell/wmsdk-2.13/libs/libdrv.a(mc200_gpt.o)
                0x00109998                GPT_CounterReset
 .text.GPT_Start
                0x001099d0       0x14 /home/rec/marvell/wmsdk-2.13/libs/libdrv.a(mc200_gpt.o)
                0x001099d0                GPT_Start
 .text.GPT_Stop
                0x001099e4       0x14 /home/rec/marvell/wmsdk-2.13/libs/libdrv.a(mc200_gpt.o)
                0x001099e4                GPT_Stop
 .text.GPT_ChannelReset
                0x001099f8       0x1c /home/rec/marvell/wmsdk-2.13/libs/libdrv.a(mc200_gpt.o)
                0x001099f8                GPT_ChannelReset
 .text.GPT_ChannelFuncSelect
                0x00109a14       0x18 /home/rec/marvell/wmsdk-2.13/libs/libdrv.a(mc200_gpt.o)
                0x00109a14                GPT_ChannelFuncSelect
 .text.GPT_ChannelOutputConfig
                0x00109a2c       0x44 /home/rec/marvell/wmsdk-2.13/libs/libdrv.a(mc200_gpt.o)
                0x00109a2c                GPT_ChannelOutputConfig
 .text.GPT_IntMask
                0x00109a70       0x88 /home/rec/marvell/wmsdk-2.13/libs/libdrv.a(mc200_gpt.o)
                0x00109a70                GPT_IntMask
 .text.GPT_StatusClr
                0x00109af8       0x58 /home/rec/marvell/wmsdk-2.13/libs/libdrv.a(mc200_gpt.o)
                0x00109af8                GPT_StatusClr
 .text.GPT0_IRQHandler
                0x00109b50        0x8 /home/rec/marvell/wmsdk-2.13/libs/libdrv.a(mc200_gpt.o)
                0x00109b50                GPT0_IRQHandler
 .text.GPT1_IRQHandler
                0x00109b58        0x8 /home/rec/marvell/wmsdk-2.13/libs/libdrv.a(mc200_gpt.o)
                0x00109b58                GPT1_IRQHandler
 .text.GPT2_IRQHandler
                0x00109b60        0x8 /home/rec/marvell/wmsdk-2.13/libs/libdrv.a(mc200_gpt.o)
                0x00109b60                GPT2_IRQHandler
 .text.GPT3_IRQHandler
                0x00109b68        0x8 /home/rec/marvell/wmsdk-2.13/libs/libdrv.a(mc200_gpt.o)
                0x00109b68                GPT3_IRQHandler
 .text.prvUnlockQueue
                0x00109b70       0x90 /home/rec/marvell/wmsdk-2.13/libs/libfreertos.a(queue.o)
 .text.prvCopyDataFromQueue
                0x00109c00       0x28 /home/rec/marvell/wmsdk-2.13/libs/libfreertos.a(queue.o)
 .text.prvCopyDataToQueue
                0x00109c28       0x6c /home/rec/marvell/wmsdk-2.13/libs/libfreertos.a(queue.o)
 .text.xQueueCreate
                0x00109c94       0x68 /home/rec/marvell/wmsdk-2.13/libs/libfreertos.a(queue.o)
                0x00109c94                xQueueCreate
 .text.xQueueCreateCountingSemaphore
                0x00109cfc       0x10 /home/rec/marvell/wmsdk-2.13/libs/libfreertos.a(queue.o)
                0x00109cfc                xQueueCreateCountingSemaphore
 .text.xQueueGenericSend
                0x00109d0c       0xec /home/rec/marvell/wmsdk-2.13/libs/libfreertos.a(queue.o)
                0x00109d0c                xQueueGenericSend
 .text.xQueueCreateMutex
                0x00109df8       0x44 /home/rec/marvell/wmsdk-2.13/libs/libfreertos.a(queue.o)
                0x00109df8                xQueueCreateMutex
 .text.xQueueGenericSendFromISR
                0x00109e3c       0x60 /home/rec/marvell/wmsdk-2.13/libs/libfreertos.a(queue.o)
                0x00109e3c                xQueueGenericSendFromISR
 .text.xQueueGenericReceive
                0x00109e9c      0x130 /home/rec/marvell/wmsdk-2.13/libs/libfreertos.a(queue.o)
                0x00109e9c                xQueueGenericReceive
 .text.uxQueueMessagesWaiting
                0x00109fcc       0x14 /home/rec/marvell/wmsdk-2.13/libs/libfreertos.a(queue.o)
                0x00109fcc                uxQueueMessagesWaiting
 .text.vQueueDelete
                0x00109fe0       0x14 /home/rec/marvell/wmsdk-2.13/libs/libfreertos.a(queue.o)
                0x00109fe0                vQueueDelete
 .text.vQueueWaitForMessageRestricted
                0x00109ff4       0x40 /home/rec/marvell/wmsdk-2.13/libs/libfreertos.a(queue.o)
                0x00109ff4                vQueueWaitForMessageRestricted
 .text.prvAddCurrentTaskToDelayedList
                0x0010a034       0x60 /home/rec/marvell/wmsdk-2.13/libs/libfreertos.a(tasks.o)
 .text.xTaskGenericCreate
                0x0010a094      0x218 /home/rec/marvell/wmsdk-2.13/libs/libfreertos.a(tasks.o)
                0x0010a094                xTaskGenericCreate
 .text.vTaskDelete
                0x0010a2ac       0x90 /home/rec/marvell/wmsdk-2.13/libs/libfreertos.a(tasks.o)
                0x0010a2ac                vTaskDelete
 .text.vTaskStartScheduler
                0x0010a33c       0x60 /home/rec/marvell/wmsdk-2.13/libs/libfreertos.a(tasks.o)
                0x0010a33c                vTaskStartScheduler
 .text.vTaskSuspendAll
                0x0010a39c       0x10 /home/rec/marvell/wmsdk-2.13/libs/libfreertos.a(tasks.o)
                0x0010a39c                vTaskSuspendAll
 .text.xTaskUpdateTickCount
                0x0010a3ac       0x20 /home/rec/marvell/wmsdk-2.13/libs/libfreertos.a(tasks.o)
                0x0010a3ac                xTaskUpdateTickCount
 .text.xTaskGetUnblockTime
                0x0010a3cc       0x24 /home/rec/marvell/wmsdk-2.13/libs/libfreertos.a(tasks.o)
                0x0010a3cc                xTaskGetUnblockTime
 .text.xTaskGetTickCount
                0x0010a3f0       0x18 /home/rec/marvell/wmsdk-2.13/libs/libfreertos.a(tasks.o)
                0x0010a3f0                xTaskGetTickCount
 .text.xTaskGetTotalTickCount
                0x0010a408       0x2c /home/rec/marvell/wmsdk-2.13/libs/libfreertos.a(tasks.o)
                0x0010a408                xTaskGetTotalTickCount
 .text.xTaskGetTickCountFromISR
                0x0010a434       0x20 /home/rec/marvell/wmsdk-2.13/libs/libfreertos.a(tasks.o)
                0x0010a434                xTaskGetTickCountFromISR
 .text.vTaskIncrementTick
                0x0010a454      0x180 /home/rec/marvell/wmsdk-2.13/libs/libfreertos.a(tasks.o)
                0x0010a454                vTaskIncrementTick
 .text.xTaskResumeAll
                0x0010a5d4       0xec /home/rec/marvell/wmsdk-2.13/libs/libfreertos.a(tasks.o)
                0x0010a5d4                xTaskResumeAll
 .text.prvIdleTask
                0x0010a6c0       0x98 /home/rec/marvell/wmsdk-2.13/libs/libfreertos.a(tasks.o)
 .text.vTaskDelay
                0x0010a758       0x68 /home/rec/marvell/wmsdk-2.13/libs/libfreertos.a(tasks.o)
                0x0010a758                vTaskDelay
 .text.vTaskSwitchContext
                0x0010a7c0      0x14c /home/rec/marvell/wmsdk-2.13/libs/libfreertos.a(tasks.o)
                0x0010a7c0                vTaskSwitchContext
 .text.vTaskSuspend
                0x0010a90c       0x80 /home/rec/marvell/wmsdk-2.13/libs/libfreertos.a(tasks.o)
                0x0010a90c                vTaskSuspend
 .text.vTaskPlaceOnEventList
                0x0010a98c       0x4c /home/rec/marvell/wmsdk-2.13/libs/libfreertos.a(tasks.o)
                0x0010a98c                vTaskPlaceOnEventList
 .text.vTaskPlaceOnEventListRestricted
                0x0010a9d8       0x34 /home/rec/marvell/wmsdk-2.13/libs/libfreertos.a(tasks.o)
                0x0010a9d8                vTaskPlaceOnEventListRestricted
 .text.xTaskRemoveFromEventList
                0x0010aa0c       0x78 /home/rec/marvell/wmsdk-2.13/libs/libfreertos.a(tasks.o)
                0x0010aa0c                xTaskRemoveFromEventList
 .text.vTaskSetTimeOutState
                0x0010aa84       0x1c /home/rec/marvell/wmsdk-2.13/libs/libfreertos.a(tasks.o)
                0x0010aa84                vTaskSetTimeOutState
 .text.xTaskCheckForTimeOut
                0x0010aaa0       0x8c /home/rec/marvell/wmsdk-2.13/libs/libfreertos.a(tasks.o)
                0x0010aaa0                xTaskCheckForTimeOut
 .text.vTaskMissedYield
                0x0010ab2c       0x10 /home/rec/marvell/wmsdk-2.13/libs/libfreertos.a(tasks.o)
                0x0010ab2c                vTaskMissedYield
 .text.xTaskGetCurrentTaskHandle
                0x0010ab3c        0xc /home/rec/marvell/wmsdk-2.13/libs/libfreertos.a(tasks.o)
                0x0010ab3c                xTaskGetCurrentTaskHandle
 .text.xTaskGetSchedulerState
                0x0010ab48       0x20 /home/rec/marvell/wmsdk-2.13/libs/libfreertos.a(tasks.o)
                0x0010ab48                xTaskGetSchedulerState
 .text.vTaskPriorityInherit
                0x0010ab68       0x70 /home/rec/marvell/wmsdk-2.13/libs/libfreertos.a(tasks.o)
                0x0010ab68                vTaskPriorityInherit
 .text.vTaskPriorityDisinherit
                0x0010abd8       0x54 /home/rec/marvell/wmsdk-2.13/libs/libfreertos.a(tasks.o)
                0x0010abd8                vTaskPriorityDisinherit
 .text.prvCheckForValidListAndQueue
                0x0010ac2c       0x58 /home/rec/marvell/wmsdk-2.13/libs/libfreertos.a(timers.o)
 .text.prvInsertTimerInActiveList
                0x0010ac84       0x58 /home/rec/marvell/wmsdk-2.13/libs/libfreertos.a(timers.o)
 .text.xTimerCreateTimerTask
                0x0010acdc       0x3c /home/rec/marvell/wmsdk-2.13/libs/libfreertos.a(timers.o)
                0x0010acdc                xTimerCreateTimerTask
 .text.xTimerCreate
                0x0010ad18       0x38 /home/rec/marvell/wmsdk-2.13/libs/libfreertos.a(timers.o)
                0x0010ad18                xTimerCreate
 .text.xTimerGenericCommand
                0x0010ad50       0x50 /home/rec/marvell/wmsdk-2.13/libs/libfreertos.a(timers.o)
                0x0010ad50                xTimerGenericCommand
 .text.prvSwitchTimerLists.isra.1
                0x0010ada0       0x94 /home/rec/marvell/wmsdk-2.13/libs/libfreertos.a(timers.o)
 .text.prvTimerTask
                0x0010ae34      0x158 /home/rec/marvell/wmsdk-2.13/libs/libfreertos.a(timers.o)
 .text.xTimerIsTimerActive
                0x0010af8c       0x18 /home/rec/marvell/wmsdk-2.13/libs/libfreertos.a(timers.o)
                0x0010af8c                xTimerIsTimerActive
 .text.pvTimerGetTimerID
                0x0010afa4        0x4 /home/rec/marvell/wmsdk-2.13/libs/libfreertos.a(timers.o)
                0x0010afa4                pvTimerGetTimerID
 .text.pxPortInitialiseStack
                0x0010afa8       0x18 /home/rec/marvell/wmsdk-2.13/libs/libfreertos.a(port.o)
                0x0010afa8                pxPortInitialiseStack
 .text.SVC_IRQHandler
                0x0010afc0       0x20 /home/rec/marvell/wmsdk-2.13/libs/libfreertos.a(port.o)
                0x0010afc0                SVC_IRQHandler
 .text.vPortStartFirstTask
                0x0010afe0       0x14 /home/rec/marvell/wmsdk-2.13/libs/libfreertos.a(port.o)
                0x0010afe0                vPortStartFirstTask
 .text.xPortStartScheduler
                0x0010aff4       0x64 /home/rec/marvell/wmsdk-2.13/libs/libfreertos.a(port.o)
                0x0010aff4                xPortStartScheduler
 .text.vPortYieldFromISR
                0x0010b058       0x14 /home/rec/marvell/wmsdk-2.13/libs/libfreertos.a(port.o)
                0x0010b058                vPortYieldFromISR
 .text.vPortEnterCritical
                0x0010b06c       0x18 /home/rec/marvell/wmsdk-2.13/libs/libfreertos.a(port.o)
                0x0010b06c                vPortEnterCritical
 .text.vPortExitCritical
                0x0010b084       0x1c /home/rec/marvell/wmsdk-2.13/libs/libfreertos.a(port.o)
                0x0010b084                vPortExitCritical
 .text.PendSV_IRQHandler
                0x0010b0a0       0x3c /home/rec/marvell/wmsdk-2.13/libs/libfreertos.a(port.o)
                0x0010b0a0                PendSV_IRQHandler
 .text.SysTick_IRQHandler
                0x0010b0dc       0x28 /home/rec/marvell/wmsdk-2.13/libs/libfreertos.a(port.o)
                0x0010b0dc                SysTick_IRQHandler
 .text.prvInsertBlockIntoFreeList
                0x0010b104       0xbc /home/rec/marvell/wmsdk-2.13/libs/libfreertos.a(heap_4.o)
 .text.getheapAllocInfo
                0x0010b1c0       0x40 /home/rec/marvell/wmsdk-2.13/libs/libfreertos.a(heap_4.o)
                0x0010b1c0                getheapAllocInfo
 .text.prvHeapInit
                0x0010b200       0xa0 /home/rec/marvell/wmsdk-2.13/libs/libfreertos.a(heap_4.o)
                0x0010b200                prvHeapInit
 .text.pvPortMalloc
                0x0010b2a0      0x100 /home/rec/marvell/wmsdk-2.13/libs/libfreertos.a(heap_4.o)
                0x0010b2a0                pvPortMalloc
 .text.vPortFree
                0x0010b3a0       0x7c /home/rec/marvell/wmsdk-2.13/libs/libfreertos.a(heap_4.o)
                0x0010b3a0                vPortFree
 .text.pvPortReAlloc
                0x0010b41c       0xbc /home/rec/marvell/wmsdk-2.13/libs/libfreertos.a(heap_4.o)
                0x0010b41c                pvPortReAlloc
 .text.vListInitialise
                0x0010b4d8       0x18 /home/rec/marvell/wmsdk-2.13/libs/libfreertos.a(list.o)
                0x0010b4d8                vListInitialise
 .text.vListInitialiseItem
                0x0010b4f0        0x8 /home/rec/marvell/wmsdk-2.13/libs/libfreertos.a(list.o)
                0x0010b4f0                vListInitialiseItem
 .text.vListInsertEnd
                0x0010b4f8       0x1c /home/rec/marvell/wmsdk-2.13/libs/libfreertos.a(list.o)
                0x0010b4f8                vListInsertEnd
 .text.vListInsert
                0x0010b514       0x38 /home/rec/marvell/wmsdk-2.13/libs/libfreertos.a(list.o)
                0x0010b514                vListInsert
 .text.vListRemove
                0x0010b54c       0x24 /home/rec/marvell/wmsdk-2.13/libs/libfreertos.a(list.o)
                0x0010b54c                vListRemove
 .text.ftfs_hexdump
                0x0010b570       0xcc /home/rec/marvell/wmsdk-2.13/libs/libftfs.a(ftfs_tests.o)
 .text.ftfs_cat
                0x0010b63c      0x14c /home/rec/marvell/wmsdk-2.13/libs/libftfs.a(ftfs_tests.o)
 .text.ftfs_ls  0x0010b788       0x40 /home/rec/marvell/wmsdk-2.13/libs/libftfs.a(ftfs_tests.o)
 .text.ftfs_cli_init
                0x0010b7c8       0x40 /home/rec/marvell/wmsdk-2.13/libs/libftfs.a(ftfs_tests.o)
                0x0010b7c8                ftfs_cli_init
 .text.os_msec_to_ticks
                0x0010b808        0x2 /home/rec/marvell/wmsdk-2.13/libs/libhealthmon.a(healthmon.o)
 .text.os_thread_sleep
                0x0010b80a        0x4 /home/rec/marvell/wmsdk-2.13/libs/libhealthmon.a(healthmon.o)
 .text.os_semaphore_get.isra.1.constprop.2
                0x0010b80e       0x1a /home/rec/marvell/wmsdk-2.13/libs/libhealthmon.a(healthmon.o)
 .text.lock_and_find_handler_by_name
                0x0010b828       0x40 /home/rec/marvell/wmsdk-2.13/libs/libhealthmon.a(healthmon.o)
 .text.os_semaphore_put.constprop.4
                0x0010b868       0x40 /home/rec/marvell/wmsdk-2.13/libs/libhealthmon.a(healthmon.o)
 .text.healthmon_loop
                0x0010b8a8      0x134 /home/rec/marvell/wmsdk-2.13/libs/libhealthmon.a(healthmon.o)
 .text.unlock_handler_list
                0x0010b9dc        0x4 /home/rec/marvell/wmsdk-2.13/libs/libhealthmon.a(healthmon.o)
 .text.healthmon_set_final_about_to_die_handler
                0x0010b9e0       0x20 /home/rec/marvell/wmsdk-2.13/libs/libhealthmon.a(healthmon.o)
                0x0010b9e0                healthmon_set_final_about_to_die_handler
 .text.healthmon_unregister_handler
                0x0010ba00       0x34 /home/rec/marvell/wmsdk-2.13/libs/libhealthmon.a(healthmon.o)
                0x0010ba00                healthmon_unregister_handler
 .text.healthmon_register_handler
                0x0010ba34       0x84 /home/rec/marvell/wmsdk-2.13/libs/libhealthmon.a(healthmon.o)
                0x0010ba34                healthmon_register_handler
 .text.healthmon_init
                0x0010bab8       0x70 /home/rec/marvell/wmsdk-2.13/libs/libhealthmon.a(healthmon.o)
                0x0010bab8                healthmon_init
 .text.healthmon_start
                0x0010bb28       0x44 /home/rec/marvell/wmsdk-2.13/libs/libhealthmon.a(healthmon.o)
                0x0010bb28                healthmon_start
 .text.http_close_transaction
                0x0010bb6c       0x1c /home/rec/marvell/wmsdk-2.13/libs/libhttpclient.a(httpc.o)
 .text._http_raw_send
                0x0010bb88       0x12 /home/rec/marvell/wmsdk-2.13/libs/libhttpclient.a(httpc.o)
 *fill*         0x0010bb9a        0x2 
 .text._http_raw_recv
                0x0010bb9c       0x78 /home/rec/marvell/wmsdk-2.13/libs/libhttpclient.a(httpc.o)
 .text.recv_buf
                0x0010bc14       0x42 /home/rec/marvell/wmsdk-2.13/libs/libhttpclient.a(httpc.o)
 .text.delete_session_object
                0x0010bc56       0x18 /home/rec/marvell/wmsdk-2.13/libs/libhttpclient.a(httpc.o)
 *fill*         0x0010bc6e        0x2 
 .text.zap_chunk_boundary
                0x0010bc70       0x50 /home/rec/marvell/wmsdk-2.13/libs/libhttpclient.a(httpc.o)
 .text._http_add_header
                0x0010bcc0       0x78 /home/rec/marvell/wmsdk-2.13/libs/libhttpclient.a(httpc.o)
 .text.http_parse_URL
                0x0010bd38       0xbc /home/rec/marvell/wmsdk-2.13/libs/libhttpclient.a(httpc.o)
                0x0010bd38                http_parse_URL
 .text.http_open_session
                0x0010bdf4      0x238 /home/rec/marvell/wmsdk-2.13/libs/libhttpclient.a(httpc.o)
                0x0010bdf4                http_open_session
 .text.http_add_header
                0x0010c02c       0x1a /home/rec/marvell/wmsdk-2.13/libs/libhttpclient.a(httpc.o)
                0x0010c02c                http_add_header
 *fill*         0x0010c046        0x2 
 .text.http_prepare_req
                0x0010c048      0x158 /home/rec/marvell/wmsdk-2.13/libs/libhttpclient.a(httpc.o)
                0x0010c048                http_prepare_req
 .text.http_send_request
                0x0010c1a0       0xac /home/rec/marvell/wmsdk-2.13/libs/libhttpclient.a(httpc.o)
                0x0010c1a0                http_send_request
 .text.http_get_response_hdr
                0x0010c24c      0x340 /home/rec/marvell/wmsdk-2.13/libs/libhttpclient.a(httpc.o)
                0x0010c24c                http_get_response_hdr
 .text.http_read_content
                0x0010c58c      0x214 /home/rec/marvell/wmsdk-2.13/libs/libhttpclient.a(httpc.o)
                0x0010c58c                http_read_content
 .text.http_close_session
                0x0010c7a0       0x26 /home/rec/marvell/wmsdk-2.13/libs/libhttpclient.a(httpc.o)
                0x0010c7a0                http_close_session
 .text.http_lowlevel_read
                0x0010c7c6       0x24 /home/rec/marvell/wmsdk-2.13/libs/libhttpclient.a(httpc.o)
                0x0010c7c6                http_lowlevel_read
 .text.http_lowlevel_write
                0x0010c7ea       0x22 /home/rec/marvell/wmsdk-2.13/libs/libhttpclient.a(httpc.o)
                0x0010c7ea                http_lowlevel_write
 .text.http_setsockopt
                0x0010c80c       0x28 /home/rec/marvell/wmsdk-2.13/libs/libhttpclient.a(httpc.o)
                0x0010c80c                http_setsockopt
 .text.os_msec_to_ticks
                0x0010c834        0x2 /home/rec/marvell/wmsdk-2.13/libs/libhttpd.a(httpd.o)
 *fill*         0x0010c836        0x2 
 .text.httpd_close_sockets
                0x0010c838       0x48 /home/rec/marvell/wmsdk-2.13/libs/libhttpd.a(httpd.o)
 .text.os_thread_sleep
                0x0010c880        0x4 /home/rec/marvell/wmsdk-2.13/libs/libhttpd.a(httpd.o)
 .text.net_get_sock_error.isra.0
                0x0010c884       0x30 /home/rec/marvell/wmsdk-2.13/libs/libhttpd.a(httpd.o)
 .text.httpd_thread_cleanup
                0x0010c8b4       0xdc /home/rec/marvell/wmsdk-2.13/libs/libhttpd.a(httpd.o)
 .text.httpd_suspend_thread.isra.1
                0x0010c990       0x28 /home/rec/marvell/wmsdk-2.13/libs/libhttpd.a(httpd.o)
 .text.httpd_select
                0x0010c9b8       0x58 /home/rec/marvell/wmsdk-2.13/libs/libhttpd.a(httpd.o)
 .text.httpd_main
                0x0010ca10      0x1cc /home/rec/marvell/wmsdk-2.13/libs/libhttpd.a(httpd.o)
 .text.httpd_start
                0x0010cbdc       0x44 /home/rec/marvell/wmsdk-2.13/libs/libhttpd.a(httpd.o)
                0x0010cbdc                httpd_start
 .text.httpd_stop
                0x0010cc20        0x4 /home/rec/marvell/wmsdk-2.13/libs/libhttpd.a(httpd.o)
                0x0010cc20                httpd_stop
 .text.httpd_shutdown
                0x0010cc24       0x14 /home/rec/marvell/wmsdk-2.13/libs/libhttpd.a(httpd.o)
                0x0010cc24                httpd_shutdown
 .text.httpd_init
                0x0010cc38       0x38 /home/rec/marvell/wmsdk-2.13/libs/libhttpd.a(httpd.o)
                0x0010cc38                httpd_init
 .text.__httpd_parse_useragent
                0x0010cc70       0x78 /home/rec/marvell/wmsdk-2.13/libs/libhttpd.a(http_parse.o)
 .text.httpd_next_token
                0x0010cce8       0x3c /home/rec/marvell/wmsdk-2.13/libs/libhttpd.a(http_parse.o)
 .text.httpd_token_cpy
                0x0010cd24       0x4c /home/rec/marvell/wmsdk-2.13/libs/libhttpd.a(http_parse.o)
 .text.httpd_parse_useragent
                0x0010cd70      0x268 /home/rec/marvell/wmsdk-2.13/libs/libhttpd.a(http_parse.o)
                0x0010cd70                httpd_parse_useragent
 .text.httpd_parse_hdr_tags
                0x0010cfd8      0x128 /home/rec/marvell/wmsdk-2.13/libs/libhttpd.a(http_parse.o)
                0x0010cfd8                httpd_parse_hdr_tags
 .text.httpd_parse_hdr_main
                0x0010d100       0xd4 /home/rec/marvell/wmsdk-2.13/libs/libhttpd.a(http_parse.o)
                0x0010d100                httpd_parse_hdr_main
 .text.httpd_send
                0x0010d1d4       0x2a /home/rec/marvell/wmsdk-2.13/libs/libhttpd.a(httpd_handle.o)
                0x0010d1d4                httpd_send
 *fill*         0x0010d1fe        0x2 
 .text.httpd_send_last_chunk
                0x0010d200        0xc /home/rec/marvell/wmsdk-2.13/libs/libhttpd.a(httpd_handle.o)
                0x0010d200                httpd_send_last_chunk
 .text.httpd_send_chunk_begin
                0x0010d20c       0x4c /home/rec/marvell/wmsdk-2.13/libs/libhttpd.a(httpd_handle.o)
                0x0010d20c                httpd_send_chunk_begin
 .text.httpd_send_chunk
                0x0010d258       0x3c /home/rec/marvell/wmsdk-2.13/libs/libhttpd.a(httpd_handle.o)
                0x0010d258                httpd_send_chunk
 .text.httpd_recv
                0x0010d294        0x4 /home/rec/marvell/wmsdk-2.13/libs/libhttpd.a(httpd_handle.o)
                0x0010d294                httpd_recv
 .text.httpd_set_error
                0x0010d298       0x24 /home/rec/marvell/wmsdk-2.13/libs/libhttpd.a(httpd_handle.o)
                0x0010d298                httpd_set_error
 .text.httpd_send_error
                0x0010d2bc       0xa4 /home/rec/marvell/wmsdk-2.13/libs/libhttpd.a(httpd_handle.o)
                0x0010d2bc                httpd_send_error
 .text.httpd_purge_socket_data
                0x0010d360       0x38 /home/rec/marvell/wmsdk-2.13/libs/libhttpd.a(httpd_handle.o)
                0x0010d360                httpd_purge_socket_data
 .text.httpd_handle_message
                0x0010d398       0xa0 /home/rec/marvell/wmsdk-2.13/libs/libhttpd.a(httpd_handle.o)
                0x0010d398                httpd_handle_message
 .text.htsys_get_file_size
                0x0010d438       0x2e /home/rec/marvell/wmsdk-2.13/libs/libhttpd.a(httpd_sys.o)
                0x0010d438                htsys_get_file_size
 *fill*         0x0010d466        0x2 
 .text.htsys_file_open
                0x0010d468       0x20 /home/rec/marvell/wmsdk-2.13/libs/libhttpd.a(httpd_sys.o)
                0x0010d468                htsys_file_open
 .text.htsys_read
                0x0010d488       0x12 /home/rec/marvell/wmsdk-2.13/libs/libhttpd.a(httpd_sys.o)
                0x0010d488                htsys_read
 .text.htsys_close
                0x0010d49a        0xa /home/rec/marvell/wmsdk-2.13/libs/libhttpd.a(httpd_sys.o)
                0x0010d49a                htsys_close
 .text.htsys_getln
                0x0010d4a4       0x64 /home/rec/marvell/wmsdk-2.13/libs/libhttpd.a(httpd_sys.o)
                0x0010d4a4                htsys_getln
 .text.htsys_getln_soc
                0x0010d508       0x88 /home/rec/marvell/wmsdk-2.13/libs/libhttpd.a(httpd_sys.o)
                0x0010d508                htsys_getln_soc
 .text.nullfunction
                0x0010d590        0x4 /home/rec/marvell/wmsdk-2.13/libs/libhttpd.a(httpd_ssi.o)
                0x0010d590                nullfunction
 .text.httpd_ssi