Archive member included because of file (symbol)

/home/rec/marvell/wmsdk-2.13/libs/libdrv.a(mc200_startup.o)
                              (Reset_IRQHandler)
/home/rec/marvell/wmsdk-2.13/libs/libdrv.a(mc200_clock.o)
                              /home/rec/marvell/wmsdk-2.13/libs/libdrv.a(mc200_startup.o) (CLK_ModuleClkDivider)
/home/rec/marvell/wmsdk-2.13/libs/libdrv.a(mc200_driver.o)
                              /home/rec/marvell/wmsdk-2.13/libs/libdrv.a(mc200_clock.o) (intCbfArra)
/home/rec/marvell/wmsdk-2.13/libs/libdrv.a(mc200_pmu.o)
                              /home/rec/marvell/wmsdk-2.13/libs/libdrv.a(mc200_startup.o) (PMU_PowerOnVDDIO)
/home/rec/marvell/wmsdk-2.13/libs/libutil.a(boot_flags.o)
                              /home/rec/marvell/wmsdk-2.13/libs/libdrv.a(mc200_startup.o) (boot_init)
/home/rec/marvell/wmsdk-2.13/libs/libapp_framework.a(app_main.o)
                              obj/main.o (app_framework_start)
/home/rec/marvell/wmsdk-2.13/libs/libapp_framework.a(app_network_mgr.o)
                              obj/main.o (app_uap_start_with_dhcp)
/home/rec/marvell/wmsdk-2.13/libs/libapp_framework.a(app_ctrl.o)
                              /home/rec/marvell/wmsdk-2.13/libs/libapp_framework.a(app_network_mgr.o) (app_ctrl_notify_event)
/home/rec/marvell/wmsdk-2.13/libs/libapp_framework.a(app_sys_http_handlers.o)
                              /home/rec/marvell/wmsdk-2.13/libs/libapp_framework.a(app_network_mgr.o) (app_sys_network_set_cb)
/home/rec/marvell/wmsdk-2.13/libs/libapp_framework.a(app_psm.o)
                              /home/rec/marvell/wmsdk-2.13/libs/libapp_framework.a(app_ctrl.o) (app_psm_init)
/home/rec/marvell/wmsdk-2.13/libs/libapp_framework.a(app_reboot.o)
                              /home/rec/marvell/wmsdk-2.13/libs/libapp_framework.a(app_ctrl.o) (app_reboot)
/home/rec/marvell/wmsdk-2.13/libs/libapp_framework.a(app_httpd.o)
                              obj/main.o (app_httpd_start)
/home/rec/marvell/wmsdk-2.13/libs/libapp_framework.a(app_fs.o)
                              /home/rec/marvell/wmsdk-2.13/libs/libapp_framework.a(app_httpd.o) (app_fs_init)
/home/rec/marvell/wmsdk-2.13/libs/libapp_framework.a(app_provisioning.o)
                              /home/rec/marvell/wmsdk-2.13/libs/libapp_framework.a(app_sys_http_handlers.o) (app_provisioning_get_type)
/home/rec/marvell/wmsdk-2.13/libs/libarch.a(wm_wlan.o)
                              /home/rec/marvell/wmsdk-2.13/libs/libapp_framework.a(app_main.o) (wm_wlan_init)
/home/rec/marvell/wmsdk-2.13/libs/libc.a(atoi.o)
                              /home/rec/marvell/wmsdk-2.13/libs/libapp_framework.a(app_sys_http_handlers.o) (atoi)
/home/rec/marvell/wmsdk-2.13/libs/libc.a(bzero.o)
                              /home/rec/marvell/wmsdk-2.13/libs/libapp_framework.a(app_network_mgr.o) (bzero)
/home/rec/marvell/wmsdk-2.13/libs/libc.a(snprintf.o)
                              obj/main.o (snprintf)
/home/rec/marvell/wmsdk-2.13/libs/libc.a(sprintf.o)
                              /home/rec/marvell/wmsdk-2.13/libs/libapp_framework.a(app_sys_http_handlers.o) (sprintf)
/home/rec/marvell/wmsdk-2.13/libs/libc.a(vsnprintf.o)
                              /home/rec/marvell/wmsdk-2.13/libs/libc.a(snprintf.o) (vsnprintf)
/home/rec/marvell/wmsdk-2.13/libs/libc.a(strcmp.o)
                              /home/rec/marvell/wmsdk-2.13/libs/libapp_framework.a(app_sys_http_handlers.o) (strcmp)
/home/rec/marvell/wmsdk-2.13/libs/libc.a(strncmp.o)
                              /home/rec/marvell/wmsdk-2.13/libs/libapp_framework.a(app_sys_http_handlers.o) (strncmp)
/home/rec/marvell/wmsdk-2.13/libs/libc.a(strcpy.o)
                              /home/rec/marvell/wmsdk-2.13/libs/libapp_framework.a(app_network_mgr.o) (strcpy)
/home/rec/marvell/wmsdk-2.13/libs/libc.a(strncpy.o)
                              /home/rec/marvell/wmsdk-2.13/libs/libapp_framework.a(app_network_mgr.o) (strncpy)
/home/rec/marvell/wmsdk-2.13/libs/libc.a(strlen.o)
                              obj/main.o (strlen)
/home/rec/marvell/wmsdk-2.13/libs/libc.a(strntoumax.o)
                              /home/rec/marvell/wmsdk-2.13/libs/libc.a(atoi.o) (strntoumax)
/home/rec/marvell/wmsdk-2.13/libs/libc.a(ctypes.o)
                              /home/rec/marvell/wmsdk-2.13/libs/libapp_framework.a(app_sys_http_handlers.o) (__ctypes)
/home/rec/marvell/wmsdk-2.13/libs/libcli.a(cli.o)
                              obj/main.o (cli_init)
/home/rec/marvell/wmsdk-2.13/libs/libcli.a(cli_mem_simple.o)
                              /home/rec/marvell/wmsdk-2.13/libs/libcli.a(cli.o) (cli_mem_cleanup)
/home/rec/marvell/wmsdk-2.13/libs/libdhcpd.a(dhcp-server-main.o)
                              /home/rec/marvell/wmsdk-2.13/libs/libapp_framework.a(app_network_mgr.o) (dhcp_server_start)
/home/rec/marvell/wmsdk-2.13/libs/libdhcpd.a(dhcp-server.o)
                              /home/rec/marvell/wmsdk-2.13/libs/libdhcpd.a(dhcp-server-main.o) (dhcp_stat)
[...]
Memory Configuration

Name             Origin             Length             Attributes
SRAM0            0x00100000         0x00060000         xrw
SRAM1            0x20000000         0x00020000         xrw
NVRAM            0x480c0000         0x00001000         rw
*default*        0x00000000         0xffffffff

Linker script and memory map

START GROUP
LOAD /home/rec/marvell/wmsdk-2.13/libs/libaca.a
LOAD /home/rec/marvell/wmsdk-2.13/libs/libaescrypto.a
LOAD /home/rec/marvell/wmsdk-2.13/libs/libapp_framework.a
LOAD /home/rec/marvell/wmsdk-2.13/libs/libarch.a
LOAD /home/rec/marvell/wmsdk-2.13/libs/libbtdriver.a
LOAD /home/rec/marvell/wmsdk-2.13/libs/libc.a
LOAD /home/rec/marvell/wmsdk-2.13/libs/libcli.a
LOAD /home/rec/marvell/wmsdk-2.13/libs/libctaocrypt.a
LOAD /home/rec/marvell/wmsdk-2.13/libs/libcyassl.a
LOAD /home/rec/marvell/wmsdk-2.13/libs/libdhcpd.a
LOAD /home/rec/marvell/wmsdk-2.13/libs/libdiagnostics.a
LOAD /home/rec/marvell/wmsdk-2.13/libs/libdrv.a
LOAD /home/rec/marvell/wmsdk-2.13/libs/libezxml.a
LOAD /home/rec/marvell/wmsdk-2.13/libs/libfreertos.a
LOAD /home/rec/marvell/wmsdk-2.13/libs/libftfs.a
LOAD /home/rec/marvell/wmsdk-2.13/libs/libfw_supplicant.a
LOAD /home/rec/marvell/wmsdk-2.13/libs/libhealthmon.a
LOAD /home/rec/marvell/wmsdk-2.13/libs/libhttpclient.a
LOAD /home/rec/marvell/wmsdk-2.13/libs/libhttpd.a
LOAD /home/rec/marvell/wmsdk-2.13/libs/libjson.a
LOAD /home/rec/marvell/wmsdk-2.13/libs/liblwip.a
LOAD /home/rec/marvell/wmsdk-2.13/libs/libmdev.a
LOAD /home/rec/marvell/wmsdk-2.13/libs/libmdns.a
LOAD /home/rec/marvell/wmsdk-2.13/libs/libnet.a
LOAD /home/rec/marvell/wmsdk-2.13/libs/libos.a
LOAD /home/rec/marvell/wmsdk-2.13/libs/liboverlays.a
LOAD /home/rec/marvell/wmsdk-2.13/libs/libpart.a
LOAD /home/rec/marvell/wmsdk-2.13/libs/libprovisioning.a
LOAD /home/rec/marvell/wmsdk-2.13/libs/libpsm.a
LOAD /home/rec/marvell/wmsdk-2.13/libs/libpwrmgr.a
LOAD /home/rec/marvell/wmsdk-2.13/libs/librfget.a
LOAD /home/rec/marvell/wmsdk-2.13/libs/libsysinfo.a
LOAD /home/rec/marvell/wmsdk-2.13/libs/libtelnetd.a
LOAD /home/rec/marvell/wmsdk-2.13/libs/libtls.a
LOAD /home/rec/marvell/wmsdk-2.13/libs/libttcp.a
LOAD /home/rec/marvell/wmsdk-2.13/libs/libutil.a
LOAD /home/rec/marvell/wmsdk-2.13/libs/libwebsocket.a
LOAD /home/rec/marvell/wmsdk-2.13/libs/libwifidriver.a
LOAD /home/rec/marvell/wmsdk-2.13/libs/libwlcmgr.a
LOAD /home/rec/marvell/wmsdk-2.13/libs/libwmcrypto.a
LOAD /home/rec/marvell/wmsdk-2.13/libs/libwmstdio.a
LOAD /home/rec/marvell/wmsdk-2.13/libs/libwm_supplicant.a
LOAD /home/rec/marvell/wmsdk-2.13/libs/libwmtime.a
LOAD /home/rec/marvell/wmsdk-2.13/libs/libxively.a
LOAD /home/rec/marvell/wmsdk-2.13/libs/libxz.a
LOAD obj/main.o
LOAD obj/board.o
END GROUP
START GROUP
LOAD /home/rec/gcc-arm-none-eabi-4_9-2014q4/bin/../lib/gcc/arm-none-eabi/4.9.3/armv7-m/libgcc.a
LOAD /home/rec/gcc-arm-none-eabi-4_9-2014q4/bin/../lib/gcc/arm-none-eabi/4.9.3/../../../../arm-none-eabi/lib/armv7-m/libg.a
LOAD /home/rec/gcc-arm-none-eabi-4_9-2014q4/bin/../lib/gcc/arm-none-eabi/4.9.3/../../../../arm-none-eabi/lib/armv7-m/libc.a
END GROUP
                0x20020000                _estack = 0x20020000
                0x00012000                _heap_size = 0x12000
                0x00000800                _min_stack_size = 0x800
                0x00160000                _e_sram0 = (ORIGIN (SRAM0) + 0x60000)

.text           0x00100000    0x31418
                0x00100000                . = ALIGN (0x100)
 *(.isr_vector)
 .isr_vector    0x00100000      0x138 /home/rec/marvell/wmsdk-2.13/libs/libdrv.a(mc200_startup.o)
                0x00100000                __vector_table
                0x00100138                . = ALIGN (0x4)
 *(.text.Reset_IRQHandler)
 .text.Reset_IRQHandler
                0x00100138        0xc /home/rec/marvell/wmsdk-2.13/libs/libdrv.a(mc200_startup.o)
                0x00100138                Reset_IRQHandler
 *(.text .text.* .gnu.linkonce.t.*)
 .text.HardFault_IRQHandler
                0x00100144        0xc /home/rec/marvell/wmsdk-2.13/libs/libdrv.a(mc200_startup.o)
                0x00100144                HardFault_IRQHandler
 .text.Reset_IRQHandler_C
                0x00100150       0xdc /home/rec/marvell/wmsdk-2.13/libs/libdrv.a(mc200_startup.o)
                0x00100150                Reset_IRQHandler_C
 .text.Default_IRQHandler
                0x0010022c       0x14 /home/rec/marvell/wmsdk-2.13/libs/libdrv.a(mc200_startup.o)
                0x0010022c                ExtPin24_IRQHandler
                0x0010022c                ExtPin11_IRQHandler
                0x0010022c                ExtPin8_IRQHandler
                0x0010022c                I2C0_IRQHandler
                0x0010022c                ExtPin2_IRQHandler
                0x0010022c                ExtPin4_IRQHandler
                0x0010022c                ExtPin20_IRQHandler
                0x0010022c                ExtPin13_IRQHandler
                0x0010022c                BRNDET_IRQHandler
                0x0010022c                I2C1_IRQHandler
                0x0010022c                ExtPin5_IRQHandler
                0x0010022c                ExtPin27_IRQHandler
                0x0010022c                ACOMPWKUP_IRQHandler
                0x0010022c                ExtPin9_IRQHandler
                0x0010022c                ULCOMP_IRQHandler
                0x0010022c                ExtPin17_IRQHandler
                0x0010022c                ADC0_IRQHandler
                0x0010022c                BusFault_IRQHandler
                0x0010022c                SSP0_IRQHandler
                0x0010022c                ADC1_IRQHandler
                0x0010022c                ExtPin21_IRQHandler
                0x0010022c                I2C2_IRQHandler
                0x0010022c                ExtPin14_IRQHandler
                0x0010022c                ExtPin23_IRQHandler
                0x0010022c                ExtPin28_IRQHandler
                0x0010022c                ACOMP_IRQHandler
                0x0010022c                ExtPin12_IRQHandler
                0x0010022c                ExtPin16_IRQHandler
                0x0010022c                ExtPin3_IRQHandler
                0x0010022c                SSP1_IRQHandler
                0x0010022c                UsageFault_IRQHandler
                0x0010022c                USB_IRQHandler
                0x0010022c                ExtPin19_IRQHandler
                0x0010022c                DebugMonitor_IRQHandler
                0x0010022c                PLL_IRQHandler
                0x0010022c                Default_IRQHandler
                0x0010022c                MemManage_IRQHandler
                0x0010022c                SSP2_IRQHandler
                0x0010022c                DAC_IRQHandler
                0x0010022c                ExtPin26_IRQHandler
                0x0010022c                ExtPin6_IRQHandler
                0x0010022c                ExtPin25_IRQHandler
                0x0010022c                NMI_IRQHandler
                0x0010022c                ExtPin18_IRQHandler
                0x0010022c                ExtPin22_IRQHandler
                0x0010022c                ExtPin10_IRQHandler
                0x0010022c                ExtPin7_IRQHandler
                0x0010022c                ExtPin15_IRQHandler
 .text.Default_IRQHandler_C
                0x00100240        0x2 /home/rec/marvell/wmsdk-2.13/libs/libdrv.a(mc200_startup.o)
                0x00100240                Default_IRQHandler_C
 .text.HardFault_IRQHandler_C
                0x00100242        0x8 /home/rec/marvell/wmsdk-2.13/libs/libdrv.a(mc200_startup.o)
                0x00100242                HardFault_IRQHandler_C
 *fill*         0x0010024a        0x2 
 .text.CLK_SystemClkSrc
                0x0010024c       0xa0 /home/rec/marvell/wmsdk-2.13/libs/libdrv.a(mc200_clock.o)
                0x0010024c                CLK_SystemClkSrc
 .text.CLK_RTCClkSrc
                0x001002ec       0x2c /home/rec/marvell/wmsdk-2.13/libs/libdrv.a(mc200_clock.o)
                0x001002ec                CLK_RTCClkSrc
 .text.CLK_UARTDividerSet
                0x00100318       0x54 /home/rec/marvell/wmsdk-2.13/libs/libdrv.a(mc200_clock.o)
                0x00100318                CLK_UARTDividerSet
 .text.CLK_GetUARTDivider
                0x0010036c       0x3c /home/rec/marvell/wmsdk-2.13/libs/libdrv.a(mc200_clock.o)
                0x0010036c                CLK_GetUARTDivider
 .text.CLK_GetSystemClk
                0x001003a8       0x74 /home/rec/marvell/wmsdk-2.13/libs/libdrv.a(mc200_clock.o)
                0x001003a8                CLK_GetSystemClk
 .text.CLK_SetUARTClkSrc
                0x0010041c       0x9c /home/rec/marvell/wmsdk-2.13/libs/libdrv.a(mc200_clock.o)
                0x0010041c                CLK_SetUARTClkSrc
 .text.CLK_GetUARTClkSrc
                0x001004b8       0x28 /home/rec/marvell/wmsdk-2.13/libs/libdrv.a(mc200_clock.o)
                0x001004b8                CLK_GetUARTClkSrc
 .text.CLK_GPTInternalClkSrc
                0x001004e0      0x1b0 /home/rec/marvell/wmsdk-2.13/libs/libdrv.a(mc200_clock.o)
                0x001004e0                CLK_GPTInternalClkSrc
 .text.CLK_SfllEnable
                0x00100690       0x78 /home/rec/marvell/wmsdk-2.13/libs/libdrv.a(mc200_clock.o)
                0x00100690                CLK_SfllEnable
 .text.CLK_MainXtalEnable
                0x00100708       0x34 /home/rec/marvell/wmsdk-2.13/libs/libdrv.a(mc200_clock.o)
                0x00100708                CLK_MainXtalEnable
 .text.CLK_Xtal32KEnable
                0x0010073c       0x34 /home/rec/marvell/wmsdk-2.13/libs/libdrv.a(mc200_clock.o)
                0x0010073c                CLK_Xtal32KEnable
 .text.CLK_Xtal32KDisable
                0x00100770       0x14 /home/rec/marvell/wmsdk-2.13/libs/libdrv.a(mc200_clock.o)
                0x00100770                CLK_Xtal32KDisable
 .text.CLK_RC32KEnable
                0x00100784       0x14 /home/rec/marvell/wmsdk-2.13/libs/libdrv.a(mc200_clock.o)
                0x00100784                CLK_RC32KEnable
 .text.CLK_ModuleClkEnable
                0x00100798      0x140 /home/rec/marvell/wmsdk-2.13/libs/libdrv.a(mc200_clock.o)
                0x00100798                CLK_ModuleClkEnable
 .text.CLK_ModuleClkDisable
                0x001008d8      0x140 /home/rec/marvell/wmsdk-2.13/libs/libdrv.a(mc200_clock.o)
                0x001008d8                CLK_ModuleClkDisable
 .text.CLK_ModuleClkDivider
                0x00100a18      0x15c /home/rec/marvell/wmsdk-2.13/libs/libdrv.a(mc200_clock.o)
                0x00100a18                CLK_ModuleClkDivider
 .text.CLK_RC32KCalibration
                0x00100b74      0x104 /home/rec/marvell/wmsdk-2.13/libs/libdrv.a(mc200_clock.o)
                0x00100b74                CLK_RC32KCalibration
 .text.CLK_GetClkStatus
                0x00100c78       0x50 /home/rec/marvell/wmsdk-2.13/libs/libdrv.a(mc200_clock.o)
                0x00100c78                CLK_GetClkStatus
 .text.RC32M_IRQHandler
                0x00100cc8       0x54 /home/rec/marvell/wmsdk-2.13/libs/libdrv.a(mc200_clock.o)
                0x00100cc8                RC32M_IRQHandler
 .text.CLK_Init
                0x00100d1c      0x1f4 /home/rec/marvell/wmsdk-2.13/libs/libdrv.a(mc200_clock.o)
                0x00100d1c                CLK_Init
 .text.install_int_callback
                0x00100f10       0x10 /home/rec/marvell/wmsdk-2.13/libs/libdrv.a(mc200_driver.o)
                0x00100f10                install_int_callback
 .text.NVIC_ClearPendingIRQ
                0x00100f20       0x1c /home/rec/marvell/wmsdk-2.13/libs/libdrv.a(mc200_pmu.o)
 .text.PMU_SetSleepMode
                0x00100f3c       0x24 /home/rec/marvell/wmsdk-2.13/libs/libdrv.a(mc200_pmu.o)
                0x00100f3c                PMU_SetSleepMode
 .text.PMU_ConfigWakeupPin
                0x00100f60       0x50 /home/rec/marvell/wmsdk-2.13/libs/libdrv.a(mc200_pmu.o)
                0x00100f60                PMU_ConfigWakeupPin
 .text.PMU_ClearWakeupSrc
                0x00100fb0       0x24 /home/rec/marvell/wmsdk-2.13/libs/libdrv.a(mc200_pmu.o)
                0x00100fb0                PMU_ClearWakeupSrc
 .text.PMU_GetLastResetCause
                0x00100fd4        0xc /home/rec/marvell/wmsdk-2.13/libs/libdrv.a(mc200_pmu.o)
                0x00100fd4                PMU_GetLastResetCause
 .text.PMU_ClrLastResetCause
                0x00100fe0       0x50 /home/rec/marvell/wmsdk-2.13/libs/libdrv.a(mc200_pmu.o)
                0x00100fe0                PMU_ClrLastResetCause
 .text.PMU_PowerOnVDDIO
                0x00101030       0xb8 /home/rec/marvell/wmsdk-2.13/libs/libdrv.a(mc200_pmu.o)
                0x00101030                PMU_PowerOnVDDIO
 .text.PMU_PowerOffVDDIO
                0x001010e8       0x64 /home/rec/marvell/wmsdk-2.13/libs/libdrv.a(mc200_pmu.o)
                0x001010e8                PMU_PowerOffVDDIO
 .text.PMU_PowerDeepOffVDDIO
                0x0010114c       0x70 /home/rec/marvell/wmsdk-2.13/libs/libdrv.a(mc200_pmu.o)
                0x0010114c                PMU_PowerDeepOffVDDIO
 .text.PMU_ConfigVDDIOLevel
                0x001011bc       0x58 /home/rec/marvell/wmsdk-2.13/libs/libdrv.a(mc200_pmu.o)
                0x001011bc                PMU_ConfigVDDIOLevel
 .text.PMU_VbatBrndetCmd
                0x00101214       0x14 /home/rec/marvell/wmsdk-2.13/libs/libdrv.a(mc200_pmu.o)
                0x00101214                PMU_VbatBrndetCmd
 .text.PMU_VbatBrndetRstCmd
                0x00101228       0x10 /home/rec/marvell/wmsdk-2.13/libs/libdrv.a(mc200_pmu.o)
                0x00101228                PMU_VbatBrndetRstCmd
 .text.ExtPin0_IRQHandler
                0x00101238       0x2c /home/rec/marvell/wmsdk-2.13/libs/libdrv.a(mc200_pmu.o)
                0x00101238                ExtPin0_IRQHandler
 .text.ExtPin1_IRQHandler
                0x00101264       0x2c /home/rec/marvell/wmsdk-2.13/libs/libdrv.a(mc200_pmu.o)
                0x00101264                ExtPin1_IRQHandler
 .text.boot_init
                0x00101290       0x3c /home/rec/marvell/wmsdk-2.13/libs/libutil.a(boot_flags.o)
                0x00101290                boot_init
 .text.hello_handler
                0x001012cc       0x30 obj/main.o
                0x001012cc                hello_handler
 .text.led_get_handler
                0x001012fc       0x44 obj/main.o
                0x001012fc                led_get_handler
 .text.led_post_handler
                0x00101340       0x9c obj/main.o
                0x00101340                led_post_handler
 .text.startup.main
                0x001013dc       0xe8 obj/main.o
                0x001013dc                main
 .text.appln_config_init
                0x001014c4       0x3c obj/main.o
                0x001014c4                appln_config_init
 .text.event_wlan_init_done
                0x00101500       0x34 obj/main.o
                0x00101500                event_wlan_init_done
 .text.register_httpd_handlers
                0x00101534       0x1c obj/main.o
                0x00101534                register_httpd_handlers
 .text.event_uap_started
                0x00101550       0x28 obj/main.o
                0x00101550                event_uap_started
 .text.common_event_handler
                0x00101578       0x50 obj/main.o
                0x00101578                common_event_handler
 .text.board_main_xtal
                0x001015c8        0x8 obj/board.o
                0x001015c8                board_main_xtal
 .text.board_main_osc
                0x001015d0        0x6 obj/board.o
                0x001015d0                board_main_osc
 *fill*         0x001015d6        0x2 
 .text.board_cpu_freq
                0x001015d8        0x8 obj/board.o
                0x001015d8                board_cpu_freq
 .text.board_32k_xtal
                0x001015e0        0x4 obj/board.o
                0x001015e0                board_32k_xtal
 .text.board_32k_osc
                0x001015e4        0x4 obj/board.o
                0x001015e4                board_32k_osc
 .text.board_card_detect
                0x001015e8        0x4 obj/board.o
                0x001015e8                board_card_detect
 .text.board_sdio_pdn
                0x001015ec       0x1e obj/board.o
                0x001015ec                board_sdio_pdn
 .text.board_sdio_pwr
                0x0010160a       0x1e obj/board.o
                0x0010160a                board_sdio_pwr
 .text.board_sdio_reset
                0x00101628       0x1a obj/board.o
                0x00101628                board_sdio_reset
 .text.board_sdio_pdn_support
                0x00101642        0x4 obj/board.o
                0x00101642                board_sdio_pdn_support
 .text.board_gpio_power_on
                0x00101646       0x24 obj/board.o
                0x00101646                board_gpio_power_on
 .text.board_uart_pin_config
                0x0010166a       0x2e obj/board.o
                0x0010166a                board_uart_pin_config
 .text.board_sdio_pin_config
                0x00101698       0x36 obj/board.o
                0x00101698                board_sdio_pin_config
 .text.board_led_2
                0x001016ce        0x4 obj/board.o
                0x001016ce                board_led_2
 .text.board_wifi_host_wakeup
                0x001016d2        0x4 obj/board.o
                0x001016d2                board_wifi_host_wakeup
 .text.board_wakeup0_wifi
                0x001016d6        0x4 obj/board.o
                0x001016d6                board_wakeup0_wifi
 .text.board_wakeup1_wifi
                0x001016da        0x4 obj/board.o
                0x001016da                board_wakeup1_wifi
 *fill*         0x001016de        0x2 
 .text.app_framework_start
                0x001016e0       0x1c /home/rec/marvell/wmsdk-2.13/libs/libapp_framework.a(app_main.o)
                0x001016e0                app_framework_start
 .text.wlan_event_cb
                0x001016fc       0x8c /home/rec/marvell/wmsdk-2.13/libs/libapp_framework.a(app_network_mgr.o)
                0x001016fc                wlan_event_cb
 .text.app_check_valid_network_loaded
                0x00101788        0xc /home/rec/marvell/wmsdk-2.13/libs/libapp_framework.a(app_network_mgr.o)
                0x00101788                app_check_valid_network_loaded
 .text.app_connect_wlan
                0x00101794       0x1c /home/rec/marvell/wmsdk-2.13/libs/libapp_framework.a(app_network_mgr.o)
                0x00101794                app_connect_wlan
 .text.app_reconnect_wlan
                0x001017b0       0x20 /home/rec/marvell/wmsdk-2.13/libs/libapp_framework.a(app_network_mgr.o)
                0x001017b0                app_reconnect_wlan
 .text.app_load_configured_network
                0x001017d0       0x40 /home/rec/marvell/wmsdk-2.13/libs/libapp_framework.a(app_network_mgr.o)
                0x001017d0                app_load_configured_network
 .text.app_load_this_network
                0x00101810       0x4c /home/rec/marvell/wmsdk-2.13/libs/libapp_framework.a(app_network_mgr.o)
                0x00101810                app_load_this_network
 .text.app_unload_configured_network
                0x0010185c       0x24 /home/rec/marvell/wmsdk-2.13/libs/libapp_framework.a(app_network_mgr.o)
                0x0010185c                app_unload_configured_network
 .text.app_start_wlan
                0x00101880       0x30 /home/rec/marvell/wmsdk-2.13/libs/libapp_framework.a(app_network_mgr.o)
                0x00101880                app_start_wlan
 .text.app_network_mgr_start_uap
                0x001018b0       0x30 /home/rec/marvell/wmsdk-2.13/libs/libapp_framework.a(app_network_mgr.o)
                0x001018b0                app_network_mgr_start_uap
 .text.app_network_mgr_remove_uap_network
                0x001018e0       0x18 /home/rec/marvell/wmsdk-2.13/libs/libapp_framework.a(app_network_mgr.o)
                0x001018e0                app_network_mgr_remove_uap_network
 .text.app_network_mgr_stop_uap
                0x001018f8       0x1c /home/rec/marvell/wmsdk-2.13/libs/libapp_framework.a(app_network_mgr.o)
                0x001018f8                app_network_mgr_stop_uap
 .text.app_uap_start_by_network
                0x00101914       0x28 /home/rec/marvell/wmsdk-2.13/libs/libapp_framework.a(app_network_mgr.o)
                0x00101914                app_uap_start_by_network
 .text.app_uap_start
                0x0010193c       0xa0 /home/rec/marvell/wmsdk-2.13/libs/libapp_framework.a(app_network_mgr.o)
                0x0010193c                app_uap_start
 .text.app_uap_start_with_dhcp
                0x001019dc       0x2c /home/rec/marvell/wmsdk-2.13/libs/libapp_framework.a(app_network_mgr.o)
                0x001019dc                app_uap_start_with_dhcp
 .text.boot_old_fw_version
                0x00101a08        0xc /home/rec/marvell/wmsdk-2.13/libs/libapp_framework.a(app_ctrl.o)
 .text.boot_factory_reset
                0x00101a14       0x18 /home/rec/marvell/wmsdk-2.13/libs/libapp_framework.a(app_ctrl.o)
 .text.app_ctrl_state_name
                0x00101a2c       0x18 /home/rec/marvell/wmsdk-2.13/libs/libapp_framework.a(app_ctrl.o)
 .text.app_print_state_change
                0x00101a44       0x30 /home/rec/marvell/wmsdk-2.13/libs/libapp_framework.a(app_ctrl.o)
 .text.app_ctrl_attempt_reconnect
                0x00101a74        0xc /home/rec/marvell/wmsdk-2.13/libs/libapp_framework.a(app_ctrl.o)
 .text.os_thread_sleep.constprop.5
                0x00101a80        0x8 /home/rec/marvell/wmsdk-2.13/libs/libapp_framework.a(app_ctrl.o)
 .text.__app_ctrl_notify_event
                0x00101a88       0x44 /home/rec/marvell/wmsdk-2.13/libs/libapp_framework.a(app_ctrl.o)
 .text.app_ctrl_event_to_prj
                0x00101acc       0x18 /home/rec/marvell/wmsdk-2.13/libs/libapp_framework.a(app_ctrl.o)
                0x00101acc                app_ctrl_event_to_prj
 .text.app_ctrl_crit_to_prj.isra.2
                0x00101ae4       0x10 /home/rec/marvell/wmsdk-2.13/libs/libapp_framework.a(app_ctrl.o)
 .text.app_ctrl_prov_network_set
                0x00101af4       0x28 /home/rec/marvell/wmsdk-2.13/libs/libapp_framework.a(app_ctrl.o)
 .text.app_set_state_unconfigured
                0x00101b1c       0x34 /home/rec/marvell/wmsdk-2.13/libs/libapp_framework.a(app_ctrl.o)
 .text.app_ctrl_notify_event
                0x00101b50        0x6 /home/rec/marvell/wmsdk-2.13/libs/libapp_framework.a(app_ctrl.o)
                0x00101b50                app_ctrl_notify_event
 .text.app_ctrl_notify_event_wait
                0x00101b56        0x8 /home/rec/marvell/wmsdk-2.13/libs/libapp_framework.a(app_ctrl.o)
                0x00101b56                app_ctrl_notify_event_wait
 *fill*         0x00101b5e        0x2 
 .text.app_ctrl_init
                0x00101b60       0x74 /home/rec/marvell/wmsdk-2.13/libs/libapp_framework.a(app_ctrl.o)
                0x00101b60                app_ctrl_init
 .text.app_ctrl_getmode
                0x00101bd4       0x18 /home/rec/marvell/wmsdk-2.13/libs/libapp_framework.a(app_ctrl.o)
                0x00101bd4                app_ctrl_getmode
 .text.app_ctrl_set_state
                0x00101bec        0xc /home/rec/marvell/wmsdk-2.13/libs/libapp_framework.a(app_ctrl.o)
                0x00101bec                app_ctrl_set_state
 .text.app_handle_link_loss
                0x00101bf8       0x1c /home/rec/marvell/wmsdk-2.13/libs/libapp_framework.a(app_ctrl.o)
                0x00101bf8                app_handle_link_loss
 .text.app_handle_chan_switch
                0x00101c14       0x14 /home/rec/marvell/wmsdk-2.13/libs/libapp_framework.a(app_ctrl.o)
                0x00101c14                app_handle_chan_switch
 .text.app_ctrl_sm
                0x00101c28      0x524 /home/rec/marvell/wmsdk-2.13/libs/libapp_framework.a(app_ctrl.o)
 .text.app_ctrl_event_handler
                0x0010214c       0x54 /home/rec/marvell/wmsdk-2.13/libs/libapp_framework.a(app_ctrl.o)
 .text.os_msec_to_ticks
                0x001021a0        0x2 /home/rec/marvell/wmsdk-2.13/libs/libapp_framework.a(app_sys_http_handlers.o)
 .text.os_mem_calloc
                0x001021a2       0x18 /home/rec/marvell/wmsdk-2.13/libs/libapp_framework.a(app_sys_http_handlers.o)
 *fill*         0x001021ba        0x2 
 .text.sys_set_prov_status
                0x001021bc       0x78 /home/rec/marvell/wmsdk-2.13/libs/libapp_framework.a(app_sys_http_handlers.o)
 .text.app_sys_network_set_cb
                0x00102234        0xe /home/rec/marvell/wmsdk-2.13/libs/libapp_framework.a(app_sys_http_handlers.o)
                0x00102234                app_sys_network_set_cb
 .text.sys_do_reset_prov
                0x00102242       0x22 /home/rec/marvell/wmsdk-2.13/libs/libapp_framework.a(app_sys_http_handlers.o)
 .text.os_thread_sleep
                0x00102264        0x4 /home/rec/marvell/wmsdk-2.13/libs/libapp_framework.a(app_sys_http_handlers.o)
 .text.sys_set_mode
                0x00102268       0x80 /home/rec/marvell/wmsdk-2.13/libs/libapp_framework.a(app_sys_http_handlers.o)
                0x00102268                sys_set_mode
 .text.sys_set_info
                0x001022e8       0xdc /home/rec/marvell/wmsdk-2.13/libs/libapp_framework.a(app_sys_http_handlers.o)
                0x001022e8                sys_set_info
 .text.app_reboot_main
                0x001023c4       0x2c /home/rec/marvell/wmsdk-2.13/libs/libapp_framework.a(app_sys_http_handlers.o)
 .text.sys_anchor_start.constprop.4
                0x001023f0       0x20 /home/rec/marvell/wmsdk-2.13/libs/libapp_framework.a(app_sys_http_handlers.o)
 .text.sys_anchor_end.constprop.5
                0x00102410       0x10 /home/rec/marvell/wmsdk-2.13/libs/libapp_framework.a(app_sys_http_handlers.o)
 .text.sys_get_services
                0x00102420      0x184 /home/rec/marvell/wmsdk-2.13/libs/libapp_framework.a(app_sys_http_handlers.o)
 .text.sys_get_conn_state
                0x001025a4       0xd8 /home/rec/marvell/wmsdk-2.13/libs/libapp_framework.a(app_sys_http_handlers.o)
 .text.sys_get_mode
                0x0010267c       0x68 /home/rec/marvell/wmsdk-2.13/libs/libapp_framework.a(app_sys_http_handlers.o)
 .text.sys_http_get_interface.constprop.6
                0x001026e4       0x4c /home/rec/marvell/wmsdk-2.13/libs/libapp_framework.a(app_sys_http_handlers.o)
 .text.sys_get_interface
                0x00102730       0x3c /home/rec/marvell/wmsdk-2.13/libs/libapp_framework.a(app_sys_http_handlers.o)
 .text.sys_handle_webcmd
                0x0010276c       0x6c /home/rec/marvell/wmsdk-2.13/libs/libapp_framework.a(app_sys_http_handlers.o)
                0x0010276c                sys_handle_webcmd
 .text.sys_webcmd
                0x001027d8       0x5c /home/rec/marvell/wmsdk-2.13/libs/libapp_framework.a(app_sys_http_handlers.o)
                0x001027d8                sys_webcmd
 .text.sys_handle_set_time
                0x00102834       0x20 /home/rec/marvell/wmsdk-2.13/libs/libapp_framework.a(app_sys_http_handlers.o)
                0x00102834                sys_handle_set_time
 .text.sys_set_time
                0x00102854       0x5c /home/rec/marvell/wmsdk-2.13/libs/libapp_framework.a(app_sys_http_handlers.o)
                0x00102854                sys_set_time
 .text.sys_handle_get_time
                0x001028b0       0x2c /home/rec/marvell/wmsdk-2.13/libs/libapp_framework.a(app_sys_http_handlers.o)
                0x001028b0                sys_handle_get_time
 .text.sys_get_time
                0x001028dc       0x40 /home/rec/marvell/wmsdk-2.13/libs/libapp_framework.a(app_sys_http_handlers.o)
                0x001028dc                sys_get_time
 .text.app_sys_get_uuid
                0x0010291c       0x60 /home/rec/marvell/wmsdk-2.13/libs/libapp_framework.a(app_sys_http_handlers.o)
                0x0010291c                app_sys_get_uuid
 .text.app_sys_http_get_info
                0x0010297c       0x40 /home/rec/marvell/wmsdk-2.13/libs/libapp_framework.a(app_sys_http_handlers.o)
                0x0010297c                app_sys_http_get_info
 .text.sys_get_info
                0x001029bc      0x514 /home/rec/marvell/wmsdk-2.13/libs/libapp_framework.a(app_sys_http_handlers.o)
 .text.app_sys_register_sys_handler
                0x00102ed0       0x14 /home/rec/marvell/wmsdk-2.13/libs/libapp_framework.a(app_sys_http_handlers.o)
                0x00102ed0                app_sys_register_sys_handler
 .text.app_sys_normal_set_network_cb
                0x00102ee4        0xc /home/rec/marvell/wmsdk-2.13/libs/libapp_framework.a(app_sys_http_handlers.o)
                0x00102ee4                app_sys_normal_set_network_cb
 .text.app_psm_init
                0x00102ef0       0x70 /home/rec/marvell/wmsdk-2.13/libs/libapp_framework.a(app_psm.o)
                0x00102ef0                app_psm_init
 .text.app_reboot
                0x00102f60       0x12 /home/rec/marvell/wmsdk-2.13/libs/libapp_framework.a(app_reboot.o)
                0x00102f60                app_reboot
 *fill*         0x00102f72        0x2 
 .text.__app_httpd_start
                0x00102f74       0x2c /home/rec/marvell/wmsdk-2.13/libs/libapp_framework.a(app_httpd.o)
 .text.app_httpd_start
                0x00102fa0       0x24 /home/rec/marvell/wmsdk-2.13/libs/libapp_framework.a(app_httpd.o)
                0x00102fa0                app_httpd_start
 .text.app_provisioning_get_type
                0x00102fc4        0xc /home/rec/marvell/wmsdk-2.13/libs/libapp_framework.a(app_provisioning.o)
                0x00102fc4                app_provisioning_get_type
 .text.wm_wlan_init
                0x00102fd0       0x68 /home/rec/marvell/wmsdk-2.13/libs/libarch.a(wm_wlan.o)
                0x00102fd0                wm_wlan_init
 .text.atoi     0x00103038       0x10 /home/rec/marvell/wmsdk-2.13/libs/libc.a(atoi.o)
                0x00103038                atoi
 .text.bzero    0x00103048        0x8 /home/rec/marvell/wmsdk-2.13/libs/libc.a(bzero.o)
                0x00103048                bzero
 .text.snprintf
                0x00103050       0x18 /home/rec/marvell/wmsdk-2.13/libs/libc.a(snprintf.o)
                0x00103050                snprintf
 .text.vsnprintf
                0x00103068      0x698 /home/rec/marvell/wmsdk-2.13/libs/libc.a(vsnprintf.o)
                0x00103068                vsnprintf
 .text.strcmp   0x00103700       0x14 /home/rec/marvell/wmsdk-2.13/libs/libc.a(strcmp.o)
                0x00103700                strcmp
 .text.strncmp  0x00103714       0x1c /home/rec/marvell/wmsdk-2.13/libs/libc.a(strncmp.o)
                0x00103714                strncmp
 .text.strcpy   0x00103730       0x10 /home/rec/marvell/wmsdk-2.13/libs/libc.a(strcpy.o)
                0x00103730                strcpy
 .text.strncpy  0x00103740       0x20 /home/rec/marvell/wmsdk-2.13/libs/libc.a(strncpy.o)
                0x00103740                strncpy
 .text.strlen   0x00103760       0x10 /home/rec/marvell/wmsdk-2.13/libs/libc.a(strlen.o)
                0x00103760                strlen
 .text.strntoumax
                0x00103770       0xf0 /home/rec/marvell/wmsdk-2.13/libs/libc.a(strntoumax.o)
                0x00103770                strntoumax
 .text.get_sdk_version
                0x00103860       0x10 /home/rec/marvell/wmsdk-2.13/libs/libcli.a(cli.o)
 .text.help_command
                0x00103870       0x50 /home/rec/marvell/wmsdk-2.13/libs/libcli.a(cli.o)
 .text.os_mutex_put.constprop.12
                0x001038c0       0x40 /home/rec/marvell/wmsdk-2.13/libs/libcli.a(cli.o)
 .text.os_mutex_get.isra.2.constprop.16
                0x00103900       0x1a /home/rec/marvell/wmsdk-2.13/libs/libcli.a(cli.o)
 *fill*         0x0010391a        0x2 
 .text.cli_main
                0x0010391c      0x248 /home/rec/marvell/wmsdk-2.13/libs/libcli.a(cli.o)
 .text.cli_install_UART_Tick
                0x00103b64       0x44 /home/rec/marvell/wmsdk-2.13/libs/libcli.a(cli.o)
                0x00103b64                cli_install_UART_Tick
 .text.cli_start
                0x00103ba8       0x94 /home/rec/marvell/wmsdk-2.13/libs/libcli.a(cli.o)
                0x00103ba8                cli_start
 .text.cli_get_cmd_buffer
                0x00103c3c       0x1a /home/rec/marvell/wmsdk-2.13/libs/libcli.a(cli.o)
                0x00103c3c                cli_get_cmd_buffer
 *fill*         0x00103c56        0x2 
 .text.cli_submit_cmd_buffer
                0x00103c58       0x5c /home/rec/marvell/wmsdk-2.13/libs/libcli.a(cli.o)
                0x00103c58                cli_submit_cmd_buffer
 .text.console_tick
                0x00103cb4      0x190 /home/rec/marvell/wmsdk-2.13/libs/libcli.a(cli.o)
 .text.cli_register_command
                0x00103e44       0x48 /home/rec/marvell/wmsdk-2.13/libs/libcli.a(cli.o)
                0x00103e44                cli_register_command
 .text.cli_register_commands
                0x00103e8c       0x22 /home/rec/marvell/wmsdk-2.13/libs/libcli.a(cli.o)
                0x00103e8c                cli_register_commands
 *fill*         0x00103eae        0x2 
 .text.cli_init
                0x00103eb0       0x54 /home/rec/marvell/wmsdk-2.13/libs/libcli.a(cli.o)
                0x00103eb0                cli_init
 .text.cli_mem_init
                0x00103f04        0x4 /home/rec/marvell/wmsdk-2.13/libs/libcli.a(cli_mem_simple.o)
                0x00103f04                cli_mem_init
 .text.cli_mem_malloc
                0x00103f08       0x34 /home/rec/marvell/wmsdk-2.13/libs/libcli.a(cli_mem_simple.o)
                0x00103f08                cli_mem_malloc
 .text.cli_mem_free
                0x00103f3c       0x30 /home/rec/marvell/wmsdk-2.13/libs/libcli.a(cli_mem_simple.o)
                0x00103f3c                cli_mem_free
 .text.dhcp_server_start
                0x00103f6c       0x50 /home/rec/marvell/wmsdk-2.13/libs/libdhcpd.a(dhcp-server-main.o)
                0x00103f6c                dhcp_server_start
 .text.dhcp_server_stop
                0x00103fbc       0x28 /home/rec/marvell/wmsdk-2.13/libs/libdhcpd.a(dhcp-server-main.o)
                0x00103fbc                dhcp_server_stop
 .text.ac_lookup_mac
                0x00103fe4       0x6c /home/rec/marvell/wmsdk-2.13/libs/libdhcpd.a(dhcp-server.o)
 .text.ac_not_full
                0x00104050       0x14 /home/rec/marvell/wmsdk-2.13/libs/libdhcpd.a(dhcp-server.o)
 .text.ac_add   0x00104064       0x58 /home/rec/marvell/wmsdk-2.13/libs/libdhcpd.a(dhcp-server.o)
 .text.ac_valid_ip
                0x001040bc       0x6c /home/rec/marvell/wmsdk-2.13/libs/libdhcpd.a(dhcp-server.o)
 .text.write_u32
                0x00104128       0x10 /home/rec/marvell/wmsdk-2.13/libs/libdhcpd.a(dhcp-server.o)
 .text.send_response.constprop.8
                0x00104138       0x48 /home/rec/marvell/wmsdk-2.13/libs/libdhcpd.a(dhcp-server.o)
 .text.net_inet_aton.constprop.10
                0x00104180       0x14 /home/rec/marvell/wmsdk-2.13/libs/libdhcpd.a(dhcp-server.o)
 .text.os_mutex_put.constprop.13
                0x00104194       0x40 /home/rec/marvell/wmsdk-2.13/libs/libdhcpd.a(dhcp-server.o)
 .text.os_thread_self_complete.constprop.12
                0x001041d4       0x12 /home/rec/marvell/wmsdk-2.13/libs/libdhcpd.a(dhcp-server.o)
 *fill*         0x001041e6        0x2 
 .text.create_and_bind_udp_socket
                0x001041e8       0xa0 /home/rec/marvell/wmsdk-2.13/libs/libdhcpd.a(dhcp-server.o)
 .text.os_mutex_get.isra.3.constprop.22
                0x00104288       0x1a /home/rec/marvell/wmsdk-2.13/libs/libdhcpd.a(dhcp-server.o)
 *fill*         0x001042a2        0x2 
 .text.dhcp_clean_sockets
                0x001042a4       0x44 /home/rec/marvell/wmsdk-2.13/libs/libdhcpd.a(dhcp-server.o)
                0x001042a4                dhcp_clean_sockets
 .text.dhcp_server
                0x001042e8      0x600 /home/rec/marvell/wmsdk-2.13/libs/libdhcpd.a(dhcp-server.o)
                0x001042e8                dhcp_server
 .text.dhcp_server_init
                0x001048e8      0x120 /home/rec/marvell/wmsdk-2.13/libs/libdhcpd.a(dhcp-server.o)
                0x001048e8                dhcp_server_init
 .text.dhcp_send_halt
                0x00104a08       0x74 /home/rec/marvell/wmsdk-2.13/libs/libdhcpd.a(dhcp-server.o)
                0x00104a08                dhcp_send_halt
 .text.get_stats
                0x00104a7c      0x1c4 /home/rec/marvell/wmsdk-2.13/libs/libdiagnostics.a(diagnostics.o)
                0x00104a7c                get_stats
 .text.diagnostics_write_stats
                0x00104c40      0x17c /home/rec/marvell/wmsdk-2.13/libs/libdiagnostics.a(diagnostics.o)
                0x00104c40                diagnostics_write_stats
 .text.diagnostics_set_reboot_reason
                0x00104dbc        0xc /home/rec/marvell/wmsdk-2.13/libs/libdiagnostics.a(diagnostics.o)
                0x00104dbc                diagnostics_set_reboot_reason
 .text.os_mutex_get.isra.1.constprop.2
                0x00104dc8       0x1a /home/rec/marvell/wmsdk-2.13/libs/libdrv.a(mdev_gpio.o)
 *fill*         0x00104de2        0x2 
 .text.os_mutex_put.constprop.4
                0x00104de4       0x40 /home/rec/marvell/wmsdk-2.13/libs/libdrv.a(mdev_gpio.o)
 .text.gpio_drv_write
                0x00104e24       0x3c /home/rec/marvell/wmsdk-2.13/libs/libdrv.a(mdev_gpio.o)
                0x00104e24                gpio_drv_write
 .text.gpio_drv_setdir
                0x00104e60       0x3c /home/rec/marvell/wmsdk-2.13/libs/libdrv.a(mdev_gpio.o)
                0x00104e60                gpio_drv_setdir
 .text.gpio_drv_close
                0x00104e9c        0x4 /home/rec/marvell/wmsdk-2.13/libs/libdrv.a(mdev_gpio.o)
                0x00104e9c                gpio_drv_close
 .text.gpio_drv_open
                0x00104ea0       0x24 /home/rec/marvell/wmsdk-2.13/libs/libdrv.a(mdev_gpio.o)
                0x00104ea0                gpio_drv_open
 .text.gpio_drv_init
                0x00104ec4       0x54 /home/rec/marvell/wmsdk-2.13/libs/libdrv.a(mdev_gpio.o)
                0x00104ec4                gpio_drv_init
 .text.pinmux_drv_setfunc
                0x00104f18       0x6c /home/rec/marvell/wmsdk-2.13/libs/libdrv.a(mdev_pinmux.o)
                0x00104f18                pinmux_drv_setfunc
 .text.pinmux_drv_close
                0x00104f84        0x4 /home/rec/marvell/wmsdk-2.13/libs/libdrv.a(mdev_pinmux.o)
                0x00104f84                pinmux_drv_close
 .text.pinmux_drv_open
                0x00104f88       0x20 /home/rec/marvell/wmsdk-2.13/libs/libdrv.a(mdev_pinmux.o)
                0x00104f88                pinmux_drv_open
 .text.pinmux_drv_init
                0x00104fa8       0x4c /home/rec/marvell/wmsdk-2.13/libs/libdrv.a(mdev_pinmux.o)
                0x00104fa8                pinmux_drv_init
 .text.GPIO_SetPinDir
                0x00104ff4       0x2c /home/rec/marvell/wmsdk-2.13/libs/libdrv.a(mc200_gpio.o)
                0x00104ff4                GPIO_SetPinDir
 .text.GPIO_WritePinOutput
                0x00105020       0x2c /home/rec/marvell/wmsdk-2.13/libs/libdrv.a(mc200_gpio.o)
                0x00105020                GPIO_WritePinOutput
 .text.GPIO_IRQHandler
                0x0010504c       0x64 /home/rec/marvell/wmsdk-2.13/libs/libdrv.a(mc200_gpio.o)
                0x0010504c                GPIO_IRQHandler
 .text.GPIO_PinMuxFun
                0x001050b0       0x40 /home/rec/marvell/wmsdk-2.13/libs/libdrv.a(mc200_pinmux.o)
                0x001050b0                GPIO_PinMuxFun
 .text.SFLASH_HOLDnConfig
                0x001050f0       0x2c /home/rec/marvell/wmsdk-2.13/libs/libdrv.a(mc200_pinmux.o)
                0x001050f0                SFLASH_HOLDnConfig
 .text.SFLASH_DIOConfig
                0x0010511c       0x2c /home/rec/marvell/wmsdk-2.13/libs/libdrv.a(mc200_pinmux.o)
                0x0010511c                SFLASH_DIOConfig
 .text.SFLASH_WPConfig
                0x00105148       0x2c /home/rec/marvell/wmsdk-2.13/libs/libdrv.a(mc200_pinmux.o)
                0x00105148                SFLASH_WPConfig
 .text.SFLASH_DOConfig
                0x00105174       0x2c /home/rec/marvell/wmsdk-2.13/libs/libdrv.a(mc200_pinmux.o)
                0x00105174                SFLASH_DOConfig
 .text.prvUnlockQueue
                0x001051a0       0x90 /home/rec/marvell/wmsdk-2.13/libs/libfreertos.a(queue.o)
 .text.prvCopyDataFromQueue
                0x00105230       0x28 /home/rec/marvell/wmsdk-2.13/libs/libfreertos.a(queue.o)
 .text.prvCopyDataToQueue
                0x00105258       0x6c /home/rec/marvell/wmsdk-2.13/libs/libfreertos.a(queue.o)
 .text.xQueueCreate
                0x001052c4       0x68 /home/rec/marvell/wmsdk-2.13/libs/libfreertos.a(queue.o)
                0x001052c4                xQueueCreate
 .text.xQueueGenericSend
                0x0010532c       0xec /home/rec/marvell/wmsdk-2.13/libs/libfreertos.a(queue.o)
                0x0010532c                xQueueGenericSend
 .text.xQueueCreateMutex
                0x00105418       0x44 /home/rec/marvell/wmsdk-2.13/libs/libfreertos.a(queue.o)
                0x00105418                xQueueCreateMutex
 .text.xQueueGenericSendFromISR
                0x0010545c       0x60 /home/rec/marvell/wmsdk-2.13/libs/libfreertos.a(queue.o)
                0x0010545c                xQueueGenericSendFromISR
 .text.xQueueGenericReceive
                0x001054bc      0x130 /home/rec/marvell/wmsdk-2.13/libs/libfreertos.a(queue.o)
                0x001054bc                xQueueGenericReceive
 .text.uxQueueMessagesWaiting
                0x001055ec       0x14 /home/rec/marvell/wmsdk-2.13/libs/libfreertos.a(queue.o)
                0x001055ec                uxQueueMessagesWaiting
 .text.vQueueDelete
                0x00105600       0x14 /home/rec/marvell/wmsdk-2.13/libs/libfreertos.a(queue.o)
                0x00105600                vQueueDelete
 .text.vQueueWaitForMessageRestricted
                0x00105614       0x40 /home/rec/marvell/wmsdk-2.13/libs/libfreertos.a(queue.o)
                0x00105614                vQueueWaitForMessageRestricted
 .text.prvAddCurrentTaskToDelayedList
                0x00105654       0x60 /home/rec/marvell/wmsdk-2.13/libs/libfreertos.a(tasks.o)
 .text.xTaskGenericCreate
                0x001056b4      0x218 /home/rec/marvell/wmsdk-2.13/libs/libfreertos.a(tasks.o)
                0x001056b4                xTaskGenericCreate
 .text.vTaskDelete
                0x001058cc       0x90 /home/rec/marvell/wmsdk-2.13/libs/libfreertos.a(tasks.o)
                0x001058cc                vTaskDelete
 .text.vTaskStartScheduler
                0x0010595c       0x60 /home/rec/marvell/wmsdk-2.13/libs/libfreertos.a(tasks.o)
                0x0010595c                vTaskStartScheduler
 .text.vTaskSuspendAll
                0x001059bc       0x10 /home/rec/marvell/wmsdk-2.13/libs/libfreertos.a(tasks.o)
                0x001059bc                vTaskSuspendAll
 .text.xTaskGetTickCount
                0x001059cc       0x18 /home/rec/marvell/wmsdk-2.13/libs/libfreertos.a(tasks.o)
                0x001059cc                xTaskGetTickCount
 .text.xTaskGetTickCountFromISR
                0x001059e4       0x20 /home/rec/marvell/wmsdk-2.13/libs/libfreertos.a(tasks.o)
                0x001059e4                xTaskGetTickCountFromISR
 .text.vTaskIncrementTick
                0x00105a04      0x180 /home/rec/marvell/wmsdk-2.13/libs/libfreertos.a(tasks.o)
                0x00105a04                vTaskIncrementTick
 .text.xTaskResumeAll
                0x00105b84       0xec /home/rec/marvell/wmsdk-2.13/libs/libfreertos.a(tasks.o)
                0x00105b84                xTaskResumeAll
 .text.prvIdleTask
                0x00105c70       0x98 /home/rec/marvell/wmsdk-2.13/libs/libfreertos.a(tasks.o)
 .text.vTaskDelay
                0x00105d08       0x68 /home/rec/marvell/wmsdk-2.13/libs/libfreertos.a(tasks.o)
                0x00105d08                vTaskDelay
 .text.vTaskSwitchContext
                0x00105d70      0x14c /home/rec/marvell/wmsdk-2.13/libs/libfreertos.a(tasks.o)
                0x00105d70                vTaskSwitchContext
 .text.vTaskSuspend
                0x00105ebc       0x80 /home/rec/marvell/wmsdk-2.13/libs/libfreertos.a(tasks.o)
                0x00105ebc                vTaskSuspend
 .text.vTaskPlaceOnEventList
                0x00105f3c       0x4c /home/rec/marvell/wmsdk-2.13/libs/libfreertos.a(tasks.o)
                0x00105f3c                vTaskPlaceOnEventList
 .text.vTaskPlaceOnEventListRestricted
                0x00105f88       0x34 /home/rec/marvell/wmsdk-2.13/libs/libfreertos.a(tasks.o)
                0x00105f88                vTaskPlaceOnEventListRestricted
 .text.xTaskRemoveFromEventList
                0x00105fbc       0x78 /home/rec/marvell/wmsdk-2.13/libs/libfreertos.a(tasks.o)
                0x00105fbc                xTaskRemoveFromEventList
 .text.vTaskSetTimeOutState
                0x00106034       0x1c /home/rec/marvell/wmsdk-2.13/libs/libfreertos.a(tasks.o)
                0x00106034                vTaskSetTimeOutState
 .text.xTaskCheckForTimeOut
                0x00106050       0x8c /home/rec/marvell/wmsdk-2.13/libs/libfreertos.a(tasks.o)
                0x00106050                xTaskCheckForTimeOut
 .text.vTaskMissedYield
                0x001060dc       0x10 /home/rec/marvell/wmsdk-2.13/libs/libfreertos.a(tasks.o)
                0x001060dc                vTaskMissedYield
 .text.xTaskGetCurrentTaskHandle
                0x001060ec        0xc /home/rec/marvell/wmsdk-2.13/libs/libfreertos.a(tasks.o)
                0x001060ec                xTaskGetCurrentTaskHandle
 .text.xTaskGetSchedulerState
                0x001060f8       0x20 /home/rec/marvell/wmsdk-2.13/libs/libfreertos.a(tasks.o)
                0x001060f8                xTaskGetSchedulerState
 .text.vTaskPriorityInherit
                0x00106118       0x70 /home/rec/marvell/wmsdk-2.13/libs/libfreertos.a(tasks.o)
                0x00106118                vTaskPriorityInherit
 .text.vTaskPriorityDisinherit
                0x00106188       0x54 /home/rec/marvell/wmsdk-2.13/libs/libfreertos.a(tasks.o)
                0x00106188                vTaskPriorityDisinherit
 .text.prvCheckForValidListAndQueue
                0x001061dc       0x58 /home/rec/marvell/wmsdk-2.13/libs/libfreertos.a(timers.o)
 .text.prvInsertTimerInActiveList
                0x00106234       0x58 /home/rec/marvell/wmsdk-2.13/libs/libfreertos.a(timers.o)
 .text.xTimerCreateTimerTask
                0x0010628c       0x3c /home/rec/marvell/wmsdk-2.13/libs/libfreertos.a(timers.o)
                0x0010628c                xTimerCreateTimerTask
 .text.xTimerCreate
                0x001062c8       0x38 /home/rec/marvell/wmsdk-2.13/libs/libfreertos.a(timers.o)
                0x001062c8                xTimerCreate
 .text.xTimerGenericCommand
                0x00106300       0x50 /home/rec/marvell/wmsdk-2.13/libs/libfreertos.a(timers.o)
                0x00106300                xTimerGenericCommand
 .text.prvSwitchTimerLists.isra.1
                0x00106350       0x94 /home/rec/marvell/wmsdk-2.13/libs/libfreertos.a(timers.o)
 .text.prvTimerTask
                0x001063e4      0x158 /home/rec/marvell/wmsdk-2.13/libs/libfreertos.a(timers.o)
 .text.pvTimerGetTimerID
                0x0010653c        0x4 /home/rec/marvell/wmsdk-2.13/libs/libfreertos.a(timers.o)
                0x0010653c                pvTimerGetTimerID
 .text.pxPortInitialiseStack
                0x00106540       0x18 /home/rec/marvell/wmsdk-2.13/libs/libfreertos.a(port.o)
                0x00106540                pxPortInitialiseStack
 .text.SVC_IRQHandler
                0x00106558       0x20 /home/rec/marvell/wmsdk-2.13/libs/libfreertos.a(port.o)
                0x00106558                SVC_IRQHandler
 .text.vPortStartFirstTask
                0x00106578       0x14 /home/rec/marvell/wmsdk-2.13/libs/libfreertos.a(port.o)
                0x00106578                vPortStartFirstTask
 .text.xPortStartScheduler
                0x0010658c       0x64 /home/rec/marvell/wmsdk-2.13/libs/libfreertos.a(port.o)
                0x0010658c                xPortStartScheduler
 .text.vPortYieldFromISR
                0x001065f0       0x14 /home/rec/marvell/wmsdk-2.13/libs/libfreertos.a(port.o)
                0x001065f0                vPortYieldFromISR
 .text.vPortEnterCritical
                0x00106604       0x18 /home/rec/marvell/wmsdk-2.13/libs/libfreertos.a(port.o)
                0x00106604                vPortEnterCritical
 .text.vPortExitCritical
                0x0010661c       0x1c /home/rec/marvell/wmsdk-2.13/libs/libfreertos.a(port.o)
                0x0010661c                vPortExitCritical
 .text.PendSV_IRQHandler
                0x00106638       0x3c /home/rec/marvell/wmsdk-2.13/libs/libfreertos.a(port.o)
                0x00106638                PendSV_IRQHandler
 .text.SysTick_IRQHandler
                0x00106674       0x28 /home/rec/marvell/wmsdk-2.13/libs/libfreertos.a(port.o)
                0x00106674                SysTick_IRQHandler
 .text.prvInsertBlockIntoFreeList
                0x0010669c       0xbc /home/rec/marvell/wmsdk-2.13/libs/libfreertos.a(heap_4.o)
 .text.prvHeapInit
                0x00106758       0xa0 /home/rec/marvell/wmsdk-2.13/libs/libfreertos.a(heap_4.o)
                0x00106758                prvHeapInit
 .text.pvPortMalloc
                0x001067f8      0x100 /home/rec/marvell/wmsdk-2.13/libs/libfreertos.a(heap_4.o)
                0x001067f8                pvPortMalloc
 .text.vPortFree
                0x001068f8       0x7c /home/rec/marvell/wmsdk-2.13/libs/libfreertos.a(heap_4.o)
                0x001068f8                vPortFree
 .text.vListInitialise
                0x00106974       0x18 /home/rec/marvell/wmsdk-2.13/libs/libfreertos.a(list.o)
                0x00106974                vListInitialise
 .text.vListInitialiseItem
                0x0010698c        0x8 /home/rec/marvell/wmsdk-2.13/libs/libfreertos.a(list.o)
                0x0010698c                vListInitialiseItem
 .text.vListInsertEnd
                0x00106994       0x1c /home/rec/marvell/wmsdk-2.13/libs/libfreertos.a(list.o)
                0x00106994                vListInsertEnd
 .text.vListInsert
                0x001069b0       0x38 /home/rec/marvell/wmsdk-2.13/libs/libfreertos.a(list.o)
                0x001069b0                vListInsert
 .text.vListRemove
                0x001069e8       0x24 /home/rec/marvell/wmsdk-2.13/libs/libfreertos.a(list.o)
                0x001069e8                vListRemove
 .text.os_semaphore_get.isra.1.constprop.2
                0x00106a0c       0x1a /home/rec/marvell/wmsdk-2.13/libs/libhealthmon.a(healthmon.o)
 *fill*         0x00106a26        0x2 
 .text.lock_and_find_handler_by_name
                0x00106a28       0x40 /home/rec/marvell/wmsdk-2.13/libs/libhealthmon.a(healthmon.o)
 .text.os_semaphore_put.constprop.4
                0x00106a68       0x40 /home/rec/marvell/wmsdk-2.13/libs/libhealthmon.a(healthmon.o)
 .text.unlock_handler_list
                0x00106aa8        0x4 /home/rec/marvell/wmsdk-2.13/libs/libhealthmon.a(healthmon.o)
 .text.healthmon_unregister_handler
                0x00106aac       0x34 /home/rec/marvell/wmsdk-2.13/libs/libhealthmon.a(healthmon.o)
                0x00106aac                healthmon_unregister_handler
 .text.healthmon_register_handler
                0x00106ae0       0x84 /home/rec/marvell/wmsdk-2.13/libs/libhealthmon.a(healthmon.o)
                0x00106ae0                healthmon_register_handler
 .text.healthmon_init
                0x00106b64       0x70 /home/rec/marvell/wmsdk-2.13/libs/libhealthmon.a(healthmon.o)
                0x00106b64                healthmon_init
 .text.os_msec_to_ticks
                0x00106bd4        0x2 /home/rec/marvell/wmsdk-2.13/libs/libhttpd.a(httpd.o)
 *fill*         0x00106bd6        0x2 
 .text.httpd_close_sockets
                0x00106bd8       0x48 /home/rec/marvell/wmsdk-2.13/libs/libhttpd.a(httpd.o)
 .text.os_thread_sleep
                0x00106c20        0x4 /home/rec/marvell/wmsdk-2.13/libs/libhttpd.a(httpd.o)
 .text.net_get_sock_error.isra.0
                0x00106c24       0x30 /home/rec/marvell/wmsdk-2.13/libs/libhttpd.a(httpd.o)
 .text.httpd_thread_cleanup
                0x00106c54       0xdc /home/rec/marvell/wmsdk-2.13/libs/libhttpd.a(httpd.o)
 .text.httpd_suspend_thread.isra.1
                0x00106d30       0x28 /home/rec/marvell/wmsdk-2.13/libs/libhttpd.a(httpd.o)
 .text.httpd_select
                0x00106d58       0x58 /home/rec/marvell/wmsdk-2.13/libs/libhttpd.a(httpd.o)
 .text.httpd_main
                0x00106db0      0x1cc /home/rec/marvell/wmsdk-2.13/libs/libhttpd.a(httpd.o)
 .text.httpd_start
                0x00106f7c       0x44 /home/rec/marvell/wmsdk-2.13/libs/libhttpd.a(httpd.o)
                0x00106f7c                httpd_start
 .text.httpd_shutdown
                0x00106fc0       0x14 /home/rec/marvell/wmsdk-2.13/libs/libhttpd.a(httpd.o)
                0x00106fc0                httpd_shutdown
 .text.httpd_init
                0x00106fd4       0x38 /home/rec/marvell/wmsdk-2.13/libs/libhttpd.a(httpd.o)
                0x00106fd4                httpd_init
 .text.__httpd_parse_useragent
                0x0010700c       0x78 /home/rec/marvell/wmsdk-2.13/libs/libhttpd.a(http_parse.o)
 .text.httpd_next_token
                0x00107084       0x3c /home/rec/marvell/wmsdk-2.13/libs/libhttpd.a(http_parse.o)
 .text.httpd_token_cpy
                0x001070c0       0x4c /home/rec/marvell/wmsdk-2.13/libs/libhttpd.a(http_parse.o)
 .text.httpd_parse_useragent
                0x0010710c      0x268 /home/rec/marvell/wmsdk-2.13/libs/libhttpd.a(http_parse.o)
                0x0010710c                httpd_parse_useragent
 .text.httpd_parse_hdr_tags
                0x00107374      0x128 /home/rec/marvell/wmsdk-2.13/libs/libhttpd.a(http_parse.o)
                0x00107374                httpd_parse_hdr_tags
 .text.httpd_parse_hdr_main
                0x0010749c       0xd4 /home/rec/marvell/wmsdk-2.13/libs/libhttpd.a(http_parse.o)
                0x0010749c                httpd_parse_hdr_main
 .text.httpd_send
                0x00107570       0x2a /home/rec/marvell/wmsdk-2.13/libs/libhttpd.a(httpd_handle.o)
                0x00107570                httpd_send
 *fill*         0x0010759a        0x2 
 .text.httpd_send_last_chunk
                0x0010759c        0xc /home/rec/marvell/wmsdk-2.13/libs/libhttpd.a(httpd_handle.o)
                0x0010759c                httpd_send_last_chunk
 .text.httpd_send_chunk_begin
                0x001075a8       0x4c /home/rec/marvell/wmsdk-2.13/libs/libhttpd.a(httpd_handle.o)
                0x001075a8                httpd_send_chunk_begin
 .text.httpd_send_chunk
                0x001075f4       0x3c /home/rec/marvell/wmsdk-2.13/libs/libhttpd.a(httpd_handle.o)
                0x001075f4                httpd_send_chunk
 .text.httpd_recv
                0x00107630        0x4 /home/rec/marvell/wmsdk-2.13/libs/libhttpd.a(httpd_handle.o)
                0x00107630                httpd_recv
 .text.httpd_set_error
                0x00107634       0x24 /home/rec/marvell/wmsdk-2.13/libs/libhttpd.a(httpd_handle.o)
                0x00107634                httpd_set_error
 .text.httpd_send_error
                0x00107658       0xa4 /home/rec/marvell/wmsdk-2.13/libs/libhttpd.a(httpd_handle.o)
                0x00107658                httpd_send_error
 .text.httpd_purge_socket_data
                0x001076fc       0x38 /home/rec/marvell/wmsdk-2.13/libs/libhttpd.a(httpd_handle.o)
                0x001076fc                httpd_purge_socket_data
 .text.httpd_handle_message
                0x00107734       0xa0 /home/rec/marvell/wmsdk-2.13/libs/libhttpd.a(httpd_handle.o)
                0x00107734                httpd_handle_message
 .text.htsys_getln_soc
                0x001077d4       0x88 /home/rec/marvell/wmsdk-2.13/libs/libhttpd.a(httpd_sys.o)
                0x001077d4                htsys_getln_soc
 .text.httpd_ssi_init
                0x0010785c       0x20 /home/rec/marvell/wmsdk-2.13/libs/libhttpd.a(httpd_ssi.o)
                0x0010785c                httpd_ssi_init
 .text.chunked_encoding
                0x0010787c        0xa /home/rec/marvell/wmsdk-2.13/libs/libhttpd.a(httpd_wsgi.o)
 *fill*         0x00107886        0x2 
 .text.httpd_register_wsgi_handler
                0x00107888       0x48 /home/rec/marvell/wmsdk-2.13/libs/libhttpd.a(httpd_wsgi.o)
                0x00107888                httpd_register_wsgi_handler
 .text.httpd_register_wsgi_handlers
                0x001078d0       0x2a /home/rec/marvell/wmsdk-2.13/libs/libhttpd.a(httpd_wsgi.o)
                0x001078d0                httpd_register_wsgi_handlers
 .text.httpd_purge_headers
                0x001078fa       0x4c /home/rec/marvell/wmsdk-2.13/libs/libhttpd.a(httpd_wsgi.o)
                0x001078fa                httpd_purge_headers
 *fill*         0x00107946        0x2 
 .text.httpd_send_header
                0x00107948       0x50 /home/rec/marvell/wmsdk-2.13/libs/libhttpd.a(httpd_wsgi.o)
                0x00107948                httpd_send_header
 .text.httpd_send_default_headers
                0x00107998       0xdc /home/rec/marvell/wmsdk-2.13/libs/libhttpd.a(httpd_wsgi.o)
                0x00107998                httpd_send_default_headers
 .text.httpd_send_response
                0x00107a74       0xd0 /home/rec/marvell/wmsdk-2.13/libs/libhttpd.a(httpd_wsgi.o)
                0x00107a74                httpd_send_response
 .text.httpd_get_data
                0x00107b44       0x68 /home/rec/marvell/wmsdk-2.13/libs/libhttpd.a(httpd_wsgi.o)
                0x00107b44                httpd_get_data
 .text.httpd_get_data_json
                0x00107bac       0x20 /home/rec/marvell/wmsdk-2.13/libs/libhttpd.a(httpd_wsgi.o)
                0x00107bac                httpd_get_data_json
 .text.httpd_skip_absolute_http_path
                0x00107bcc       0x28 /home/rec/marvell/wmsdk-2.13/libs/libhttpd.a(httpd_wsgi.o)
                0x00107bcc                httpd_skip_absolute_http_path
 .text.httpd_wsgi
                0x00107bf4      0x11c /home/rec/marvell/wmsdk-2.13/libs/libhttpd.a(httpd_wsgi.o)
                0x00107bf4                httpd_wsgi
 .text.httpd_wsgi_init
                0x00107d10       0x14 /home/rec/marvell/wmsdk-2.13/libs/libhttpd.a(httpd_wsgi.o)
                0x00107d10                httpd_wsgi_init
 .text.skip     0x00107d24       0x10 /home/rec/marvell/wmsdk-2.13/libs/libjson.a(json_parse.o)
 .text.rev_skip
                0x00107d34       0x10 /home/rec/marvell/wmsdk-2.13/libs/libjson.a(json_parse.o)
 .text.verify_buffer_limit
                0x00107d44       0x12 /home/rec/marvell/wmsdk-2.13/libs/libjson.a(json_parse.o)
 .text.skip_json_member
                0x00107d56       0x3a /home/rec/marvell/wmsdk-2.13/libs/libjson.a(json_parse.o)
 .text.parse_string
                0x00107d90      0x110 /home/rec/marvell/wmsdk-2.13/libs/libjson.a(json_parse.o)
 .text.parse_value
                0x00107ea0      0x18c /home/rec/marvell/wmsdk-2.13/libs/libjson.a(json_parse.o)
 .text.print_float.isra.0
                0x0010802c        0xc /home/rec/marvell/wmsdk-2.13/libs/libjson.a(json_parse.o)
 .text.verify_json_start
                0x00108038       0x14 /home/rec/marvell/wmsdk-2.13/libs/libjson.a(json_parse.o)
                0x00108038                verify_json_start
 .text.json_get_composite_object
                0x0010804c       0xb4 /home/rec/marvell/wmsdk-2.13/libs/libjson.a(json_parse.o)
                0x0010804c                json_get_composite_object
 .text.json_release_composite_object
                0x00108100       0x14 /home/rec/marvell/wmsdk-2.13/libs/libjson.a(json_parse.o)
                0x00108100                json_release_composite_object
 .text.json_object_init
                0x00108114        0xc /home/rec/marvell/wmsdk-2.13/libs/libjson.a(json_parse.o)
                0x00108114                json_object_init
 .text.json_get_val_str
                0x00108120       0xc0 /home/rec/marvell/wmsdk-2.13/libs/libjson.a(json_parse.o)
                0x00108120                json_get_val_str
 .text.json_get_val_number
                0x001081e0       0x98 /home/rec/marvell/wmsdk-2.13/libs/libjson.a(json_parse.o)
                0x001081e0                json_get_val_number
 .text.json_get_val_int
                0x00108278       0x12 /home/rec/marvell/wmsdk-2.13/libs/libjson.a(json_parse.o)
                0x00108278                json_get_val_int
 *fill*         0x0010828a        0x2 
 .text.json_str_init
                0x0010828c       0x24 /home/rec/marvell/wmsdk-2.13/libs/libjson.a(json_parse.o)
                0x0010828c                json_str_init
 .text.json_push_object
                0x001082b0       0x60 /home/rec/marvell/wmsdk-2.13/libs/libjson.a(json_parse.o)
                0x001082b0                json_push_object
 .text.json_push_array_object
                0x00108310       0x60 /home/rec/marvell/wmsdk-2.13/libs/libjson.a(json_parse.o)
                0x00108310                json_push_array_object
 .text.json_start_object
                0x00108370       0x3e /home/rec/marvell/wmsdk-2.13/libs/libjson.a(json_parse.o)
                0x00108370                json_start_object
 *fill*         0x001083ae        0x2 
 .text.json_close_object
                0x001083b0       0x38 /home/rec/marvell/wmsdk-2.13/libs/libjson.a(json_parse.o)
                0x001083b0                json_close_object
 .text.json_pop_array_object
                0x001083e8       0x38 /home/rec/marvell/wmsdk-2.13/libs/libjson.a(json_parse.o)
                0x001083e8                json_pop_array_object
 .text.json_set_array_value
                0x00108420       0xa4 /home/rec/marvell/wmsdk-2.13/libs/libjson.a(json_parse.o)
                0x00108420                json_set_array_value
 .text.json_set_object_value
                0x001084c4      0x144 /home/rec/marvell/wmsdk-2.13/libs/libjson.a(json_parse.o)
                0x001084c4                json_set_object_value
 .text.get_socket
                0x00108608       0x2c /home/rec/marvell/wmsdk-2.13/libs/liblwip.a(sockets.o)
 .text.tryget_socket
                0x00108634       0x20 /home/rec/marvell/wmsdk-2.13/libs/liblwip.a(sockets.o)
 .text.lwip_setsockopt_internal
                0x00108654      0x174 /home/rec/marvell/wmsdk-2.13/libs/liblwip.a(sockets.o)
 .text.lwip_getaddrname
                0x001087c8       0x74 /home/rec/marvell/wmsdk-2.13/libs/liblwip.a(sockets.o)
 .text.lwip_selscan
                0x0010883c      0x160 /home/rec/marvell/wmsdk-2.13/libs/liblwip.a(sockets.o)
 .text.alloc_socket
                0x0010899c       0x70 /home/rec/marvell/wmsdk-2.13/libs/liblwip.a(sockets.o)
 .text.event_callback
                0x00108a0c      0x128 /home/rec/marvell/wmsdk-2.13/libs/liblwip.a(sockets.o)
 .text.lwip_socket_init
                0x00108b34        0x2 /home/rec/marvell/wmsdk-2.13/libs/liblwip.a(sockets.o)
                0x00108b34                lwip_socket_init
 *fill*         0x00108b36        0x2 
 .text.lwip_accept
                0x00108b38      0x12c /home/rec/marvell/wmsdk-2.13/libs/liblwip.a(sockets.o)
                0x00108b38                lwip_accept
 .text.lwip_bind
                0x00108c64       0x7c /home/rec/marvell/wmsdk-2.13/libs/liblwip.a(sockets.o)
                0x00108c64                lwip_bind
 .text.lwip_close
                0x00108ce0       0x58 /home/rec/marvell/wmsdk-2.13/libs/liblwip.a(sockets.o)
                0x00108ce0                lwip_close
 .text.lwip_connect
                0x00108d38       0x7c /home/rec/marvell/wmsdk-2.13/libs/liblwip.a(sockets.o)
                0x00108d38                lwip_connect
 .text.lwip_listen
                0x00108db4       0x5c /home/rec/marvell/wmsdk-2.13/libs/liblwip.a(sockets.o)
                0x00108db4                lwip_listen
 .text.lwip_recvfrom
                0x00108e10      0x1ec /home/rec/marvell/wmsdk-2.13/libs/liblwip.a(sockets.o)
                0x00108e10                lwip_recvfrom
 .text.lwip_recv
                0x00108ffc        0xe /home/rec/marvell/wmsdk-2.13/libs/liblwip.a(sockets.o)
                0x00108ffc                lwip_recv
 *fill*         0x0010900a        0x2 
 .text.lwip_sendto
                0x0010900c       0xf0 /home/rec/marvell/wmsdk-2.13/libs/liblwip.a(sockets.o)
                0x0010900c                lwip_sendto
 .text.lwip_send
                0x001090fc       0x90 /home/rec/marvell/wmsdk-2.13/libs/liblwip.a(sockets.o)
                0x001090fc                lwip_send
 .text.lwip_socket
                0x0010918c       0x84 /home/rec/marvell/wmsdk-2.13/libs/liblwip.a(sockets.o)
                0x0010918c                lwip_socket
 .text.lwip_select
                0x00109210      0x230 /home/rec/marvell/wmsdk-2.13/libs/liblwip.a(sockets.o)
                0x00109210                lwip_select
 .text.lwip_getpeername
                0x00109440        0x6 /home/rec/marvell/wmsdk-2.13/libs/liblwip.a(sockets.o)
                0x00109440                lwip_getpeername
 *fill*         0x00109446        0x2 
 .text.lwip_setsockopt
                0x00109448      0x15c /home/rec/marvell/wmsdk-2.13/libs/liblwip.a(sockets.o)
                0x00109448                lwip_setsockopt
 .text.lwip_ioctl
                0x001095a4       0x58 /home/rec/marvell/wmsdk-2.13/libs/liblwip.a(sockets.o)
                0x001095a4                lwip_ioctl
 .text.tcpip_thread
                0x001095fc       0x8c /home/rec/marvell/wmsdk-2.13/libs/liblwip.a(tcpip.o)
 .text.tcpip_input
                0x00109688       0x44 /home/rec/marvell/wmsdk-2.13/libs/liblwip.a(tcpip.o)
                0x00109688                tcpip_input
 .text.tcpip_callback_with_block
                0x001096cc       0x50 /home/rec/marvell/wmsdk-2.13/libs/liblwip.a(tcpip.o)
                0x001096cc                tcpip_callback_with_block
 .text.tcpip_apimsg
                0x0010971c       0x38 /home/rec/marvell/wmsdk-2.13/libs/liblwip.a(tcpip.o)
                0x0010971c                tcpip_apimsg
 .text.tcpip_netifapi
                0x00109754       0x50 /home/rec/marvell/wmsdk-2.13/libs/liblwip.a(tcpip.o)
                0x00109754                tcpip_netifapi
 .text.tcpip_init
                0x001097a4       0x44 /home/rec/marvell/wmsdk-2.13/libs/liblwip.a(tcpip.o)
                0x001097a4                tcpip_init
 .text.lwip_init
                0x001097e8       0x32 /home/rec/marvell/wmsdk-2.13/libs/liblwip.a(init.o)
                0x001097e8                lwip_init
 *fill*         0x0010981a        0x2 
 .text.igmp_send
                0x0010981c       0xc4 /home/rec/marvell/wmsdk-2.13/libs/liblwip.a(igmp.o)
 .text.igmp_init
                0x001098e0       0x20 /home/rec/marvell/wmsdk-2.13/libs/liblwip.a(igmp.o)
                0x001098e0                igmp_init
 .text.igmp_lookfor_group
                0x00109900       0x24 /home/rec/marvell/wmsdk-2.13/libs/liblwip.a(igmp.o)
                0x00109900                igmp_lookfor_group
 .text.igmp_lookup_group
                0x00109924       0x34 /home/rec/marvell/wmsdk-2.13/libs/liblwip.a(igmp.o)
 .text.igmp_start
                0x00109958       0x30 /home/rec/marvell/wmsdk-2.13/libs/liblwip.a(igmp.o)
                0x00109958                igmp_start
 .text.igmp_leavegroup
                0x00109988       0xe0 /home/rec/marvell/wmsdk-2.13/libs/liblwip.a(igmp.o)
                0x00109988                igmp_leavegroup
 .text.lwip_get_min_to_grp
                0x00109a68       0x38 /home/rec/marvell/wmsdk-2.13/libs/liblwip.a(igmp.o)
                0x00109a68                lwip_get_min_to_grp
 .text.igmp_start_timer
                0x00109aa0       0x64 /home/rec/marvell/wmsdk-2.13/libs/liblwip.a(igmp.o)
 .text.igmp_joingroup
                0x00109b04       0xb8 /home/rec/marvell/wmsdk-2.13/libs/liblwip.a(igmp.o)
                0x00109b04                igmp_joingroup
 .text.igmp_delaying_member
                0x00109bbc       0x22 /home/rec/marvell/wmsdk-2.13/libs/liblwip.a(igmp.o)
 *fill*         0x00109bde        0x2 
 .text.igmp_input
                0x00109be0      0x16c /home/rec/marvell/wmsdk-2.13/libs/liblwip.a(igmp.o)
                0x00109be0                igmp_input
 .text.igmp_report_groups
                0x00109d4c       0x24 /home/rec/marvell/wmsdk-2.13/libs/liblwip.a(igmp.o)
                0x00109d4c                igmp_report_groups
 .text.igmp_tmr
                0x00109d70       0x6c /home/rec/marvell/wmsdk-2.13/libs/liblwip.a(igmp.o)
                0x00109d70                igmp_tmr
 .text.igmp_timer
                0x00109ddc        0x4 /home/rec/marvell/wmsdk-2.13/libs/liblwip.a(igmp.o)
 .text.lwip_standard_chksum
                0x00109de0       0x5a /home/rec/marvell/wmsdk-2.13/libs/liblwip.a(inet_chksum.o)
 .text.inet_chksum_pseudo
                0x00109e3a       0x9e /home/rec/marvell/wmsdk-2.13/libs/liblwip.a(inet_chksum.o)
                0x00109e3a                inet_chksum_pseudo
 .text.inet_chksum
                0x00109ed8        0xc /home/rec/marvell/wmsdk-2.13/libs/liblwip.a(inet_chksum.o)
                0x00109ed8                inet_chksum
 .text.inet_chksum_pbuf
                0x00109ee4       0x4c /home/rec/marvell/wmsdk-2.13/libs/liblwip.a(inet_chksum.o)
                0x00109ee4                inet_chksum_pbuf
 .text.get_netif_from_handle
                0x00109f30       0x30 /home/rec/marvell/wmsdk-2.13/libs/liblwip.a(ip.o)
                0x00109f30                get_netif_from_handle
 .text.ip_route
                0x00109f60       0x50 /home/rec/marvell/wmsdk-2.13/libs/liblwip.a(ip.o)
                0x00109f60                ip_route
 .text.ip_input
                0x00109fb0      0x22c /home/rec/marvell/wmsdk-2.13/libs/liblwip.a(ip.o)
                0x00109fb0                ip_input
 .text.ip_output_if_opt
                0x0010a1dc      0x19c /home/rec/marvell/wmsdk-2.13/libs/liblwip.a(ip.o)
                0x0010a1dc                ip_output_if_opt
 .text.ip_output_if
                0x0010a378       0x22 /home/rec/marvell/wmsdk-2.13/libs/liblwip.a(ip.o)
                0x0010a378                ip_output_if
 *fill*         0x0010a39a        0x2 
 .text.ip_output
                0x0010a39c       0x48 /home/rec/marvell/wmsdk-2.13/libs/liblwip.a(ip.o)
                0x0010a39c                ip_output
 .text.ip4_addr_isbroadcast
                0x0010a3e4       0x44 /home/rec/marvell/wmsdk-2.13/libs/liblwip.a(ip_addr.o)
                0x0010a3e4                ip4_addr_isbroadcast
 .text.ipaddr_aton
                0x0010a428      0x100 /home/rec/marvell/wmsdk-2.13/libs/liblwip.a(ip_addr.o)
                0x0010a428                ipaddr_aton
 .text.ipaddr_addr
                0x0010a528       0x14 /home/rec/marvell/wmsdk-2.13/libs/liblwip.a(ip_addr.o)
                0x0010a528                ipaddr_addr
 .text.ipaddr_ntoa_r
                0x0010a53c       0x80 /home/rec/marvell/wmsdk-2.13/libs/liblwip.a(ip_addr.o)
                0x0010a53c                ipaddr_ntoa_r
 .text.ipaddr_ntoa
                0x0010a5bc        0xc /home/rec/marvell/wmsdk-2.13/libs/liblwip.a(ip_addr.o)
                0x0010a5bc                ipaddr_ntoa
 .text.ip_frag_free_pbuf_custom_ref
                0x0010a5c8        0x8 /home/rec/marvell/wmsdk-2.13/libs/liblwip.a(ip_frag.o)
 .text.ipfrag_free_pbuf_custom
                0x0010a5d0       0x16 /home/rec/marvell/wmsdk-2.13/libs/liblwip.a(ip_frag.o)
 *fill*         0x0010a5e6        0x2 
 .text.ip_reass_dequeue_datagram
                0x0010a5e8       0x20 /home/rec/marvell/wmsdk-2.13/libs/liblwip.a(ip_frag.o)
 .text.ip_reass_free_complete_datagram
                0x0010a608       0x80 /home/rec/marvell/wmsdk-2.13/libs/liblwip.a(ip_frag.o)
 .text.ip_reass_remove_oldest_datagram
                0x0010a688       0x6c /home/rec/marvell/wmsdk-2.13/libs/liblwip.a(ip_frag.o)
 .text.ip_reass_tmr
                0x0010a6f4       0x44 /home/rec/marvell/wmsdk-2.13/libs/liblwip.a(ip_frag.o)
                0x0010a6f4                ip_reass_tmr
 .text.ip_reass_timer
                0x0010a738        0x4 /home/rec/marvell/wmsdk-2.13/libs/liblwip.a(ip_frag.o)
 .text.ip_reass
                0x0010a73c      0x300 /home/rec/marvell/wmsdk-2.13/libs/liblwip.a(ip_frag.o)
                0x0010a73c                ip_reass
 .text.ip_frag  0x0010aa3c      0x1b4 /home/rec/marvell/wmsdk-2.13/libs/liblwip.a(ip_frag.o)
                0x0010aa3c                ip_frag
 .text.mem_init
                0x0010abf0       0x4c /home/rec/marvell/wmsdk-2.13/libs/liblwip.a(mem.o)
                0x0010abf0                mem_init
 .text.mem_free
                0x0010ac3c       0xe0 /home/rec/marvell/wmsdk-2.13/libs/liblwip.a(mem.o)
                0x0010ac3c                mem_free
 .text.mem_trim
                0x0010ad1c      0x10c /home/rec/marvell/wmsdk-2.13/libs/liblwip.a(mem.o)
                0x0010ad1c                mem_trim
 .text.mem_malloc
                0x0010ae28      0x138 /home/rec/marvell/wmsdk-2.13/libs/liblwip.a(mem.o)
                0x0010ae28                mem_malloc
 .text.memp_init
                0x0010af60       0x70 /home/rec/marvell/wmsdk-2.13/libs/liblwip.a(memp.o)
                0x0010af60                memp_init
 .text.memp_malloc
                0x0010afd0       0x74 /home/rec/marvell/wmsdk-2.13/libs/liblwip.a(memp.o)
                0x0010afd0                memp_malloc
 .text.memp_free
                0x0010b044       0x3c /home/rec/marvell/wmsdk-2.13/libs/liblwip.a(memp.o)
                0x0010b044                memp_free
 .text.netif_loopif_init
                0x0010b080       0x18 /home/rec/marvell/wmsdk-2.13/libs/liblwip.a(netif.o)
 .text.netif_poll
                0x0010b098       0x6c /home/rec/marvell/wmsdk-2.13/libs/liblwip.a(netif.o)
                0x0010b098                netif_poll
 .text.netif_loop_output
                0x0010b104       0xa4 /home/rec/marvell/wmsdk-2.13/libs/liblwip.a(netif.o)
                0x0010b104                netif_loop_output
 .text.netif_set_ipaddr
                0x0010b1a8       0x58 /home/rec/marvell/wmsdk-2.13/libs/liblwip.a(netif.o)
                0x0010b1a8                netif_set_ipaddr
 .text.netif_set_gw
                0x0010b200        0x8 /home/rec/marvell/wmsdk-2.13/libs/liblwip.a(netif.o)
                0x0010b200                netif_set_gw
 .text.netif_set_netmask
                0x0010b208        0x8 /home/rec/marvell/wmsdk-2.13/libs/liblwip.a(netif.o)
                0x0010b208                netif_set_netmask
 .text.netif_set_addr
                0x0010b210       0x20 /home/rec/marvell/wmsdk-2.13/libs/liblwip.a(netif.o)
                0x0010b210                netif_set_addr
 .text.netif_add
                0x0010b230       0x64 /home/rec/marvell/wmsdk-2.13/libs/liblwip.a(netif.o)
                0x0010b230                netif_add
 .text.netif_set_default
                0x0010b294        0xc /home/rec/marvell/wmsdk-2.13/libs/liblwip.a(netif.o)
                0x0010b294                netif_set_default
 .text.netif_set_up
                0x0010b2a0       0x42 /home/rec/marvell/wmsdk-2.13/libs/liblwip.a(netif.o)
                0x0010b2a0                netif_set_up
 *fill*         0x0010b2e2        0x2 
 .text.netif_init
                0x0010b2e4       0x44 /home/rec/marvell/wmsdk-2.13/libs/liblwip.a(netif.o)
                0x0010b2e4                netif_init
 .text.netif_set_down
                0x0010b328       0x26 /home/rec/marvell/wmsdk-2.13/libs/liblwip.a(netif.o)
                0x0010b328                netif_set_down
 .text.netif_send_status
                0x0010b34e        0xc /home/rec/marvell/wmsdk-2.13/libs/liblwip.a(netif.o)
                0x0010b34e                netif_send_status
 .text.netif_set_status_callback
                0x0010b35a        0x6 /home/rec/marvell/wmsdk-2.13/libs/liblwip.a(netif.o)
                0x0010b35a                netif_set_status_callback
 .text.pbuf_pool_is_empty
                0x0010b360       0x38 /home/rec/marvell/wmsdk-2.13/libs/liblwip.a(pbuf.o)
 .text.pbuf_free_ooseq_callback
                0x0010b398       0x34 /home/rec/marvell/wmsdk-2.13/libs/liblwip.a(pbuf.o)
 .text.pbuf_alloced_custom
                0x0010b3cc       0x50 /home/rec/marvell/wmsdk-2.13/libs/liblwip.a(pbuf.o)
                0x0010b3cc                pbuf_alloced_custom
 .text.pbuf_header
                0x0010b41c       0x80 /home/rec/marvell/wmsdk-2.13/libs/liblwip.a(pbuf.o)
                0x0010b41c                pbuf_header
 .text.pbuf_free
                0x0010b49c       0x62 /home/rec/marvell/wmsdk-2.13/libs/liblwip.a(pbuf.o)
                0x0010b49c                pbuf_free
 .text.pbuf_realloc
                0x0010b4fe       0x4c /home/rec/marvell/wmsdk-2.13/libs/liblwip.a(pbuf.o)
                0x0010b4fe                pbuf_realloc
 .text.pbuf_alloc
                0x0010b54a      0x118 /home/rec/marvell/wmsdk-2.13/libs/liblwip.a(pbuf.o)
                0x0010b54a                pbuf_alloc
 .text.pbuf_clen
                0x0010b662       0x12 /home/rec/marvell/wmsdk-2.13/libs/liblwip.a(pbuf.o)
                0x0010b662                pbuf_clen
 .text.pbuf_ref
                0x0010b674       0x1a /home/rec/marvell/wmsdk-2.13/libs/liblwip.a(pbuf.o)
                0x0010b674                pbuf_ref
 *fill*         0x0010b68e        0x2 
 .text.pbuf_cat
                0x0010b690       0x3c /home/rec/marvell/wmsdk-2.13/libs/liblwip.a(pbuf.o)
                0x0010b690                pbuf_cat
 .text.pbuf_chain
                0x0010b6cc       0x12 /home/rec/marvell/wmsdk-2.13/libs/liblwip.a(pbuf.o)
                0x0010b6cc                pbuf_chain
 *fill*         0x0010b6de        0x2 
 .text.pbuf_copy
                0x0010b6e0       0xb8 /home/rec/marvell/wmsdk-2.13/libs/liblwip.a(pbuf.o)
                0x0010b6e0                pbuf_copy
 .text.pbuf_copy_partial
                0x0010b798       0x8c /home/rec/marvell/wmsdk-2.13/libs/liblwip.a(pbuf.o)
                0x0010b798                pbuf_copy_partial
 .text.stats_init
                0x0010b824       0x4c /home/rec/marvell/wmsdk-2.13/libs/liblwip.a(stats.o)
                0x0010b824                stats_init
 .text.tcp_accept_null
                0x0010b870        0x6 /home/rec/marvell/wmsdk-2.13/libs/liblwip.a(tcp.o)
 *fill*         0x0010b876        0x2 
 .text.tcp_new_port
                0x0010b878       0x54 /home/rec/marvell/wmsdk-2.13/libs/liblwip.a(tcp.o)
 .text.tcp_init
                0x0010b8cc        0x2 /home/rec/marvell/wmsdk-2.13/libs/liblwip.a(tcp.o)
                0x0010b8cc                tcp_init
 *fill*         0x0010b8ce        0x2 
 .text.tcp_bind
                0x0010b8d0       0xac /home/rec/marvell/wmsdk-2.13/libs/liblwip.a(tcp.o)
                0x0010b8d0                tcp_bind
 .text.tcp_listen_with_backlog
                0x0010b97c       0xec /home/rec/marvell/wmsdk-2.13/libs/liblwip.a(tcp.o)
                0x0010b97c                tcp_listen_with_backlog
 .text.tcp_update_rcv_ann_wnd
                0x0010ba68       0x3a /home/rec/marvell/wmsdk-2.13/libs/liblwip.a(tcp.o)
                0x0010ba68                tcp_update_rcv_ann_wnd
 .text.tcp_recved
                0x0010baa2       0x3c /home/rec/marvell/wmsdk-2.13/libs/liblwip.a(tcp.o)
                0x0010baa2                tcp_recved
 .text.tcp_seg_free
                0x0010bade       0x1c /home/rec/marvell/wmsdk-2.13/libs/liblwip.a(tcp.o)
                0x0010bade                tcp_seg_free
 .text.tcp_segs_free
                0x0010bafa       0x12 /home/rec/marvell/wmsdk-2.13/libs/liblwip.a(tcp.o)
                0x0010bafa                tcp_segs_free
 .text.tcp_seg_copy
                0x0010bb0c       0x2a /home/rec/marvell/wmsdk-2.13/libs/liblwip.a(tcp.o)
                0x0010bb0c                tcp_seg_copy
 .text.tcp_arg  0x0010bb36        0x4 /home/rec/marvell/wmsdk-2.13/libs/liblwip.a(tcp.o)
                0x0010bb36                tcp_arg
 .text.tcp_recv
                0x0010bb3a        0x6 /home/rec/marvell/wmsdk-2.13/libs/liblwip.a(tcp.o)
                0x0010bb3a                tcp_recv
 .text.tcp_sent
                0x0010bb40        0x4 /home/rec/marvell/wmsdk-2.13/libs/liblwip.a(tcp.o)
                0x0010bb40                tcp_sent
 .text.tcp_err  0x0010bb44        0x6 /home/rec/marvell/wmsdk-2.13/libs/liblwip.a(tcp.o)
                0x0010bb44                tcp_err
 .text.tcp_accept
                0x0010bb4a        0x4 /home/rec/marvell/wmsdk-2.13/libs/liblwip.a(tcp.o)
                0x0010bb4a                tcp_accept
 .text.tcp_poll
                0x0010bb4e        0xa /home/rec/marvell/wmsdk-2.13/libs/liblwip.a(tcp.o)
                0x0010bb4e                tcp_poll
 .text.tcp_pcb_purge
                0x0010bb58       0x78 /home/rec/marvell/wmsdk-2.13/libs/liblwip.a(tcp.o)
                0x0010bb58                tcp_pcb_purge
 .text.tcp_slowtmr
                0x0010bbd0      0x2d0 /home/rec/marvell/wmsdk-2.13/libs/liblwip.a(tcp.o)
                0x0010bbd0                tcp_slowtmr
 .text.tcp_pcb_remove
                0x0010bea0       0x5c /home/rec/marvell/wmsdk-2.13/libs/liblwip.a(tcp.o)
                0x0010bea0                tcp_pcb_remove
 .text.tcp_abandon
                0x0010befc       0x94 /home/rec/marvell/wmsdk-2.13/libs/liblwip.a(tcp.o)
                0x0010befc                tcp_abandon
 .text.tcp_abort
                0x0010bf90        0x6 /home/rec/marvell/wmsdk-2.13/libs/liblwip.a(tcp.o)
                0x0010bf90                tcp_abort
 *fill*         0x0010bf96        0x2 
 .text.tcp_close_shutdown
                0x0010bf98      0x140 /home/rec/marvell/wmsdk-2.13/libs/liblwip.a(tcp.o)
 .text.tcp_shutdown
                0x0010c0d8       0x4c /home/rec/marvell/wmsdk-2.13/libs/liblwip.a(tcp.o)
                0x0010c0d8                tcp_shutdown
 .text.tcp_close
                0x0010c124       0x14 /home/rec/marvell/wmsdk-2.13/libs/liblwip.a(tcp.o)
                0x0010c124                tcp_close
 .text.tcp_recv_null
                0x0010c138       0x24 /home/rec/marvell/wmsdk-2.13/libs/liblwip.a(tcp.o)
                0x0010c138                tcp_recv_null
 .text.tcp_process_refused_data
                0x0010c15c       0x6e /home/rec/marvell/wmsdk-2.13/libs/liblwip.a(tcp.o)
                0x0010c15c                tcp_process_refused_data
 *fill*         0x0010c1ca        0x2 
 .text.tcp_fasttmr
                0x0010c1cc       0x68 /home/rec/marvell/wmsdk-2.13/libs/liblwip.a(tcp.o)
                0x0010c1cc                tcp_fasttmr
 .text.tcp_tmr  0x0010c234       0x24 /home/rec/marvell/wmsdk-2.13/libs/liblwip.a(tcp.o)
                0x0010c234                tcp_tmr
 .text.tcp_next_iss
                0x0010c258       0x18 /home/rec/marvell/wmsdk-2.13/libs/liblwip.a(tcp.o)
                0x0010c258                tcp_next_iss
 .text.tcp_alloc
                0x0010c270      0x130 /home/rec/marvell/wmsdk-2.13/libs/liblwip.a(tcp.o)
                0x0010c270                tcp_alloc
 .text.tcp_new  0x0010c3a0        0x6 /home/rec/marvell/wmsdk-2.13/libs/liblwip.a(tcp.o)
                0x0010c3a0                tcp_new
 .text.tcp_eff_send_mss
                0x0010c3a6       0x1e /home/rec/marvell/wmsdk-2.13/libs/liblwip.a(tcp.o)
                0x0010c3a6                tcp_eff_send_mss
 .text.tcp_connect
                0x0010c3c4      0x154 /home/rec/marvell/wmsdk-2.13/libs/liblwip.a(tcp.o)
                0x0010c3c4                tcp_connect
 .text.tcp_parseopt
                0x0010c518       0x70 /home/rec/marvell/wmsdk-2.13/libs/liblwip.a(tcp_in.o)
 .text.tcp_oos_insert_segment
                0x0010c588       0x70 /home/rec/marvell/wmsdk-2.13/libs/liblwip.a(tcp_in.o)
 .text.tcp_receive
                0x0010c5f8      0x704 /home/rec/marvell/wmsdk-2.13/libs/liblwip.a(tcp_in.o)
 .text.tcp_input
                0x0010ccfc      0x890 /home/rec/marvell/wmsdk-2.13/libs/liblwip.a(tcp_in.o)
                0x0010ccfc                tcp_input
 .text.tcp_pbuf_prealloc
                0x0010d58c       0x5c /home/rec/marvell/wmsdk-2.13/libs/liblwip.a(tcp_out.o)
 .text.tcp_create_segment
                0x0010d5e8       0xb8 /home/rec/marvell/wmsdk-2.13/libs/liblwip.a(tcp_out.o)
 .text.tcp_output_alloc_header.constprop.0
                0x0010d6a0       0x54 /home/rec/marvell/wmsdk-2.13/libs/liblwip.a(tcp_out.o)
 .text.tcp_write
                0x0010d6f4      0x36c /home/rec/marvell/wmsdk-2.13/libs/liblwip.a(tcp_out.o)
                0x0010d6f4                tcp_write
 .text.tcp_enqueue_flags
                0x0010da60       0xbc /home/rec/marvell/wmsdk-2.13/libs/liblwip.a(tcp_out.o)
                0x0010da60                tcp_enqueue_flags
 .text.tcp_send_fin
                0x0010db1c       0x32 /home/rec/marvell/wmsdk-2.13/libs/liblwip.a(tcp_out.o)
                0x0010db1c                tcp_send_fin
 .text.tcp_send_empty_ack
                0x0010db4e       0x52 /home/rec/marvell/wmsdk-2.13/libs/liblwip.a(tcp_out.o)
                0x0010db4e                tcp_send_empty_ack
 .text.tcp_output
                0x0010dba0      0x23c /home/rec/marvell/wmsdk-2.13/libs/liblwip.a(tcp_out.o)
                0x0010dba0                tcp_output
 .text.tcp_rst  0x0010dddc       0xac /home/rec/marvell/wmsdk-2.13/libs/liblwip.a(tcp_out.o)
                0x0010dddc                tcp_rst
 .text.tcp_rexmit_rto
                0x0010de88       0x30 /home/rec/marvell/wmsdk-2.13/libs/liblwip.a(tcp_out.o)
                0x0010de88                tcp_rexmit_rto
 .text.tcp_rexmit
                0x0010deb8       0x44 /home/rec/marvell/wmsdk-2.13/libs/liblwip.a(tcp_out.o)
                0x0010deb8                tcp_rexmit
 .text.tcp_rexmit_fast
                0x0010defc       0x56 /home/rec/marvell/wmsdk-2.13/libs/liblwip.a(tcp_out.o)
                0x0010defc                tcp_rexmit_fast
 *fill*         0x0010df52        0x2 
 .text.tcp_keepalive
                0x0010df54       0x5c /home/rec/marvell/wmsdk-2.13/libs/liblwip.a(tcp_out.o)
                0x0010df54                tcp_keepalive
 .text.tcp_zero_window_probe
                0x0010dfb0       0xb8 /home/rec/marvell/wmsdk-2.13/libs/liblwip.a(tcp_out.o)
                0x0010dfb0                tcp_zero_window_probe
 .text.sys_timeouts_init
                0x0010e068        0x2 /home/rec/marvell/wmsdk-2.13/libs/liblwip.a(timers.o)
                0x0010e068                sys_timeouts_init
 *fill*         0x0010e06a        0x2 
 .text.sys_timeout
                0x0010e06c       0x60 /home/rec/marvell/wmsdk-2.13/libs/liblwip.a(timers.o)
                0x0010e06c                sys_timeout
 .text.tcp_timer_needed
                0x0010e0cc       0x34 /home/rec/marvell/wmsdk-2.13/libs/liblwip.a(timers.o)
                0x0010e0cc                tcp_timer_needed
 .text.tcpip_tcp_timer
                0x0010e100       0x38 /home/rec/marvell/wmsdk-2.13/libs/liblwip.a(timers.o)
 .text.sys_untimeout
                0x0010e138       0x50 /home/rec/marvell/wmsdk-2.13/libs/liblwip.a(timers.o)
                0x0010e138                sys_untimeout
 .text.sys_timeouts_mbox_fetch
                0x0010e188       0x5c /home/rec/marvell/wmsdk-2.13/libs/liblwip.a(timers.o)
                0x0010e188                sys_timeouts_mbox_fetch
 .text.udp_init
                0x0010e1e4        0x2 /home/rec/marvell/wmsdk-2.13/libs/liblwip.a(udp.o)
                0x0010e1e4                udp_init
 *fill*         0x0010e1e6        0x2 
 .text.udp_input
                0x0010e1e8      0x2f0 /home/rec/marvell/wmsdk-2.13/libs/liblwip.a(udp.o)
                0x0010e1e8                udp_input
 .text.udp_bind
                0x0010e4d8       0xac /home/rec/marvell/wmsdk-2.13/libs/liblwip.a(udp.o)
                0x0010e4d8                udp_bind
 .text.udp_sendto_if
                0x0010e584      0x114 /home/rec/marvell/wmsdk-2.13/libs/liblwip.a(udp.o)
                0x0010e584                udp_sendto_if
 .text.udp_sendto
                0x0010e698       0x50 /home/rec/marvell/wmsdk-2.13/libs/liblwip.a(udp.o)
                0x0010e698                udp_sendto
 .text.udp_send
                0x0010e6e8        0x8 /home/rec/marvell/wmsdk-2.13/libs/liblwip.a(udp.o)
                0x0010e6e8                udp_send
 .text.udp_connect
                0x0010e6f0       0x48 /home/rec/marvell/wmsdk-2.13/libs/liblwip.a(udp.o)
                0x0010e6f0                udp_connect
 .text.udp_recv
                0x0010e738        0x6 /home/rec/marvell/wmsdk-2.13/libs/liblwip.a(udp.o)
                0x0010e738                udp_recv
 *fill*         0x0010e73e        0x2 
 .text.udp_remove
                0x0010e740       0x2c /home/rec/marvell/wmsdk-2.13/libs/liblwip.a(udp.o)
                0x0010e740                udp_remove
 .text.udp_new  0x0010e76c       0x1c /home/rec/marvell/wmsdk-2.13/libs/liblwip.a(udp.o)
                0x0010e76c                udp_new
 .text.etharp_free_entry
                0x0010e788       0x30 /home/rec/marvell/wmsdk-2.13/libs/liblwip.a(etharp.o)
 .text.etharp_find_entry
                0x0010e7b8       0xdc /home/rec/marvell/wmsdk-2.13/libs/liblwip.a(etharp.o)
 .text.etharp_check_entries
                0x0010e894       0x5c /home/rec/marvell/wmsdk-2.13/libs/liblwip.a(etharp.o)
 .text.etharp_send_ip
                0x0010e8f0       0x24 /home/rec/marvell/wmsdk-2.13/libs/liblwip.a(etharp.o)
 .text.etharp_start_min_life_timer
                0x0010e914       0x74 /home/rec/marvell/wmsdk-2.13/libs/liblwip.a(etharp.o)
 .text.etharp_manage_entries
                0x0010e988       0x3c /home/rec/marvell/wmsdk-2.13/libs/liblwip.a(etharp.o)
 .text.etharp_update_arp_entry
                0x0010e9c4       0xa4 /home/rec/marvell/wmsdk-2.13/libs/liblwip.a(etharp.o)
 .text.etharp_timer
                0x0010ea68       0x4c /home/rec/marvell/wmsdk-2.13/libs/liblwip.a(etharp.o)
 .text.etharp_cleanup_netif
                0x0010eab4       0x28 /home/rec/marvell/wmsdk-2.13/libs/liblwip.a(etharp.o)
                0x0010eab4                etharp_cleanup_netif
 .text.etharp_request
                0x0010eadc       0xb8 /home/rec/marvell/wmsdk-2.13/libs/liblwip.a(etharp.o)
                0x0010eadc                etharp_request
 .text.etharp_query
                0x0010eb94      0x124 /home/rec/marvell/wmsdk-2.13/libs/liblwip.a(etharp.o)
                0x0010eb94                etharp_query
 .text.etharp_output_to_arp_index
                0x0010ecb8       0x50 /home/rec/marvell/wmsdk-2.13/libs/liblwip.a(etharp.o)
 .text.etharp_output
                0x0010ed08      0x10c /home/rec/marvell/wmsdk-2.13/libs/liblwip.a(etharp.o)
                0x0010ed08                etharp_output
 .text.ethernet_input
                0x0010ee14      0x1ac /home/rec/marvell/wmsdk-2.13/libs/liblwip.a(etharp.o)
                0x0010ee14                ethernet_input
 .text.sys_mbox_new
                0x0010efc0       0x6c /home/rec/marvell/wmsdk-2.13/libs/liblwip.a(sys_arch.o)
                0x0010efc0                sys_mbox_new
 .text.sys_mbox_free
                0x0010f02c       0x5c /home/rec/marvell/wmsdk-2.13/libs/liblwip.a(sys_arch.o)
                0x0010f02c                sys_mbox_free
 .text.sys_mbox_post
                0x0010f088       0x1e /home/rec/marvell/wmsdk-2.13/libs/liblwip.a(sys_arch.o)
                0x0010f088                sys_mbox_post
 *fill*         0x0010f0a6        0x2 
 .text.sys_mbox_trypost
                0x0010f0a8       0x34 /home/rec/marvell/wmsdk-2.13/libs/liblwip.a(sys_arch.o)
                0x0010f0a8                sys_mbox_trypost
 .text.sys_arch_mbox_fetch
                0x0010f0dc       0x4e /home/rec/marvell/wmsdk-2.13/libs/liblwip.a(sys_arch.o)
                0x0010f0dc                sys_arch_mbox_fetch
 .text.sys_arch_mbox_tryfetch
                0x0010f12a       0x24 /home/rec/marvell/wmsdk-2.13/libs/liblwip.a(sys_arch.o)
                0x0010f12a                sys_arch_mbox_tryfetch
 *fill*         0x0010f14e        0x2 
 .text.sys_mbox_valid
                0x0010f150       0x30 /home/rec/marvell/wmsdk-2.13/libs/liblwip.a(sys_arch.o)
                0x0010f150                sys_mbox_valid
 .text.sys_mbox_set_invalid
                0x0010f180       0x3c /home/rec/marvell/wmsdk-2.13/libs/liblwip.a(sys_arch.o)
                0x0010f180                sys_mbox_set_invalid
 .text.sys_sem_new
                0x0010f1bc       0x9c /home/rec/marvell/wmsdk-2.13/libs/liblwip.a(sys_arch.o)
                0x0010f1bc                sys_sem_new
 .text.sys_arch_sem_wait
                0x0010f258       0x40 /home/rec/marvell/wmsdk-2.13/libs/liblwip.a(sys_arch.o)
                0x0010f258                sys_arch_sem_wait
 .text.sys_sem_signal
                0x0010f298        0xc /home/rec/marvell/wmsdk-2.13/libs/liblwip.a(sys_arch.o)
                0x0010f298                sys_sem_signal
 .text.sys_sem_free
                0x0010f2a4       0x48 /home/rec/marvell/wmsdk-2.13/libs/liblwip.a(sys_arch.o)
                0x0010f2a4                sys_sem_free
 .text.sys_sem_set_invalid
                0x0010f2ec       0x34 /home/rec/marvell/wmsdk-2.13/libs/liblwip.a(sys_arch.o)
                0x0010f2ec                sys_sem_set_invalid
 .text.sys_sem_valid
                0x0010f320       0x30 /home/rec/marvell/wmsdk-2.13/libs/liblwip.a(sys_arch.o)
                0x0010f320                sys_sem_valid
 .text.sys_init
                0x0010f350       0x24 /home/rec/marvell/wmsdk-2.13/libs/liblwip.a(sys_arch.o)
                0x0010f350                sys_init
 .text.sys_thread_new
                0x0010f374       0x2e /home/rec/marvell/wmsdk-2.13/libs/liblwip.a(sys_arch.o)
                0x0010f374                sys_thread_new
 .text.sys_arch_protect
                0x0010f3a2        0xa /home/rec/marvell/wmsdk-2.13/libs/liblwip.a(sys_arch.o)
                0x0010f3a2                sys_arch_protect
 .text.sys_arch_unprotect
                0x0010f3ac        0x4 /home/rec/marvell/wmsdk-2.13/libs/liblwip.a(sys_arch.o)
                0x0010f3ac                sys_arch_unprotect
 .text.sys_arch_get_os_ticks
                0x0010f3b0        0x4 /home/rec/marvell/wmsdk-2.13/libs/liblwip.a(sys_arch.o)
                0x0010f3b0                sys_arch_get_os_ticks
 .text.netconn_recv_data
                0x0010f3b4       0xf8 /home/rec/marvell/wmsdk-2.13/libs/liblwip.a(api_lib.o)
 .text.netconn_new_with_proto_and_callback
                0x0010f4ac       0x48 /home/rec/marvell/wmsdk-2.13/libs/liblwip.a(api_lib.o)
                0x0010f4ac                netconn_new_with_proto_and_callback
 .text.netconn_delete
                0x0010f4f4       0x24 /home/rec/marvell/wmsdk-2.13/libs/liblwip.a(api_lib.o)
                0x0010f4f4                netconn_delete
 .text.netconn_getaddr