Archive member included because of file (symbol)

/home/rec/marvell/wmsdk-2.13/libs/libdrv.a(mc200_startup.o)
                              (Reset_IRQHandler)
/home/rec/marvell/wmsdk-2.13/libs/libdrv.a(mc200_clock.o)
                              /home/rec/marvell/wmsdk-2.13/libs/libdrv.a(mc200_startup.o) (CLK_ModuleClkDivider)
/home/rec/marvell/wmsdk-2.13/libs/libdrv.a(mc200_driver.o)
                              /home/rec/marvell/wmsdk-2.13/libs/libdrv.a(mc200_clock.o) (intCbfArra)
/home/rec/marvell/wmsdk-2.13/libs/libdrv.a(mc200_pmu.o)
                              /home/rec/marvell/wmsdk-2.13/libs/libdrv.a(mc200_startup.o) (PMU_PowerOnVDDIO)
/home/rec/marvell/wmsdk-2.13/libs/libutil.a(boot_flags.o)
                              /home/rec/marvell/wmsdk-2.13/libs/libdrv.a(mc200_startup.o) (boot_init)
/home/rec/marvell/wmsdk-2.13/libs/libcli.a(cli.o)
                              obj/main.o (cli_register_commands)
/home/rec/marvell/wmsdk-2.13/libs/libcli.a(cli_mem_simple.o)
                              /home/rec/marvell/wmsdk-2.13/libs/libcli.a(cli.o) (cli_mem_cleanup)
/home/rec/marvell/wmsdk-2.13/libs/libdrv.a(mc200_gpio.o)
                              obj/board.o (GPIO_SetPinDir)
/home/rec/marvell/wmsdk-2.13/libs/libdrv.a(mc200_pinmux.o)
                              obj/board.o (GPIO_PinMuxFun)
/home/rec/marvell/wmsdk-2.13/libs/libfreertos.a(queue.o)
                              /home/rec/marvell/wmsdk-2.13/libs/libcli.a(cli.o) (xQueueGenericSend)
/home/rec/marvell/wmsdk-2.13/libs/libfreertos.a(tasks.o)
                              /home/rec/marvell/wmsdk-2.13/libs/libcli.a(cli.o) (vTaskDelete)
/home/rec/marvell/wmsdk-2.13/libs/libfreertos.a(timers.o)
                              /home/rec/marvell/wmsdk-2.13/libs/libfreertos.a(tasks.o) (xTimerCreateTimerTask)
/home/rec/marvell/wmsdk-2.13/libs/libfreertos.a(port.o)
                              /home/rec/marvell/wmsdk-2.13/libs/libfreertos.a(tasks.o) (pxPortInitialiseStack)
/home/rec/marvell/wmsdk-2.13/libs/libfreertos.a(heap_4.o)
                              /home/rec/marvell/wmsdk-2.13/libs/libfreertos.a(queue.o) (pvPortMalloc)
/home/rec/marvell/wmsdk-2.13/libs/libfreertos.a(list.o)
                              /home/rec/marvell/wmsdk-2.13/libs/libfreertos.a(queue.o) (vListInitialise)
/home/rec/marvell/wmsdk-2.13/libs/libos.a(os.o)
                              obj/board.o (_os_delay)
/home/rec/marvell/wmsdk-2.13/libs/libwmstdio.a(wmstdio.o)
                              obj/main.o (wmprintf)
/home/rec/marvell/wmsdk-2.13/libs/libwmstdio.a(console.o)
                              /home/rec/marvell/wmsdk-2.13/libs/libwmstdio.a(wmstdio.o) (serial_console_printf)
/home/rec/marvell/wmsdk-2.13/libs/libc.a(memcmp.o)
                              /home/rec/marvell/wmsdk-2.13/libs/libfreertos.a(tasks.o) (memcmp)
/home/rec/marvell/wmsdk-2.13/libs/libc.a(snprintf.o)
                              /home/rec/marvell/wmsdk-2.13/libs/libfreertos.a(tasks.o) (snprintf)
/home/rec/marvell/wmsdk-2.13/libs/libc.a(sprintf.o)
                              /home/rec/marvell/wmsdk-2.13/libs/libfreertos.a(tasks.o) (sprintf)
/home/rec/marvell/wmsdk-2.13/libs/libc.a(sscanf.o)
                              /home/rec/marvell/wmsdk-2.13/libs/libos.a(os.o) (sscanf)
/home/rec/marvell/wmsdk-2.13/libs/libc.a(vsnprintf.o)
                              /home/rec/marvell/wmsdk-2.13/libs/libwmstdio.a(wmstdio.o) (vsnprintf)
/home/rec/marvell/wmsdk-2.13/libs/libc.a(vsscanf.o)
                              /home/rec/marvell/wmsdk-2.13/libs/libc.a(sscanf.o) (vsscanf)
/home/rec/marvell/wmsdk-2.13/libs/libc.a(strcmp.o)
                              /home/rec/marvell/wmsdk-2.13/libs/libcli.a(cli.o) (strcmp)
/home/rec/marvell/wmsdk-2.13/libs/libc.a(strncmp.o)
                              /home/rec/marvell/wmsdk-2.13/libs/libcli.a(cli.o) (strncmp)
/home/rec/marvell/wmsdk-2.13/libs/libc.a(strncpy.o)
                              /home/rec/marvell/wmsdk-2.13/libs/libfreertos.a(tasks.o) (strncpy)
/home/rec/marvell/wmsdk-2.13/libs/libc.a(strcat.o)
                              /home/rec/marvell/wmsdk-2.13/libs/libfreertos.a(tasks.o) (strcat)
/home/rec/marvell/wmsdk-2.13/libs/libc.a(strlen.o)
                              /home/rec/marvell/wmsdk-2.13/libs/libcli.a(cli.o) (strlen)
/home/rec/marvell/wmsdk-2.13/libs/libc.a(strchr.o)
                              /home/rec/marvell/wmsdk-2.13/libs/libcli.a(cli.o) (strchr)
/home/rec/marvell/wmsdk-2.13/libs/libc.a(strstr.o)
                              /home/rec/marvell/wmsdk-2.13/libs/libos.a(os.o) (strstr)
/home/rec/marvell/wmsdk-2.13/libs/libc.a(strtok.o)
                              /home/rec/marvell/wmsdk-2.13/libs/libos.a(os.o) (strtok)
/home/rec/marvell/wmsdk-2.13/libs/libc.a(strtok_r.o)
                              /home/rec/marvell/wmsdk-2.13/libs/libc.a(strtok.o) (strtok_r)
/home/rec/marvell/wmsdk-2.13/libs/libc.a(strntoumax.o)
                              /home/rec/marvell/wmsdk-2.13/libs/libc.a(vsscanf.o) (strntoumax)
[...]
Memory Configuration

Name             Origin             Length             Attributes
SRAM0            0x00100000         0x00060000         xrw
SRAM1            0x20000000         0x00020000         xrw
NVRAM            0x480c0000         0x00001000         rw
*default*        0x00000000         0xffffffff

Linker script and memory map

START GROUP
LOAD /home/rec/marvell/wmsdk-2.13/libs/libaca.a
LOAD /home/rec/marvell/wmsdk-2.13/libs/libaescrypto.a
LOAD /home/rec/marvell/wmsdk-2.13/libs/libapp_framework.a
LOAD /home/rec/marvell/wmsdk-2.13/libs/libarch.a
LOAD /home/rec/marvell/wmsdk-2.13/libs/libbtdriver.a
LOAD /home/rec/marvell/wmsdk-2.13/libs/libc.a
LOAD /home/rec/marvell/wmsdk-2.13/libs/libcli.a
LOAD /home/rec/marvell/wmsdk-2.13/libs/libctaocrypt.a
LOAD /home/rec/marvell/wmsdk-2.13/libs/libcyassl.a
LOAD /home/rec/marvell/wmsdk-2.13/libs/libdhcpd.a
LOAD /home/rec/marvell/wmsdk-2.13/libs/libdiagnostics.a
LOAD /home/rec/marvell/wmsdk-2.13/libs/libdrv.a
LOAD /home/rec/marvell/wmsdk-2.13/libs/libezxml.a
LOAD /home/rec/marvell/wmsdk-2.13/libs/libfreertos.a
LOAD /home/rec/marvell/wmsdk-2.13/libs/libftfs.a
LOAD /home/rec/marvell/wmsdk-2.13/libs/libfw_supplicant.a
LOAD /home/rec/marvell/wmsdk-2.13/libs/libhealthmon.a
LOAD /home/rec/marvell/wmsdk-2.13/libs/libhttpclient.a
LOAD /home/rec/marvell/wmsdk-2.13/libs/libhttpd.a
LOAD /home/rec/marvell/wmsdk-2.13/libs/libjson.a
LOAD /home/rec/marvell/wmsdk-2.13/libs/liblwip.a
LOAD /home/rec/marvell/wmsdk-2.13/libs/libmdev.a
LOAD /home/rec/marvell/wmsdk-2.13/libs/libmdns.a
LOAD /home/rec/marvell/wmsdk-2.13/libs/libnet.a
LOAD /home/rec/marvell/wmsdk-2.13/libs/libos.a
LOAD /home/rec/marvell/wmsdk-2.13/libs/liboverlays.a
LOAD /home/rec/marvell/wmsdk-2.13/libs/libpart.a
LOAD /home/rec/marvell/wmsdk-2.13/libs/libprovisioning.a
LOAD /home/rec/marvell/wmsdk-2.13/libs/libpsm.a
LOAD /home/rec/marvell/wmsdk-2.13/libs/libpwrmgr.a
LOAD /home/rec/marvell/wmsdk-2.13/libs/librfget.a
LOAD /home/rec/marvell/wmsdk-2.13/libs/libsysinfo.a
LOAD /home/rec/marvell/wmsdk-2.13/libs/libtelnetd.a
LOAD /home/rec/marvell/wmsdk-2.13/libs/libtls.a
LOAD /home/rec/marvell/wmsdk-2.13/libs/libttcp.a
LOAD /home/rec/marvell/wmsdk-2.13/libs/libutil.a
LOAD /home/rec/marvell/wmsdk-2.13/libs/libwebsocket.a
LOAD /home/rec/marvell/wmsdk-2.13/libs/libwifidriver.a
LOAD /home/rec/marvell/wmsdk-2.13/libs/libwlcmgr.a
LOAD /home/rec/marvell/wmsdk-2.13/libs/libwmcrypto.a
LOAD /home/rec/marvell/wmsdk-2.13/libs/libwmstdio.a
LOAD /home/rec/marvell/wmsdk-2.13/libs/libwm_supplicant.a
LOAD /home/rec/marvell/wmsdk-2.13/libs/libwmtime.a
LOAD /home/rec/marvell/wmsdk-2.13/libs/libxively.a
LOAD /home/rec/marvell/wmsdk-2.13/libs/libxz.a
LOAD obj/main.o
LOAD obj/board.o
END GROUP
START GROUP
LOAD /home/rec/gcc-arm-none-eabi-4_9-2014q4/bin/../lib/gcc/arm-none-eabi/4.9.3/armv7-m/libgcc.a
LOAD /home/rec/gcc-arm-none-eabi-4_9-2014q4/bin/../lib/gcc/arm-none-eabi/4.9.3/../../../../arm-none-eabi/lib/armv7-m/libg.a
LOAD /home/rec/gcc-arm-none-eabi-4_9-2014q4/bin/../lib/gcc/arm-none-eabi/4.9.3/../../../../arm-none-eabi/lib/armv7-m/libc.a
END GROUP
                0x20020000                _estack = 0x20020000
                0x00012000                _heap_size = 0x12000
                0x00000800                _min_stack_size = 0x800
                0x00160000                _e_sram0 = (ORIGIN (SRAM0) + 0x60000)

.text           0x00100000     0x67e0
                0x00100000                . = ALIGN (0x100)
 *(.isr_vector)
 .isr_vector    0x00100000      0x138 /home/rec/marvell/wmsdk-2.13/libs/libdrv.a(mc200_startup.o)
                0x00100000                __vector_table
                0x00100138                . = ALIGN (0x4)
 *(.text.Reset_IRQHandler)
 .text.Reset_IRQHandler
                0x00100138        0xc /home/rec/marvell/wmsdk-2.13/libs/libdrv.a(mc200_startup.o)
                0x00100138                Reset_IRQHandler
 *(.text .text.* .gnu.linkonce.t.*)
 .text.HardFault_IRQHandler
                0x00100144        0xc /home/rec/marvell/wmsdk-2.13/libs/libdrv.a(mc200_startup.o)
                0x00100144                HardFault_IRQHandler
 .text.Reset_IRQHandler_C
                0x00100150       0xdc /home/rec/marvell/wmsdk-2.13/libs/libdrv.a(mc200_startup.o)
                0x00100150                Reset_IRQHandler_C
 .text.Default_IRQHandler
                0x0010022c       0x14 /home/rec/marvell/wmsdk-2.13/libs/libdrv.a(mc200_startup.o)
                0x0010022c                ExtPin24_IRQHandler
                0x0010022c                ExtPin11_IRQHandler
                0x0010022c                ExtPin8_IRQHandler
                0x0010022c                I2C0_IRQHandler
                0x0010022c                ExtPin2_IRQHandler
                0x0010022c                ExtPin4_IRQHandler
                0x0010022c                ExtPin20_IRQHandler
                0x0010022c                ExtPin13_IRQHandler
                0x0010022c                BRNDET_IRQHandler
                0x0010022c                SDIO_IRQHandler
                0x0010022c                I2C1_IRQHandler
                0x0010022c                ExtPin5_IRQHandler
                0x0010022c                ExtPin27_IRQHandler
                0x0010022c                ACOMPWKUP_IRQHandler
                0x0010022c                ExtPin9_IRQHandler
                0x0010022c                ULCOMP_IRQHandler
                0x0010022c                ExtPin17_IRQHandler
                0x0010022c                ADC0_IRQHandler
                0x0010022c                BusFault_IRQHandler
                0x0010022c                SSP0_IRQHandler
                0x0010022c                QSPI0_IRQHandler
                0x0010022c                ADC1_IRQHandler
                0x0010022c                ExtPin21_IRQHandler
                0x0010022c                I2C2_IRQHandler
                0x0010022c                ExtPin14_IRQHandler
                0x0010022c                ExtPin23_IRQHandler
                0x0010022c                ExtPin28_IRQHandler
                0x0010022c                ACOMP_IRQHandler
                0x0010022c                ExtPin12_IRQHandler
                0x0010022c                ExtPin16_IRQHandler
                0x0010022c                ExtPin3_IRQHandler
                0x0010022c                SSP1_IRQHandler
                0x0010022c                UsageFault_IRQHandler
                0x0010022c                USB_IRQHandler
                0x0010022c                ExtPin19_IRQHandler
                0x0010022c                WDT_IRQHandler
                0x0010022c                DebugMonitor_IRQHandler
                0x0010022c                PLL_IRQHandler
                0x0010022c                Default_IRQHandler
                0x0010022c                MemManage_IRQHandler
                0x0010022c                SSP2_IRQHandler
                0x0010022c                DAC_IRQHandler
                0x0010022c                ExtPin26_IRQHandler
                0x0010022c                AES_IRQHandler
                0x0010022c                ExtPin6_IRQHandler
                0x0010022c                CRC_IRQHandler
                0x0010022c                ExtPin25_IRQHandler
                0x0010022c                NMI_IRQHandler
                0x0010022c                ExtPin18_IRQHandler
                0x0010022c                ExtPin22_IRQHandler
                0x0010022c                ExtPin10_IRQHandler
                0x0010022c                ExtPin7_IRQHandler
                0x0010022c                ExtPin15_IRQHandler
 .text.Default_IRQHandler_C
                0x00100240        0x2 /home/rec/marvell/wmsdk-2.13/libs/libdrv.a(mc200_startup.o)
                0x00100240                Default_IRQHandler_C
 .text.HardFault_IRQHandler_C
                0x00100242        0x8 /home/rec/marvell/wmsdk-2.13/libs/libdrv.a(mc200_startup.o)
                0x00100242                HardFault_IRQHandler_C
 *fill*         0x0010024a        0x2 
 .text.CLK_SystemClkSrc
                0x0010024c       0xa0 /home/rec/marvell/wmsdk-2.13/libs/libdrv.a(mc200_clock.o)
                0x0010024c                CLK_SystemClkSrc
 .text.CLK_UARTDividerSet
                0x001002ec       0x54 /home/rec/marvell/wmsdk-2.13/libs/libdrv.a(mc200_clock.o)
                0x001002ec                CLK_UARTDividerSet
 .text.CLK_GetUARTDivider
                0x00100340       0x3c /home/rec/marvell/wmsdk-2.13/libs/libdrv.a(mc200_clock.o)
                0x00100340                CLK_GetUARTDivider
 .text.CLK_GetSystemClk
                0x0010037c       0x74 /home/rec/marvell/wmsdk-2.13/libs/libdrv.a(mc200_clock.o)
                0x0010037c                CLK_GetSystemClk
 .text.CLK_SetUARTClkSrc
                0x001003f0       0x9c /home/rec/marvell/wmsdk-2.13/libs/libdrv.a(mc200_clock.o)
                0x001003f0                CLK_SetUARTClkSrc
 .text.CLK_GetUARTClkSrc
                0x0010048c       0x28 /home/rec/marvell/wmsdk-2.13/libs/libdrv.a(mc200_clock.o)
                0x0010048c                CLK_GetUARTClkSrc
 .text.CLK_SfllEnable
                0x001004b4       0x78 /home/rec/marvell/wmsdk-2.13/libs/libdrv.a(mc200_clock.o)
                0x001004b4                CLK_SfllEnable
 .text.CLK_MainXtalEnable
                0x0010052c       0x34 /home/rec/marvell/wmsdk-2.13/libs/libdrv.a(mc200_clock.o)
                0x0010052c                CLK_MainXtalEnable
 .text.CLK_ModuleClkEnable
                0x00100560      0x140 /home/rec/marvell/wmsdk-2.13/libs/libdrv.a(mc200_clock.o)
                0x00100560                CLK_ModuleClkEnable
 .text.CLK_ModuleClkDivider
                0x001006a0      0x15c /home/rec/marvell/wmsdk-2.13/libs/libdrv.a(mc200_clock.o)
                0x001006a0                CLK_ModuleClkDivider
 .text.CLK_GetClkStatus
                0x001007fc       0x50 /home/rec/marvell/wmsdk-2.13/libs/libdrv.a(mc200_clock.o)
                0x001007fc                CLK_GetClkStatus
 .text.RC32M_IRQHandler
                0x0010084c       0x54 /home/rec/marvell/wmsdk-2.13/libs/libdrv.a(mc200_clock.o)
                0x0010084c                RC32M_IRQHandler
 .text.CLK_Init
                0x001008a0      0x1f4 /home/rec/marvell/wmsdk-2.13/libs/libdrv.a(mc200_clock.o)
                0x001008a0                CLK_Init
 .text.install_int_callback
                0x00100a94       0x10 /home/rec/marvell/wmsdk-2.13/libs/libdrv.a(mc200_driver.o)
                0x00100a94                install_int_callback
 .text.NVIC_ClearPendingIRQ
                0x00100aa4       0x1c /home/rec/marvell/wmsdk-2.13/libs/libdrv.a(mc200_pmu.o)
 .text.PMU_ConfigWakeupPin
                0x00100ac0       0x50 /home/rec/marvell/wmsdk-2.13/libs/libdrv.a(mc200_pmu.o)
                0x00100ac0                PMU_ConfigWakeupPin
 .text.PMU_ClearWakeupSrc
                0x00100b10       0x24 /home/rec/marvell/wmsdk-2.13/libs/libdrv.a(mc200_pmu.o)
                0x00100b10                PMU_ClearWakeupSrc
 .text.PMU_GetLastResetCause
                0x00100b34        0xc /home/rec/marvell/wmsdk-2.13/libs/libdrv.a(mc200_pmu.o)
                0x00100b34                PMU_GetLastResetCause
 .text.PMU_ClrLastResetCause
                0x00100b40       0x50 /home/rec/marvell/wmsdk-2.13/libs/libdrv.a(mc200_pmu.o)
                0x00100b40                PMU_ClrLastResetCause
 .text.PMU_PowerOnVDDIO
                0x00100b90       0xb8 /home/rec/marvell/wmsdk-2.13/libs/libdrv.a(mc200_pmu.o)
                0x00100b90                PMU_PowerOnVDDIO
 .text.PMU_ConfigVDDIOLevel
                0x00100c48       0x58 /home/rec/marvell/wmsdk-2.13/libs/libdrv.a(mc200_pmu.o)
                0x00100c48                PMU_ConfigVDDIOLevel
 .text.PMU_VbatBrndetCmd
                0x00100ca0       0x14 /home/rec/marvell/wmsdk-2.13/libs/libdrv.a(mc200_pmu.o)
                0x00100ca0                PMU_VbatBrndetCmd
 .text.PMU_VbatBrndetRstCmd
                0x00100cb4       0x10 /home/rec/marvell/wmsdk-2.13/libs/libdrv.a(mc200_pmu.o)
                0x00100cb4                PMU_VbatBrndetRstCmd
 .text.ExtPin0_IRQHandler
                0x00100cc4       0x2c /home/rec/marvell/wmsdk-2.13/libs/libdrv.a(mc200_pmu.o)
                0x00100cc4                ExtPin0_IRQHandler
 .text.ExtPin1_IRQHandler
                0x00100cf0       0x2c /home/rec/marvell/wmsdk-2.13/libs/libdrv.a(mc200_pmu.o)
                0x00100cf0                ExtPin1_IRQHandler
 .text.boot_init
                0x00100d1c       0x3c /home/rec/marvell/wmsdk-2.13/libs/libutil.a(boot_flags.o)
                0x00100d1c                boot_init
 .text.cmd_echo_text
                0x00100d58       0x1c obj/main.o
 .text.startup.main
                0x00100d74       0x50 obj/main.o
                0x00100d74                main
 .text.board_main_xtal
                0x00100dc4        0x8 obj/board.o
                0x00100dc4                board_main_xtal
 .text.board_main_osc
                0x00100dcc        0x6 obj/board.o
                0x00100dcc                board_main_osc
 *fill*         0x00100dd2        0x2 
 .text.board_cpu_freq
                0x00100dd4        0x8 obj/board.o
                0x00100dd4                board_cpu_freq
 .text.board_gpio_power_on
                0x00100ddc       0x24 obj/board.o
                0x00100ddc                board_gpio_power_on
 .text.board_uart_pin_config
                0x00100e00       0x2e obj/board.o
                0x00100e00                board_uart_pin_config
 *fill*         0x00100e2e        0x2 
 .text.get_sdk_version
                0x00100e30       0x10 /home/rec/marvell/wmsdk-2.13/libs/libcli.a(cli.o)
 .text.help_command
                0x00100e40       0x50 /home/rec/marvell/wmsdk-2.13/libs/libcli.a(cli.o)
 .text.os_mutex_put.constprop.12
                0x00100e90       0x40 /home/rec/marvell/wmsdk-2.13/libs/libcli.a(cli.o)
 .text.os_mutex_get.isra.2.constprop.16
                0x00100ed0       0x1a /home/rec/marvell/wmsdk-2.13/libs/libcli.a(cli.o)
 *fill*         0x00100eea        0x2 
 .text.cli_main
                0x00100eec      0x248 /home/rec/marvell/wmsdk-2.13/libs/libcli.a(cli.o)
 .text.cli_install_UART_Tick
                0x00101134       0x44 /home/rec/marvell/wmsdk-2.13/libs/libcli.a(cli.o)
                0x00101134                cli_install_UART_Tick
 .text.cli_start
                0x00101178       0x94 /home/rec/marvell/wmsdk-2.13/libs/libcli.a(cli.o)
                0x00101178                cli_start
 .text.cli_get_cmd_buffer
                0x0010120c       0x1a /home/rec/marvell/wmsdk-2.13/libs/libcli.a(cli.o)
                0x0010120c                cli_get_cmd_buffer
 *fill*         0x00101226        0x2 
 .text.cli_submit_cmd_buffer
                0x00101228       0x5c /home/rec/marvell/wmsdk-2.13/libs/libcli.a(cli.o)
                0x00101228                cli_submit_cmd_buffer
 .text.console_tick
                0x00101284      0x190 /home/rec/marvell/wmsdk-2.13/libs/libcli.a(cli.o)
 .text.cli_register_command
                0x00101414       0x48 /home/rec/marvell/wmsdk-2.13/libs/libcli.a(cli.o)
                0x00101414                cli_register_command
 .text.cli_register_commands
                0x0010145c       0x22 /home/rec/marvell/wmsdk-2.13/libs/libcli.a(cli.o)
                0x0010145c                cli_register_commands
 *fill*         0x0010147e        0x2 
 .text.cli_init
                0x00101480       0x54 /home/rec/marvell/wmsdk-2.13/libs/libcli.a(cli.o)
                0x00101480                cli_init
 .text.cli_mem_init
                0x001014d4        0x4 /home/rec/marvell/wmsdk-2.13/libs/libcli.a(cli_mem_simple.o)
                0x001014d4                cli_mem_init
 .text.cli_mem_malloc
                0x001014d8       0x34 /home/rec/marvell/wmsdk-2.13/libs/libcli.a(cli_mem_simple.o)
                0x001014d8                cli_mem_malloc
 .text.cli_mem_free
                0x0010150c       0x30 /home/rec/marvell/wmsdk-2.13/libs/libcli.a(cli_mem_simple.o)
                0x0010150c                cli_mem_free
 .text.GPIO_IRQHandler
                0x0010153c       0x64 /home/rec/marvell/wmsdk-2.13/libs/libdrv.a(mc200_gpio.o)
                0x0010153c                GPIO_IRQHandler
 .text.GPIO_PinMuxFun
                0x001015a0       0x40 /home/rec/marvell/wmsdk-2.13/libs/libdrv.a(mc200_pinmux.o)
                0x001015a0                GPIO_PinMuxFun
 .text.prvUnlockQueue
                0x001015e0       0x90 /home/rec/marvell/wmsdk-2.13/libs/libfreertos.a(queue.o)
 .text.prvCopyDataFromQueue
                0x00101670       0x28 /home/rec/marvell/wmsdk-2.13/libs/libfreertos.a(queue.o)
 .text.prvCopyDataToQueue
                0x00101698       0x6c /home/rec/marvell/wmsdk-2.13/libs/libfreertos.a(queue.o)
 .text.xQueueCreate
                0x00101704       0x68 /home/rec/marvell/wmsdk-2.13/libs/libfreertos.a(queue.o)
                0x00101704                xQueueCreate
 .text.xQueueGenericSend
                0x0010176c       0xec /home/rec/marvell/wmsdk-2.13/libs/libfreertos.a(queue.o)
                0x0010176c                xQueueGenericSend
 .text.xQueueCreateMutex
                0x00101858       0x44 /home/rec/marvell/wmsdk-2.13/libs/libfreertos.a(queue.o)
                0x00101858                xQueueCreateMutex
 .text.xQueueGenericSendFromISR
                0x0010189c       0x60 /home/rec/marvell/wmsdk-2.13/libs/libfreertos.a(queue.o)
                0x0010189c                xQueueGenericSendFromISR
 .text.xQueueGenericReceive
                0x001018fc      0x130 /home/rec/marvell/wmsdk-2.13/libs/libfreertos.a(queue.o)
                0x001018fc                xQueueGenericReceive
 .text.vQueueWaitForMessageRestricted
                0x00101a2c       0x40 /home/rec/marvell/wmsdk-2.13/libs/libfreertos.a(queue.o)
                0x00101a2c                vQueueWaitForMessageRestricted
 .text.prvAddCurrentTaskToDelayedList
                0x00101a6c       0x60 /home/rec/marvell/wmsdk-2.13/libs/libfreertos.a(tasks.o)
 .text.xTaskGenericCreate
                0x00101acc      0x218 /home/rec/marvell/wmsdk-2.13/libs/libfreertos.a(tasks.o)
                0x00101acc                xTaskGenericCreate
 .text.vTaskDelete
                0x00101ce4       0x90 /home/rec/marvell/wmsdk-2.13/libs/libfreertos.a(tasks.o)
                0x00101ce4                vTaskDelete
 .text.vTaskStartScheduler
                0x00101d74       0x60 /home/rec/marvell/wmsdk-2.13/libs/libfreertos.a(tasks.o)
                0x00101d74                vTaskStartScheduler
 .text.vTaskSuspendAll
                0x00101dd4       0x10 /home/rec/marvell/wmsdk-2.13/libs/libfreertos.a(tasks.o)
                0x00101dd4                vTaskSuspendAll
 .text.xTaskGetTickCount
                0x00101de4       0x18 /home/rec/marvell/wmsdk-2.13/libs/libfreertos.a(tasks.o)
                0x00101de4                xTaskGetTickCount
 .text.vTaskIncrementTick
                0x00101dfc      0x180 /home/rec/marvell/wmsdk-2.13/libs/libfreertos.a(tasks.o)
                0x00101dfc                vTaskIncrementTick
 .text.xTaskResumeAll
                0x00101f7c       0xec /home/rec/marvell/wmsdk-2.13/libs/libfreertos.a(tasks.o)
                0x00101f7c                xTaskResumeAll
 .text.prvIdleTask
                0x00102068       0x98 /home/rec/marvell/wmsdk-2.13/libs/libfreertos.a(tasks.o)
 .text.vTaskDelay
                0x00102100       0x68 /home/rec/marvell/wmsdk-2.13/libs/libfreertos.a(tasks.o)
                0x00102100                vTaskDelay
 .text.vTaskSwitchContext
                0x00102168      0x14c /home/rec/marvell/wmsdk-2.13/libs/libfreertos.a(tasks.o)
                0x00102168                vTaskSwitchContext
 .text.vTaskSuspend
                0x001022b4       0x80 /home/rec/marvell/wmsdk-2.13/libs/libfreertos.a(tasks.o)
                0x001022b4                vTaskSuspend
 .text.vTaskPlaceOnEventList
                0x00102334       0x4c /home/rec/marvell/wmsdk-2.13/libs/libfreertos.a(tasks.o)
                0x00102334                vTaskPlaceOnEventList
 .text.vTaskPlaceOnEventListRestricted
                0x00102380       0x34 /home/rec/marvell/wmsdk-2.13/libs/libfreertos.a(tasks.o)
                0x00102380                vTaskPlaceOnEventListRestricted
 .text.xTaskRemoveFromEventList
                0x001023b4       0x78 /home/rec/marvell/wmsdk-2.13/libs/libfreertos.a(tasks.o)
                0x001023b4                xTaskRemoveFromEventList
 .text.vTaskSetTimeOutState
                0x0010242c       0x1c /home/rec/marvell/wmsdk-2.13/libs/libfreertos.a(tasks.o)
                0x0010242c                vTaskSetTimeOutState
 .text.xTaskCheckForTimeOut
                0x00102448       0x8c /home/rec/marvell/wmsdk-2.13/libs/libfreertos.a(tasks.o)
                0x00102448                xTaskCheckForTimeOut
 .text.vTaskMissedYield
                0x001024d4       0x10 /home/rec/marvell/wmsdk-2.13/libs/libfreertos.a(tasks.o)
                0x001024d4                vTaskMissedYield
 .text.xTaskGetCurrentTaskHandle
                0x001024e4        0xc /home/rec/marvell/wmsdk-2.13/libs/libfreertos.a(tasks.o)
                0x001024e4                xTaskGetCurrentTaskHandle
 .text.xTaskGetSchedulerState
                0x001024f0       0x20 /home/rec/marvell/wmsdk-2.13/libs/libfreertos.a(tasks.o)
                0x001024f0                xTaskGetSchedulerState
 .text.vTaskPriorityInherit
                0x00102510       0x70 /home/rec/marvell/wmsdk-2.13/libs/libfreertos.a(tasks.o)
                0x00102510                vTaskPriorityInherit
 .text.vTaskPriorityDisinherit
                0x00102580       0x54 /home/rec/marvell/wmsdk-2.13/libs/libfreertos.a(tasks.o)
                0x00102580                vTaskPriorityDisinherit
 .text.prvCheckForValidListAndQueue
                0x001025d4       0x58 /home/rec/marvell/wmsdk-2.13/libs/libfreertos.a(timers.o)
 .text.prvInsertTimerInActiveList
                0x0010262c       0x58 /home/rec/marvell/wmsdk-2.13/libs/libfreertos.a(timers.o)
 .text.xTimerCreateTimerTask
                0x00102684       0x3c /home/rec/marvell/wmsdk-2.13/libs/libfreertos.a(timers.o)
                0x00102684                xTimerCreateTimerTask
 .text.xTimerGenericCommand
                0x001026c0       0x50 /home/rec/marvell/wmsdk-2.13/libs/libfreertos.a(timers.o)
                0x001026c0                xTimerGenericCommand
 .text.prvSwitchTimerLists.isra.1
                0x00102710       0x94 /home/rec/marvell/wmsdk-2.13/libs/libfreertos.a(timers.o)
 .text.prvTimerTask
                0x001027a4      0x158 /home/rec/marvell/wmsdk-2.13/libs/libfreertos.a(timers.o)
 .text.pxPortInitialiseStack
                0x001028fc       0x18 /home/rec/marvell/wmsdk-2.13/libs/libfreertos.a(port.o)
                0x001028fc                pxPortInitialiseStack
 .text.SVC_IRQHandler
                0x00102914       0x20 /home/rec/marvell/wmsdk-2.13/libs/libfreertos.a(port.o)
                0x00102914                SVC_IRQHandler
 .text.vPortStartFirstTask
                0x00102934       0x14 /home/rec/marvell/wmsdk-2.13/libs/libfreertos.a(port.o)
                0x00102934                vPortStartFirstTask
 .text.xPortStartScheduler
                0x00102948       0x64 /home/rec/marvell/wmsdk-2.13/libs/libfreertos.a(port.o)
                0x00102948                xPortStartScheduler
 .text.vPortYieldFromISR
                0x001029ac       0x14 /home/rec/marvell/wmsdk-2.13/libs/libfreertos.a(port.o)
                0x001029ac                vPortYieldFromISR
 .text.vPortEnterCritical
                0x001029c0       0x18 /home/rec/marvell/wmsdk-2.13/libs/libfreertos.a(port.o)
                0x001029c0                vPortEnterCritical
 .text.vPortExitCritical
                0x001029d8       0x1c /home/rec/marvell/wmsdk-2.13/libs/libfreertos.a(port.o)
                0x001029d8                vPortExitCritical
 .text.PendSV_IRQHandler
                0x001029f4       0x3c /home/rec/marvell/wmsdk-2.13/libs/libfreertos.a(port.o)
                0x001029f4                PendSV_IRQHandler
 .text.SysTick_IRQHandler
                0x00102a30       0x28 /home/rec/marvell/wmsdk-2.13/libs/libfreertos.a(port.o)
                0x00102a30                SysTick_IRQHandler
 .text.prvInsertBlockIntoFreeList
                0x00102a58       0xbc /home/rec/marvell/wmsdk-2.13/libs/libfreertos.a(heap_4.o)
 .text.prvHeapInit
                0x00102b14       0xa0 /home/rec/marvell/wmsdk-2.13/libs/libfreertos.a(heap_4.o)
                0x00102b14                prvHeapInit
 .text.pvPortMalloc
                0x00102bb4      0x100 /home/rec/marvell/wmsdk-2.13/libs/libfreertos.a(heap_4.o)
                0x00102bb4                pvPortMalloc
 .text.vPortFree
                0x00102cb4       0x7c /home/rec/marvell/wmsdk-2.13/libs/libfreertos.a(heap_4.o)
                0x00102cb4                vPortFree
 .text.vListInitialise
                0x00102d30       0x18 /home/rec/marvell/wmsdk-2.13/libs/libfreertos.a(list.o)
                0x00102d30                vListInitialise
 .text.vListInitialiseItem
                0x00102d48        0x8 /home/rec/marvell/wmsdk-2.13/libs/libfreertos.a(list.o)
                0x00102d48                vListInitialiseItem
 .text.vListInsertEnd
                0x00102d50       0x1c /home/rec/marvell/wmsdk-2.13/libs/libfreertos.a(list.o)
                0x00102d50                vListInsertEnd
 .text.vListInsert
                0x00102d6c       0x38 /home/rec/marvell/wmsdk-2.13/libs/libfreertos.a(list.o)
                0x00102d6c                vListInsert
 .text.vListRemove
                0x00102da4       0x24 /home/rec/marvell/wmsdk-2.13/libs/libfreertos.a(list.o)
                0x00102da4                vListRemove
 .text.os_msec_to_ticks
                0x00102dc8        0x2 /home/rec/marvell/wmsdk-2.13/libs/libos.a(os.o)
 .text.os_mutex_create
                0x00102dca       0x20 /home/rec/marvell/wmsdk-2.13/libs/libos.a(os.o)
 .text.os_thread_sleep
                0x00102dea        0x4 /home/rec/marvell/wmsdk-2.13/libs/libos.a(os.o)
 *fill*         0x00102dee        0x2 
 .text.app_start
                0x00102df0       0x44 /home/rec/marvell/wmsdk-2.13/libs/libos.a(os.o)
                0x00102df0                app_start
 .text.os_init  0x00102e34       0x38 /home/rec/marvell/wmsdk-2.13/libs/libos.a(os.o)
                0x00102e34                os_init
 .text.os_thread_create
                0x00102e6c       0x2a /home/rec/marvell/wmsdk-2.13/libs/libos.a(os.o)
                0x00102e6c                os_thread_create
 .text.vApplicationStackOverflowHook
                0x00102e96        0x2 /home/rec/marvell/wmsdk-2.13/libs/libos.a(os.o)
                0x00102e96                vApplicationStackOverflowHook
 .text.os_queue_create
                0x00102e98       0x1e /home/rec/marvell/wmsdk-2.13/libs/libos.a(os.o)
                0x00102e98                os_queue_create
 *fill*         0x00102eb6        0x2 
 .text.vApplicationTickHook
                0x00102eb8       0x18 /home/rec/marvell/wmsdk-2.13/libs/libos.a(os.o)
                0x00102eb8                vApplicationTickHook
 .text.vApplicationIdleHook
                0x00102ed0       0x18 /home/rec/marvell/wmsdk-2.13/libs/libos.a(os.o)
                0x00102ed0                vApplicationIdleHook
 .text.os_mutex_get.isra.1.constprop.2
                0x00102ee8       0x1a /home/rec/marvell/wmsdk-2.13/libs/libwmstdio.a(wmstdio.o)
 *fill*         0x00102f02        0x2 
 .text.os_mutex_put.constprop.3
                0x00102f04       0x40 /home/rec/marvell/wmsdk-2.13/libs/libwmstdio.a(wmstdio.o)
 .text.wmprintf
                0x00102f44       0x4c /home/rec/marvell/wmsdk-2.13/libs/libwmstdio.a(wmstdio.o)
                0x00102f44                wmprintf
 .text.wmstdio_flush
                0x00102f90       0x18 /home/rec/marvell/wmsdk-2.13/libs/libwmstdio.a(wmstdio.o)
                0x00102f90                wmstdio_flush
 .text.wmstdio_getchar
                0x00102fa8       0x18 /home/rec/marvell/wmsdk-2.13/libs/libwmstdio.a(wmstdio.o)
                0x00102fa8                wmstdio_getchar
 .text.wmstdio_init
                0x00102fc0       0x40 /home/rec/marvell/wmsdk-2.13/libs/libwmstdio.a(wmstdio.o)
                0x00102fc0                wmstdio_init
 .text.serial_console_putchar
                0x00103000       0x14 /home/rec/marvell/wmsdk-2.13/libs/libwmstdio.a(console.o)
                0x00103000                serial_console_putchar
 .text.serial_console_getchar
                0x00103014       0x10 /home/rec/marvell/wmsdk-2.13/libs/libwmstdio.a(console.o)
                0x00103014                serial_console_getchar
 .text.serial_console_flush
                0x00103024       0x14 /home/rec/marvell/wmsdk-2.13/libs/libwmstdio.a(console.o)
                0x00103024                serial_console_flush
 .text.serial_console_printf
                0x00103038       0x24 /home/rec/marvell/wmsdk-2.13/libs/libwmstdio.a(console.o)
                0x00103038                serial_console_printf
 .text.serial_console_init
                0x0010305c       0x20 /home/rec/marvell/wmsdk-2.13/libs/libwmstdio.a(console.o)
                0x0010305c                serial_console_init
 .text.memcmp   0x0010307c       0x1a /home/rec/marvell/wmsdk-2.13/libs/libc.a(memcmp.o)
                0x0010307c                memcmp
 .text.snprintf
                0x00103096       0x18 /home/rec/marvell/wmsdk-2.13/libs/libc.a(snprintf.o)
                0x00103096                snprintf
 *fill*         0x001030ae        0x2 
 .text.vsnprintf
                0x001030b0      0x698 /home/rec/marvell/wmsdk-2.13/libs/libc.a(vsnprintf.o)
                0x001030b0                vsnprintf
 .text.strcmp   0x00103748       0x14 /home/rec/marvell/wmsdk-2.13/libs/libc.a(strcmp.o)
                0x00103748                strcmp
 .text.strncmp  0x0010375c       0x1c /home/rec/marvell/wmsdk-2.13/libs/libc.a(strncmp.o)
                0x0010375c                strncmp
 .text.strncpy  0x00103778       0x20 /home/rec/marvell/wmsdk-2.13/libs/libc.a(strncpy.o)
                0x00103778                strncpy
 .text.strlen   0x00103798       0x10 /home/rec/marvell/wmsdk-2.13/libs/libc.a(strlen.o)
                0x00103798                strlen
 .text.strchr   0x001037a8       0x1a /home/rec/marvell/wmsdk-2.13/libs/libc.a(strchr.o)
                0x001037a8                strchr
 *fill*         0x001037c2        0x2 
 .text.NVIC_EnableIRQ
                0x001037c4       0x18 /home/rec/marvell/wmsdk-2.13/libs/libdrv.a(mdev_uart.o)
 .text.get_buf_rx_size
                0x001037dc        0x6 /home/rec/marvell/wmsdk-2.13/libs/libdrv.a(mdev_uart.o)
 .text.get_free_rx_buf_size
                0x001037e2       0x1a /home/rec/marvell/wmsdk-2.13/libs/libdrv.a(mdev_uart.o)
 .text.uart_dma_wr_cb
                0x001037fc       0x34 /home/rec/marvell/wmsdk-2.13/libs/libdrv.a(mdev_uart.o)
 .text.uart1dma_wr_cb
                0x00103830        0x6 /home/rec/marvell/wmsdk-2.13/libs/libdrv.a(mdev_uart.o)
 .text.uart0dma_wr_cb
                0x00103836        0x6 /home/rec/marvell/wmsdk-2.13/libs/libdrv.a(mdev_uart.o)
 .text.os_mutex_put
                0x0010383c       0x38 /home/rec/marvell/wmsdk-2.13/libs/libdrv.a(mdev_uart.o)
 .text.uart_dma_start
                0x00103874       0x38 /home/rec/marvell/wmsdk-2.13/libs/libdrv.a(mdev_uart.o)
 .text.uart_dma_rd_cb
                0x001038ac       0x6c /home/rec/marvell/wmsdk-2.13/libs/libdrv.a(mdev_uart.o)
 .text.uart1dma_rd_cb
                0x00103918        0x6 /home/rec/marvell/wmsdk-2.13/libs/libdrv.a(mdev_uart.o)
 .text.uart0dma_rd_cb
                0x0010391e        0x6 /home/rec/marvell/wmsdk-2.13/libs/libdrv.a(mdev_uart.o)
 .text.uart_ps_cb
                0x00103924       0xac /home/rec/marvell/wmsdk-2.13/libs/libdrv.a(mdev_uart.o)
                0x00103924                uart_ps_cb
 .text.os_semaphore_create
                0x001039d0       0x28 /home/rec/marvell/wmsdk-2.13/libs/libdrv.a(mdev_uart.o)
 .text.NVIC_SetPriority.constprop.5
                0x001039f8       0x28 /home/rec/marvell/wmsdk-2.13/libs/libdrv.a(mdev_uart.o)
 .text.os_semaphore_get.isra.2.constprop.7
                0x00103a20       0x1a /home/rec/marvell/wmsdk-2.13/libs/libdrv.a(mdev_uart.o)
 *fill*         0x00103a3a        0x2 
 .text.uart_drv_open
                0x00103a3c      0x2ec /home/rec/marvell/wmsdk-2.13/libs/libdrv.a(mdev_uart.o)
                0x00103a3c                uart_drv_open
 .text.uart_drv_tx_flush
                0x00103d28       0x24 /home/rec/marvell/wmsdk-2.13/libs/libdrv.a(mdev_uart.o)
                0x00103d28                uart_drv_tx_flush
 .text.uart_drv_write
                0x00103d4c      0x17c /home/rec/marvell/wmsdk-2.13/libs/libdrv.a(mdev_uart.o)
                0x00103d4c                uart_drv_write
 .text.write_rx_buf
                0x00103ec8       0x44 /home/rec/marvell/wmsdk-2.13/libs/libdrv.a(mdev_uart.o)
 .text.uart_9bit_cb
                0x00103f0c       0x44 /home/rec/marvell/wmsdk-2.13/libs/libdrv.a(mdev_uart.o)
 .text.uart1_9bit_cb
                0x00103f50        0x6 /home/rec/marvell/wmsdk-2.13/libs/libdrv.a(mdev_uart.o)
 .text.uart0_9bit_cb
                0x00103f56        0x6 /home/rec/marvell/wmsdk-2.13/libs/libdrv.a(mdev_uart.o)
 .text.uart_8bit_cb
                0x00103f5c       0x84 /home/rec/marvell/wmsdk-2.13/libs/libdrv.a(mdev_uart.o)
 .text.uart1_8bit_cb
                0x00103fe0        0x6 /home/rec/marvell/wmsdk-2.13/libs/libdrv.a(mdev_uart.o)
 .text.uart0_8bit_cb
                0x00103fe6        0x6 /home/rec/marvell/wmsdk-2.13/libs/libdrv.a(mdev_uart.o)
 .text.read_rx_buf
                0x00103fec       0x4e /home/rec/marvell/wmsdk-2.13/libs/libdrv.a(mdev_uart.o)
 *fill*         0x0010403a        0x2 
 .text.uart_drv_read
                0x0010403c       0x98 /home/rec/marvell/wmsdk-2.13/libs/libdrv.a(mdev_uart.o)
                0x0010403c                uart_drv_read
 .text.uart_drv_init
                0x001040d4      0x108 /home/rec/marvell/wmsdk-2.13/libs/libdrv.a(mdev_uart.o)
                0x001040d4                uart_drv_init
 .text.DMA_IRQHandler
                0x001041dc      0x1d4 /home/rec/marvell/wmsdk-2.13/libs/libdrv.a(mc200_dma.o)
                0x001041dc                DMA_IRQHandler
 .text.DMA_ChannelInit
                0x001043b0      0x22c /home/rec/marvell/wmsdk-2.13/libs/libdrv.a(mc200_dma.o)
                0x001043b0                DMA_ChannelInit
 .text.DMA_SetHandshakingMapping
                0x001045dc       0xc8 /home/rec/marvell/wmsdk-2.13/libs/libdrv.a(mc200_dma.o)
                0x001045dc                DMA_SetHandshakingMapping
 .text.DMA_Enable
                0x001046a4       0x1c /home/rec/marvell/wmsdk-2.13/libs/libdrv.a(mc200_dma.o)
                0x001046a4                DMA_Enable
 .text.DMA_Disable
                0x001046c0       0x20 /home/rec/marvell/wmsdk-2.13/libs/libdrv.a(mc200_dma.o)
                0x001046c0                DMA_Disable
 .text.DMA_ChannelCmd
                0x001046e0       0x28 /home/rec/marvell/wmsdk-2.13/libs/libdrv.a(mc200_dma.o)
                0x001046e0                DMA_ChannelCmd
 .text.DMA_SetBlkTransfSize
                0x00104708       0x2c /home/rec/marvell/wmsdk-2.13/libs/libdrv.a(mc200_dma.o)
                0x00104708                DMA_SetBlkTransfSize
 .text.DMA_IntMask
                0x00104734       0xdc /home/rec/marvell/wmsdk-2.13/libs/libdrv.a(mc200_dma.o)
                0x00104734                DMA_IntMask
 .text.DMA_IntClr
                0x00104810       0x8c /home/rec/marvell/wmsdk-2.13/libs/libdrv.a(mc200_dma.o)
                0x00104810                DMA_IntClr
 .text.DMA_Channel_Int_Type
                0x0010489c        0x6 /home/rec/marvell/wmsdk-2.13/libs/libdrv.a(mc200_dma.o)
                0x0010489c                DMA_Channel_Int_Type
 .text.UART_Calculate_Dividers
                0x001048a2       0x52 /home/rec/marvell/wmsdk-2.13/libs/libdrv.a(mc200_uart.o)
 .text.UART_IntHandler
                0x001048f4       0xa4 /home/rec/marvell/wmsdk-2.13/libs/libdrv.a(mc200_uart.o)
                0x001048f4                UART_IntHandler
 .text.UART_Reset
                0x00104998       0x2c /home/rec/marvell/wmsdk-2.13/libs/libdrv.a(mc200_uart.o)
                0x00104998                UART_Reset
 .text.UART_Init
                0x001049c4      0x1b0 /home/rec/marvell/wmsdk-2.13/libs/libdrv.a(mc200_uart.o)
                0x001049c4                UART_Init
 .text.UART_GetCompParam
                0x00104b74       0x7c /home/rec/marvell/wmsdk-2.13/libs/libdrv.a(mc200_uart.o)
                0x00104b74                UART_GetCompParam
 .text.UART_ReceiveByte
                0x00104bf0       0x10 /home/rec/marvell/wmsdk-2.13/libs/libdrv.a(mc200_uart.o)
                0x00104bf0                UART_ReceiveByte
 .text.UART_SendByte
                0x00104c00       0x10 /home/rec/marvell/wmsdk-2.13/libs/libdrv.a(mc200_uart.o)
                0x00104c00                UART_SendByte
 .text.UART_Receive9bits
                0x00104c10       0x40 /home/rec/marvell/wmsdk-2.13/libs/libdrv.a(mc200_uart.o)
                0x00104c10                UART_Receive9bits
 .text.UART_Send9bits
                0x00104c50       0x54 /home/rec/marvell/wmsdk-2.13/libs/libdrv.a(mc200_uart.o)
                0x00104c50                UART_Send9bits
 .text.UART_FIFOConfig
                0x00104ca4       0x48 /home/rec/marvell/wmsdk-2.13/libs/libdrv.a(mc200_uart.o)
                0x00104ca4                UART_FIFOConfig
 .text.UART_GetLineStatus
                0x00104cec       0x70 /home/rec/marvell/wmsdk-2.13/libs/libdrv.a(mc200_uart.o)
                0x00104cec                UART_GetLineStatus
 .text.UART_SIR_Disable
                0x00104d5c       0x14 /home/rec/marvell/wmsdk-2.13/libs/libdrv.a(mc200_uart.o)
                0x00104d5c                UART_SIR_Disable
 .text.UART_RTS_Assert
                0x00104d70       0x14 /home/rec/marvell/wmsdk-2.13/libs/libdrv.a(mc200_uart.o)
                0x00104d70                UART_RTS_Assert
 .text.UART_IntMask
                0x00104d84       0x84 /home/rec/marvell/wmsdk-2.13/libs/libdrv.a(mc200_uart.o)
                0x00104d84                UART_IntMask
 .text.UART0_IRQHandler
                0x00104e08        0x8 /home/rec/marvell/wmsdk-2.13/libs/libdrv.a(mc200_uart.o)
                0x00104e08                UART0_IRQHandler
 .text.UART1_IRQHandler
                0x00104e10        0x8 /home/rec/marvell/wmsdk-2.13/libs/libdrv.a(mc200_uart.o)
                0x00104e10                UART1_IRQHandler
 .text.UART2_IRQHandler
                0x00104e18        0x8 /home/rec/marvell/wmsdk-2.13/libs/libdrv.a(mc200_uart.o)
                0x00104e18                UART2_IRQHandler
 .text.UART3_IRQHandler
                0x00104e20        0x8 /home/rec/marvell/wmsdk-2.13/libs/libdrv.a(mc200_uart.o)
                0x00104e20                UART3_IRQHandler
 .text.os_enter_critical_section
                0x00104e28        0xa /home/rec/marvell/wmsdk-2.13/libs/libmdev.a(mdev.o)
 .text.os_exit_critical_section.isra.0
                0x00104e32        0x4 /home/rec/marvell/wmsdk-2.13/libs/libmdev.a(mdev.o)
 *fill*         0x00104e36        0x2 
 .text.mdev_register
                0x00104e38       0x54 /home/rec/marvell/wmsdk-2.13/libs/libmdev.a(mdev.o)
                0x00104e38                mdev_register
 .text.mdev_get_handle
                0x00104e8c       0x2c /home/rec/marvell/wmsdk-2.13/libs/libmdev.a(mdev.o)
                0x00104e8c                mdev_get_handle
 .text.os_mutex_get.isra.4.constprop.5
                0x00104eb8       0x1a /home/rec/marvell/wmsdk-2.13/libs/libpwrmgr.a(pwrmgr_generic.o)
 *fill*         0x00104ed2        0x2 
 .text.os_mutex_put.constprop.6
                0x00104ed4       0x40 /home/rec/marvell/wmsdk-2.13/libs/libpwrmgr.a(pwrmgr_generic.o)
 .text.pm_register_cb
                0x00104f14       0x58 /home/rec/marvell/wmsdk-2.13/libs/libpwrmgr.a(pwrmgr_generic.o)
                0x00104f14                pm_register_cb
 .text.RTC_IRQHandler
                0x00104f6c       0x38 /home/rec/marvell/wmsdk-2.13/libs/libdrv.a(mc200_rtc.o)
                0x00104f6c                RTC_IRQHandler
 .text.QSPI1_IRQHandler
                0x00104fa4      0x14c /home/rec/marvell/wmsdk-2.13/libs/libdrv.a(mc200_qspi1.o)
                0x00104fa4                QSPI1_IRQHandler
 .text.GPT_IRQHandler
                0x001050f0       0xf4 /home/rec/marvell/wmsdk-2.13/libs/libdrv.a(mc200_gpt.o)
 .text.GPT0_IRQHandler
                0x001051e4        0x8 /home/rec/marvell/wmsdk-2.13/libs/libdrv.a(mc200_gpt.o)
                0x001051e4                GPT0_IRQHandler
 .text.GPT1_IRQHandler
                0x001051ec        0x8 /home/rec/marvell/wmsdk-2.13/libs/libdrv.a(mc200_gpt.o)
                0x001051ec                GPT1_IRQHandler
 .text.GPT2_IRQHandler
                0x001051f4        0x8 /home/rec/marvell/wmsdk-2.13/libs/libdrv.a(mc200_gpt.o)
                0x001051f4                GPT2_IRQHandler
 .text.GPT3_IRQHandler
                0x001051fc        0x8 /home/rec/marvell/wmsdk-2.13/libs/libdrv.a(mc200_gpt.o)
                0x001051fc                GPT3_IRQHandler
 .text          0x00105204      0x370 /home/rec/gcc-arm-none-eabi-4_9-2014q4/bin/../lib/gcc/arm-none-eabi/4.9.3/armv7-m/libgcc.a(_arm_addsubdf3.o)
                0x00105204                __aeabi_drsub
                0x0010520c                __aeabi_dsub
                0x0010520c                __subdf3
                0x00105210                __adddf3
                0x00105210                __aeabi_dadd
                0x00105488                __aeabi_ui2d
                0x00105488                __floatunsidf
                0x001054a8                __floatsidf
                0x001054a8                __aeabi_i2d
                0x001054cc                __extendsfdf2
                0x001054cc                __aeabi_f2d
                0x00105508                __aeabi_ul2d
                0x00105508                __floatundidf
                0x00105518                __floatdidf
                0x00105518                __aeabi_l2d
 .text          0x00105574      0x424 /home/rec/gcc-arm-none-eabi-4_9-2014q4/bin/../lib/gcc/arm-none-eabi/4.9.3/armv7-m/libgcc.a(_arm_muldivdf3.o)
                0x00105574                __aeabi_dmul
                0x00105574                __muldf3
                0x001057c8                __aeabi_ddiv
                0x001057c8                __divdf3
 .text          0x00105998      0x110 /home/rec/gcc-arm-none-eabi-4_9-2014q4/bin/../lib/gcc/arm-none-eabi/4.9.3/armv7-m/libgcc.a(_arm_cmpdf2.o)
                0x00105998                __gtdf2
                0x00105998                __gedf2
                0x001059a0                __ltdf2
                0x001059a0                __ledf2
                0x001059a8                __cmpdf2
                0x001059a8                __eqdf2
                0x001059a8                __nedf2
                0x00105a24                __aeabi_cdrcmple
                0x00105a34                __aeabi_cdcmple
                0x00105a34                __aeabi_cdcmpeq
                0x00105a44                __aeabi_dcmpeq
                0x00105a58                __aeabi_dcmplt
                0x00105a6c                __aeabi_dcmple
                0x00105a80                __aeabi_dcmpge
                0x00105a94                __aeabi_dcmpgt
 .text          0x00105aa8       0x50 /home/rec/gcc-arm-none-eabi-4_9-2014q4/bin/../lib/gcc/arm-none-eabi/4.9.3/armv7-m/libgcc.a(_arm_fixdfsi.o)
                0x00105aa8                __fixdfsi
                0x00105aa8                __aeabi_d2iz
 .text          0x00105af8       0x2c /home/rec/gcc-arm-none-eabi-4_9-2014q4/bin/../lib/gcc/arm-none-eabi/4.9.3/armv7-m/libgcc.a(_aeabi_uldivmod.o)
                0x00105af8                __aeabi_uldivmod
 .text          0x00105b24       0x60 /home/rec/gcc-arm-none-eabi-4_9-2014q4/bin/../lib/gcc/arm-none-eabi/4.9.3/armv7-m/libgcc.a(bpabi.o)
                0x00105b24                __gnu_ldivmod_helper
                0x00105b54                __gnu_uldivmod_helper
 .text          0x00105b84        0x4 /home/rec/gcc-arm-none-eabi-4_9-2014q4/bin/../lib/gcc/arm-none-eabi/4.9.3/armv7-m/libgcc.a(_dvmd_tls.o)
                0x00105b84                __aeabi_ldiv0
                0x00105b84                __aeabi_idiv0
 .text          0x00105b88      0x2ac /home/rec/gcc-arm-none-eabi-4_9-2014q4/bin/../lib/gcc/arm-none-eabi/4.9.3/armv7-m/libgcc.a(_divdi3.o)
                0x00105b88                __divdi3
 .text          0x00105e34      0x270 /home/rec/gcc-arm-none-eabi-4_9-2014q4/bin/../lib/gcc/arm-none-eabi/4.9.3/armv7-m/libgcc.a(_udivdi3.o)
                0x00105e34                __udivdi3
 .text          0x001060a4       0xec /home/rec/gcc-arm-none-eabi-4_9-2014q4/bin/../lib/gcc/arm-none-eabi/4.9.3/../../../../arm-none-eabi/lib/armv7-m/libg.a(lib_a-memcpy.o)
                0x001060a4                memcpy
 .text.memset   0x00106190       0x9c /home/rec/gcc-arm-none-eabi-4_9-2014q4/bin/../lib/gcc/arm-none-eabi/4.9.3/../../../../arm-none-eabi/lib/armv7-m/libg.a(lib_a-memset.o)
                0x00106190                memset
 *(.rodata .rodata.* .gnu.linkonce.r.*)
 .rodata.str1.1
                0x0010622c       0xba obj/main.o
 *fill*         0x001062e6        0x2 
 .rodata.queue_data
                0x001062e8        0x4 /home/rec/marvell/wmsdk-2.13/libs/libcli.a(cli.o)
 .rodata.str1.1
                0x001062ec      0x1cd /home/rec/marvell/wmsdk-2.13/libs/libcli.a(cli.o)
                                0x1d8 (size before relaxing)
 *fill*         0x001064b9        0x3 
 .rodata.ucExpectedStackBytes.5815
                0x001064bc       0x14 /home/rec/marvell/wmsdk-2.13/libs/libfreertos.a(tasks.o)
 .rodata.str1.4
                0x001064d0       0x2e /home/rec/marvell/wmsdk-2.13/libs/libfreertos.a(tasks.o)
                                 0x30 (size before relaxing)
 *fill*         0x001064fe        0x2 
 .rodata.str1.4
                0x00106500        0x8 /home/rec/marvell/wmsdk-2.13/libs/libfreertos.a(timers.o)
 .rodata.str1.1
                0x00106508      0x122 /home/rec/marvell/wmsdk-2.13/libs/libos.a(os.o)
                                0x125 (size before relaxing)
 .rodata.lcdigits.3700
                0x0010662a       0x11 /home/rec/marvell/wmsdk-2.13/libs/libc.a(vsnprintf.o)
 .rodata.str1.1
                0x0010663b        0x7 /home/rec/marvell/wmsdk-2.13/libs/libc.a(vsnprintf.o)
 .rodata.ucdigits.3701
                0x00106642       0x11 /home/rec/marvell/wmsdk-2.13/libs/libc.a(vsnprintf.o)
 .rodata.__ctypes
                0x00106653      0x101 /home/rec/marvell/wmsdk-2.13/libs/libc.a(ctypes.o)
                0x00106653                __ctypes
 .rodata.mdev_uart_name
                0x00106754        0x8 /home/rec/marvell/wmsdk-2.13/libs/libdrv.a(mdev_uart.o)
 .rodata.str1.1
                0x0010675c       0x44 /home/rec/marvell/wmsdk-2.13/libs/libdrv.a(mdev_uart.o)
 .rodata.intChannelArra
                0x001067a0       0x20 /home/rec/marvell/wmsdk-2.13/libs/libdrv.a(mc200_dma.o)
 .rodata.uartAddr
                0x001067c0       0x10 /home/rec/marvell/wmsdk-2.13/libs/libdrv.a(mc200_uart.o)
 .rodata.gptAddr
                0x001067d0       0x10 /home/rec/marvell/wmsdk-2.13/libs/libdrv.a(mc200_gpt.o)
                0x001067e0                . = ALIGN (0x4)
                0x001067e0                _etext = .

.glue_7         0x001067e0        0x0
 .glue_7        0x00000000        0x0 linker stubs

.glue_7t        0x001067e0        0x0
 .glue_7t       0x00000000        0x0 linker stubs

.vfp11_veneer   0x001067e0        0x0
 .vfp11_veneer  0x00000000        0x0 linker stubs

.v4_bx          0x001067e0        0x0
 .v4_bx         0x00000000        0x0 linker stubs

.iplt           0x001067e0        0x0
 .iplt          0x00000000        0x0 /home/rec/marvell/wmsdk-2.13/libs/libdrv.a(mc200_startup.o)

.rel.dyn        0x001067e0        0x0
 .rel.iplt      0x00000000        0x0 /home/rec/marvell/wmsdk-2.13/libs/libdrv.a(mc200_startup.o)

.ARM.exidx      0x001067e0        0x8
 .ARM.exidx     0x001067e0        0x8 /home/rec/gcc-arm-none-eabi-4_9-2014q4/bin/../lib/gcc/arm-none-eabi/4.9.3/armv7-m/libgcc.a(_divdi3.o)
 .ARM.exidx     0x001067e8        0x0 /home/rec/gcc-arm-none-eabi-4_9-2014q4/bin/../lib/gcc/arm-none-eabi/4.9.3/armv7-m/libgcc.a(_udivdi3.o)
                                  0x8 (size before relaxing)
                0x001067e8                . = ALIGN (0x4)
                0x001067e8                _heap_start = .
                0x00160000                . = _e_sram0
                0x00160000                _heap_end = .
                0x00059818                _actual_heap_size = (_heap_end - _heap_start)
                0x00000001                ASSERT ((_actual_heap_size >= _heap_size), Text overflow in heap area.)

.data           0x20000000       0xe4
                0x20000000                _data = .
 *(.data)
 *(.data.*)
 .data.intCbfArra
                0x20000000       0x9c /home/rec/marvell/wmsdk-2.13/libs/libdrv.a(mc200_driver.o)
                0x20000000                intCbfArra
 .data.echo_commands
                0x2000009c        0xc obj/main.o
 .data.cli_stack
                0x200000a8        0x4 /home/rec/marvell/wmsdk-2.13/libs/libcli.a(cli.o)
 .data.built_ins
                0x200000ac       0x18 /home/rec/marvell/wmsdk-2.13/libs/libcli.a(cli.o)
 .data.uxPreviousTask
                0x200000c4        0x4 /home/rec/marvell/wmsdk-2.13/libs/libfreertos.a(tasks.o)
 .data.xNextTaskUnblockTime
                0x200000c8        0x4 /home/rec/marvell/wmsdk-2.13/libs/libfreertos.a(tasks.o)
 .data.uxCriticalNesting
                0x200000cc        0x4 /home/rec/marvell/wmsdk-2.13/libs/libfreertos.a(port.o)
 .data.c_stdio_funcs
                0x200000d0        0x4 /home/rec/marvell/wmsdk-2.13/libs/libwmstdio.a(wmstdio.o)
                0x200000d0                c_stdio_funcs
 .data.serial_console_funcs
                0x200000d4       0x10 /home/rec/marvell/wmsdk-2.13/libs/libwmstdio.a(console.o)
                0x200000d4                serial_console_funcs
                0x200000e4                _edata = .

.igot.plt       0x200000e4        0x0
 .igot.plt      0x00000000        0x0 /home/rec/marvell/wmsdk-2.13/libs/libdrv.a(mc200_startup.o)

.iobufs         0x200000e4        0x0
                0x200000e4                . = ALIGN (0x4)
                0x200000e4                _iobufs_start = .
 *(.iobufs)
 *(.iobufs.*)
                0x200000e4                _iobufs_end = .

.bss            0x200000e8      0xd6c
                0x200000e8                _bss = .
 *(.bss)
 *(.bss.*)
 .bss.mpuIntCb  0x200000e8       0x10 /home/rec/marvell/wmsdk-2.13/libs/libdrv.a(mc200_driver.o)
                0x200000e8                mpuIntCb
 .bss.dmaCh5IntCb
                0x200000f8       0x14 /home/rec/marvell/wmsdk-2.13/libs/libdrv.a(mc200_driver.o)
                0x200000f8                dmaCh5IntCb
 .bss.dmaCh7IntCb
                0x2000010c       0x14 /home/rec/marvell/wmsdk-2.13/libs/libdrv.a(mc200_driver.o)
                0x2000010c                dmaCh7IntCb
 .bss.dmaCh1IntCb
                0x20000120       0x14 /home/rec/marvell/wmsdk-2.13/libs/libdrv.a(mc200_driver.o)
                0x20000120                dmaCh1IntCb
 .bss.extpin1IntCb
                0x20000134        0x4 /home/rec/marvell/wmsdk-2.13/libs/libdrv.a(mc200_driver.o)
                0x20000134                extpin1IntCb
 .bss.dacIntCb  0x20000138       0x14 /home/rec/marvell/wmsdk-2.13/libs/libdrv.a(mc200_driver.o)
                0x20000138                dacIntCb
 .bss.gpt0IntCb
                0x2000014c       0x3c /home/rec/marvell/wmsdk-2.13/libs/libdrv.a(mc200_driver.o)
                0x2000014c                gpt0IntCb
 .bss.gpt2IntCb
                0x20000188       0x3c /home/rec/marvell/wmsdk-2.13/libs/libdrv.a(mc200_driver.o)
                0x20000188                gpt2IntCb
 .bss.uart3IntCb
                0x200001c4       0x18 /home/rec/marvell/wmsdk-2.13/libs/libdrv.a(mc200_driver.o)
                0x200001c4                uart3IntCb
 .bss.qspi1IntCb
                0x200001dc       0x30 /home/rec/marvell/wmsdk-2.13/libs/libdrv.a(mc200_driver.o)
                0x200001dc                qspi1IntCb
 .bss.i2c1IntCb
                0x2000020c       0x30 /home/rec/marvell/wmsdk-2.13/libs/libdrv.a(mc200_driver.o)
                0x2000020c                i2c1IntCb
 .bss.i2c2IntCb
                0x2000023c       0x30 /home/rec/marvell/wmsdk-2.13/libs/libdrv.a(mc200_driver.o)
                0x2000023c                i2c2IntCb
 .bss.ssp1IntCb
                0x2000026c       0x20 /home/rec/marvell/wmsdk-2.13/libs/libdrv.a(mc200_driver.o)
                0x2000026c                ssp1IntCb
 .bss.sdioIntCb
                0x2000028c       0x50 /home/rec/marvell/wmsdk-2.13/libs/libdrv.a(mc200_driver.o)
                0x2000028c                sdioIntCb
 .bss.acompIntCb
                0x200002dc       0x10 /home/rec/marvell/wmsdk-2.13/libs/libdrv.a(mc200_driver.o)
                0x200002dc                acompIntCb
 .bss.extpin0IntCb
                0x200002ec        0x4 /home/rec/marvell/wmsdk-2.13/libs/libdrv.a(mc200_driver.o)
                0x200002ec                extpin0IntCb
 .bss.ssp0IntCb
                0x200002f0       0x20 /home/rec/marvell/wmsdk-2.13/libs/libdrv.a(mc200_driver.o)
                0x200002f0                ssp0IntCb
 .bss.ssp2IntCb
                0x20000310       0x20 /home/rec/marvell/wmsdk-2.13/libs/libdrv.a(mc200_driver.o)
                0x20000310                ssp2IntCb
 .bss.dmaCh6IntCb
                0x20000330       0x14 /home/rec/marvell/wmsdk-2.13/libs/libdrv.a(mc200_driver.o)
                0x20000330                dmaCh6IntCb
 .bss.dmaCh0IntCb
                0x20000344       0x14 /home/rec/marvell/wmsdk-2.13/libs/libdrv.a(mc200_driver.o)
                0x20000344                dmaCh0IntCb
 .bss.dmaCh2IntCb
                0x20000358       0x14 /home/rec/marvell/wmsdk-2.13/libs/libdrv.a(mc200_driver.o)
                0x20000358                dmaCh2IntCb
 .bss.wdtIntCb  0x2000036c       0x14 /home/rec/marvell/wmsdk-2.13/libs/libdrv.a(mc200_driver.o)
                0x2000036c                wdtIntCb
 .bss.crcIntCb  0x20000380       0x20 /home/rec/marvell/wmsdk-2.13/libs/libdrv.a(mc200_driver.o)
                0x20000380                crcIntCb
 .bss.adc0IntCb
                0x200003a0       0x14 /home/rec/marvell/wmsdk-2.13/libs/libdrv.a(mc200_driver.o)
                0x200003a0                adc0IntCb
 .bss.gpt3IntCb
                0x200003b4       0x3c /home/rec/marvell/wmsdk-2.13/libs/libdrv.a(mc200_driver.o)
                0x200003b4                gpt3IntCb
 .bss.qspi0IntCb
                0x200003f0       0x30 /home/rec/marvell/wmsdk-2.13/libs/libdrv.a(mc200_driver.o)
                0x200003f0                qspi0IntCb
 .bss.dmaCh3IntCb
                0x20000420       0x14 /home/rec/marvell/wmsdk-2.13/libs/libdrv.a(mc200_driver.o)
                0x20000420                dmaCh3IntCb
 .bss.uart0IntCb
                0x20000434       0x18 /home/rec/marvell/wmsdk-2.13/libs/libdrv.a(mc200_driver.o)
                0x20000434                uart0IntCb
 .bss.uart2IntCb
                0x2000044c       0x18 /home/rec/marvell/wmsdk-2.13/libs/libdrv.a(mc200_driver.o)
                0x2000044c                uart2IntCb
 .bss.rtcIntCb  0x20000464       0x20 /home/rec/marvell/wmsdk-2.13/libs/libdrv.a(mc200_driver.o)
                0x20000464                rtcIntCb
 .bss.adc1IntCb
                0x20000484       0x14 /home/rec/marvell/wmsdk-2.13/libs/libdrv.a(mc200_driver.o)
                0x20000484                adc1IntCb
 .bss.i2c0IntCb
                0x20000498       0x30 /home/rec/marvell/wmsdk-2.13/libs/libdrv.a(mc200_driver.o)
                0x20000498                i2c0IntCb
 .bss.gpioIntCb
                0x200004c8      0x140 /home/rec/marvell/wmsdk-2.13/libs/libdrv.a(mc200_driver.o)
                0x200004c8                gpioIntCb
 .bss.gpt1IntCb
                0x20000608       0x3c /home/rec/marvell/wmsdk-2.13/libs/libdrv.a(mc200_driver.o)
                0x20000608                gpt1IntCb
 .bss.usbIntCb  0x20000644        0xc /home/rec/marvell/wmsdk-2.13/libs/libdrv.a(mc200_driver.o)
                0x20000644                usbIntCb
 .bss.dmaCh4IntCb
                0x20000650       0x14 /home/rec/marvell/wmsdk-2.13/libs/libdrv.a(mc200_driver.o)
                0x20000650                dmaCh4IntCb
 .bss.uart1IntCb
                0x20000664       0x18 /home/rec/marvell/wmsdk-2.13/libs/libdrv.a(mc200_driver.o)
                0x20000664                uart1IntCb
 .bss.aesIntCb  0x2000067c       0x20 /home/rec/marvell/wmsdk-2.13/libs/libdrv.a(mc200_driver.o)
                0x2000067c                aesIntCb
 .bss.rc32mIntCb
                0x2000069c        0x8 /home/rec/marvell/wmsdk-2.13/libs/libdrv.a(mc200_driver.o)
                0x2000069c                rc32mIntCb
 .bss.g_rst_cause
                0x200006a4        0x4 /home/rec/marvell/wmsdk-2.13/libs/libutil.a(boot_flags.o)
                0x200006a4                g_rst_cause
 .bss.g_boot_flags
                0x200006a8        0x4 /home/rec/marvell/wmsdk-2.13/libs/libutil.a(boot_flags.o)
                0x200006a8                g_boot_flags
 .bss.g_prev_version_fw
                0x200006ac        0x4 /home/rec/marvell/wmsdk-2.13/libs/libutil.a(boot_flags.o)
                0x200006ac                g_prev_version_fw
 .bss.cli_mutex
                0x200006b0        0x4 /home/rec/marvell/wmsdk-2.13/libs/libcli.a(cli.o)
                0x200006b0                cli_mutex
 .bss.cli       0x200006b4      0x1ac /home/rec/marvell/wmsdk-2.13/libs/libcli.a(cli.o)
 .bss.cli_main_thread
                0x20000860        0x4 /home/rec/marvell/wmsdk-2.13/libs/libcli.a(cli.o)
 .bss.argv.9367
                0x20000864       0x40 /home/rec/marvell/wmsdk-2.13/libs/libcli.a(cli.o)
 .bss.alloc     0x200008a4        0x2 /home/rec/marvell/wmsdk-2.13/libs/libcli.a(cli_mem_simple.o)
                0x200008a4                alloc
 .bss.buff1     0x200008a6      0x100 /home/rec/marvell/wmsdk-2.13/libs/libcli.a(cli_mem_simple.o)
                0x200008a6                buff1
 .bss.buff2     0x200009a6      0x100 /home/rec/marvell/wmsdk-2.13/libs/libcli.a(cli_mem_simple.o)
                0x200009a6                buff2
 *fill*         0x20000aa6        0x2 
 .bss.uxTopReadyPriority
                0x20000aa8        0x4 /home/rec/marvell/wmsdk-2.13/libs/libfreertos.a(tasks.o)
 .bss.uxTasksDeleted
                0x20000aac        0x4 /home/rec/marvell/wmsdk-2.13/libs/libfreertos.a(tasks.o)
 .bss.xTickCount
                0x20000ab0        0x4 /home/rec/marvell/wmsdk-2.13/libs/libfreertos.a(tasks.o)
 .bss.pxReadyTasksLists
                0x20000ab4       0x64 /home/rec/marvell/wmsdk-2.13/libs/libfreertos.a(tasks.o)
 .bss.pxOverflowDelayedTaskList
                0x20000b18        0x4 /home/rec/marvell/wmsdk-2.13/libs/libfreertos.a(tasks.o)
 .bss.xTasksWaitingTermination
                0x20000b1c       0x14 /home/rec/marvell/wmsdk-2.13/libs/libfreertos.a(tasks.o)
 .bss.xTracing  0x20000b30        0x4 /home/rec/marvell/wmsdk-2.13/libs/libfreertos.a(tasks.o)
 .bss.pxDelayedTaskList
                0x20000b34        0x4 /home/rec/marvell/wmsdk-2.13/libs/libfreertos.a(tasks.o)
 .bss.uxCurrentNumberOfTasks
                0x20000b38        0x4 /home/rec/marvell/wmsdk-2.13/libs/libfreertos.a(tasks.o)
 .bss.xPendingReadyList
                0x20000b3c       0x14 /home/rec/marvell/wmsdk-2.13/libs/libfreertos.a(tasks.o)
 .bss.xSchedulerRunning
                0x20000b50        0x4 /home/rec/marvell/wmsdk-2.13/libs/libfreertos.a(tasks.o)
 .bss.xMissedYield
                0x20000b54        0x4 /home/rec/marvell/wmsdk-2.13/libs/libfreertos.a(tasks.o)
 .bss.uxTaskNumber
                0x20000b58        0x4 /home/rec/marvell/wmsdk-2.13/libs/libfreertos.a(tasks.o)
 .bss.pcTraceBuffer
                0x20000b5c        0x4 /home/rec/marvell/wmsdk-2.13/libs/libfreertos.a(tasks.o)
 .bss.pxCurrentTCB
                0x20000b60        0x4 /home/rec/marvell/wmsdk-2.13/libs/libfreertos.a(tasks.o)
                0x20000b60                pxCurrentTCB
 .bss.xSuspendedTaskList
                0x20000b64       0x14 /home/rec/marvell/wmsdk-2.13/libs/libfreertos.a(tasks.o)
 .bss.xDelayedTaskList1
                0x20000b78       0x14 /home/rec/marvell/wmsdk-2.13/libs/libfreertos.a(tasks.o)
 .bss.xDelayedTaskList2
                0x20000b8c       0x14 /home/rec/marvell/wmsdk-2.13/libs/libfreertos.a(tasks.o)
 .bss.uxSchedulerSuspended
                0x20000ba0        0x4 /home/rec/marvell/wmsdk-2.13/libs/libfreertos.a(tasks.o)
 .bss.uxMissedTicks
                0x20000ba4        0x4 /home/rec/marvell/wmsdk-2.13/libs/libfreertos.a(tasks.o)
 .bss.pcTraceBufferEnd
                0x20000ba8        0x4 /home/rec/marvell/wmsdk-2.13/libs/libfreertos.a(tasks.o)
 .bss.xNumOfOverflows
                0x20000bac        0x4 /home/rec/marvell/wmsdk-2.13/libs/libfreertos.a(tasks.o)
 .bss.uxTopUsedPriority
                0x20000bb0        0x4 /home/rec/marvell/wmsdk-2.13/libs/libfreertos.a(tasks.o)
 .bss.pxCurrentTimerList
                0x20000bb4        0x4 /home/rec/marvell/wmsdk-2.13/libs/libfreertos.a(timers.o)
 .bss.xActiveTimerList1
                0x20000bb8       0x14 /home/rec/marvell/wmsdk-2.13/libs/libfreertos.a(timers.o)
 .bss.xActiveTimerList2
                0x20000bcc       0x14 /home/rec/marvell/wmsdk-2.13/libs/libfreertos.a(timers.o)
 .bss.xLastTime.4315
                0x20000be0        0x4 /home/rec/marvell/wmsdk-2.13/libs/libfreertos.a(timers.o)
 .bss.xTimerQueue
                0x20000be4        0x4 /home/rec/marvell/wmsdk-2.13/libs/libfreertos.a(timers.o)
 .bss.pxOverflowTimerList
                0x20000be8        0x4 /home/rec/marvell/wmsdk-2.13/libs/libfreertos.a(timers.o)
 .bss.hI        0x20000bec       0x18 /home/rec/marvell/wmsdk-2.13/libs/libfreertos.a(heap_4.o)
 .bss.lastHeapAddress
                0x20000c04        0x4 /home/rec/marvell/wmsdk-2.13/libs/libfreertos.a(heap_4.o)
 .bss.xFreeBytesRemaining
                0x20000c08        0x4 /home/rec/marvell/wmsdk-2.13/libs/libfreertos.a(heap_4.o)
 .bss.xStart    0x20000c0c        0xc /home/rec/marvell/wmsdk-2.13/libs/libfreertos.a(heap_4.o)
 .bss.xHeapHasBeenInitialised.4929
                0x20000c18        0x4 /home/rec/marvell/wmsdk-2.13/libs/libfreertos.a(heap_4.o)
 .bss.startHeapAddress
                0x20000c1c        0x4 /home/rec/marvell/wmsdk-2.13/libs/libfreertos.a(heap_4.o)
 .bss.configTOTAL_HEAP_SIZE
                0x20000c20        0x4 /home/rec/marvell/wmsdk-2.13/libs/libfreertos.a(heap_4.o)
 .bss.xEnd      0x20000c24        0xc /home/rec/marvell/wmsdk-2.13/libs/libfreertos.a(heap_4.o)
 .bss.xHeap     0x20000c30        0x8 /home/rec/marvell/wmsdk-2.13/libs/libfreertos.a(heap_4.o)
 .bss.g_os_tick_hooks
                0x20000c38       0x10 /home/rec/marvell/wmsdk-2.13/libs/libos.a(os.o)
                0x20000c38                g_os_tick_hooks
 .bss.g_sys_lock
                0x20000c48        0x4 /home/rec/marvell/wmsdk-2.13/libs/libos.a(os.o)
                0x20000c48                g_sys_lock
 .bss.g_os_idle_hooks
                0x20000c4c       0x10 /home/rec/marvell/wmsdk-2.13/libs/libos.a(os.o)
                0x20000c4c                g_os_idle_hooks
 .bss.init_done.9309
                0x20000c5c        0x1 /home/rec/marvell/wmsdk-2.13/libs/libwmstdio.a(wmstdio.o)
 *fill*         0x20000c5d        0x3 
 .bss.wmstdio_mutex
                0x20000c60        0x4 /home/rec/marvell/wmsdk-2.13/libs/libwmstdio.a(wmstdio.o)
 .bss.empty_funcs
                0x20000c64       0x10 /home/rec/marvell/wmsdk-2.13/libs/libwmstdio.a(wmstdio.o)
                0x20000c64                empty_funcs
 .bss.wmstdio_msg_buf_
                0x20000c74       0x7f /home/rec/marvell/wmsdk-2.13/libs/libwmstdio.a(wmstdio.o)
 *fill*         0x20000cf3        0x1 
 .bss.mdev_uart_
                0x20000cf4        0x4 /home/rec/marvell/wmsdk-2.13/libs/libwmstdio.a(console.o)
 .bss.uart_block_read_sem
                0x20000cf8        0x8 /home/rec/marvell/wmsdk-2.13/libs/libdrv.a(mdev_uart.o)
 .bss.uart_block_dma_wr_sem
                0x20000d00        0x8 /home/rec/marvell/wmsdk-2.13/libs/libdrv.a(mdev_uart.o)
 .bss.read_dma  0x20000d08       0x30 /home/rec/marvell/wmsdk-2.13/libs/libdrv.a(mdev_uart.o)
                0x20000d08                read_dma
 .bss.uart_8bit_cb_p
                0x20000d38        0x8 /home/rec/marvell/wmsdk-2.13/libs/libdrv.a(mdev_uart.o)
 .bss.uart_mutex
                0x20000d40        0x8 /home/rec/marvell/wmsdk-2.13/libs/libdrv.a(mdev_uart.o)
 .bss.uart_9bit_cb_p
                0x20000d48        0x8 /home/rec/marvell/wmsdk-2.13/libs/libdrv.a(mdev_uart.o)
 .bss.uart_dma_rd_cb_p
                0x20000d50        0x8 /home/rec/marvell/wmsdk-2.13/libs/libdrv.a(mdev_uart.o)
 .bss.uartdev_data
                0x20000d58       0x50 /home/rec/marvell/wmsdk-2.13/libs/libdrv.a(mdev_uart.o)
 .bss.mdev_uart
                0x20000da8       0x28 /home/rec/marvell/wmsdk-2.13/libs/libdrv.a(mdev_uart.o)
 .bss.uart_dma_wr_cb_p
                0x20000dd0        0x8 /home/rec/marvell/wmsdk-2.13/libs/libdrv.a(mdev_uart.o)
 .bss.pMdevList
                0x20000dd8        0x4 /home/rec/marvell/wmsdk-2.13/libs/libmdev.a(mdev.o)
                0x20000dd8                pMdevList
 .bss.ps_cb_list
                0x20000ddc       0x78 /home/rec/marvell/wmsdk-2.13/libs/libpwrmgr.a(pwrmgr_generic.o)
 *(COMMON)
                0x20000e54                _ebss = .

._main_stack    0x20000e54      0x800
                0x20000e54                . = ALIGN (0x4)
                0x20001654                . = (. + _min_stack_size)
 *fill*         0x20000e54      0x800 
                0x20001654                . = ALIGN (0x4)

.nvram          0x480c0000       0x40
                0x480c0000                _nvram_start = .
                0x480c0040                . = (. + 0x40)
 *fill*         0x480c0000       0x40 
                0x480c0040                . = ALIGN (0x4)
                0x480c0040                _nvram_begin = .
 *(.nvram)
 *(.nvram.*)
                0x480c0040                _nvram_end = .
                0x480c0040                . = ALIGN (0x4)
 *(.nvram_uninit)
 *(.nvram_uninit.*)
OUTPUT(bin/cli_demo.axf elf32-littlearm)

.debug_info     0x00000000    0x1d58f
 .debug_info    0x00000000     0x2d69 /home/rec/marvell/wmsdk-2.13/libs/libdrv.a(mc200_startup.o)
 .debug_info    0x00002d69     0x34f0 /home/rec/marvell/wmsdk-2.13/libs/libdrv.a(mc200_clock.o)
 .debug_info    0x00006259      0x578 /home/rec/marvell/wmsdk-2.13/libs/libdrv.a(mc200_driver.o)
 .debug_info    0x000067d1     0x3618 /home/rec/marvell/wmsdk-2.13/libs/libdrv.a(mc200_pmu.o)
 .debug_info    0x00009de9      0x149 /home/rec/marvell/wmsdk-2.13/libs/libutil.a(boot_flags.o)
 .debug_info    0x00009f32      0x3cd obj/main.o
 .debug_info    0x0000a2ff      0xddc obj/board.o
 .debug_info    0x0000b0db     0x1031 /home/rec/marvell/wmsdk-2.13/libs/libcli.a(cli.o)
 .debug_info    0x0000c10c      0x12b /home/rec/marvell/wmsdk-2.13/libs/libcli.a(cli_mem_simple.o)
 .debug_info    0x0000c237      0xb0a /home/rec/marvell/wmsdk-2.13/libs/libdrv.a(mc200_gpio.o)
 .debug_info    0x0000cd41      0x6e3 /home/rec/marvell/wmsdk-2.13/libs/libdrv.a(mc200_pinmux.o)
 .debug_info    0x0000d424      0x92c /home/rec/marvell/wmsdk-2.13/libs/libfreertos.a(queue.o)
 .debug_info    0x0000dd50     0x1447 /home/rec/marvell/wmsdk-2.13/libs/libfreertos.a(tasks.o)
 .debug_info    0x0000f197      0x8a5 /home/rec/marvell/wmsdk-2.13/libs/libfreertos.a(timers.o)
 .debug_info    0x0000fa3c      0x1f8 /home/rec/marvell/wmsdk-2.13/libs/libfreertos.a(port.o)
 .debug_info    0x0000fc34      0x55f /home/rec/marvell/wmsdk-2.13/libs/libfreertos.a(heap_4.o)
 .debug_info    0x00010193      0x29f /home/rec/marvell/wmsdk-2.13/libs/libfreertos.a(list.o)
 .debug_info    0x00010432     0x1361 /home/rec/marvell/wmsdk-2.13/libs/libos.a(os.o)
 .debug_info    0x00011793      0x6b7 /home/rec/marvell/wmsdk-2.13/libs/libwmstdio.a(wmstdio.o)
 .debug_info    0x00011e4a      0x328 /home/rec/marvell/wmsdk-2.13/libs/libwmstdio.a(console.o)
 .debug_info    0x00012172       0xca /home/rec/marvell/wmsdk-2.13/libs/libc.a(memcmp.o)
 .debug_info    0x0001223c       0xef /home/rec/marvell/wmsdk-2.13/libs/libc.a(snprintf.o)
 .debug_info    0x0001232b      0x4d3 /home/rec/marvell/wmsdk-2.13/libs/libc.a(vsnprintf.o)
 .debug_info    0x000127fe       0xc8 /home/rec/marvell/wmsdk-2.13/libs/libc.a(strcmp.o)
 .debug_info    0x000128c6       0xe3 /home/rec/marvell/wmsdk-2.13/libs/libc.a(strncmp.o)
 .debug_info    0x000129a9       0xcc /home/rec/marvell/wmsdk-2.13/libs/libc.a(strncpy.o)
 .debug_info    0x00012a75       0x8d /home/rec/marvell/wmsdk-2.13/libs/libc.a(strlen.o)
 .debug_info    0x00012b02       0x86 /home/rec/marvell/wmsdk-2.13/libs/libc.a(strchr.o)
 .debug_info    0x00012b88       0x97 /home/rec/marvell/wmsdk-2.13/libs/libc.a(ctypes.o)
 .debug_info    0x00012c1f     0x2656 /home/rec/marvell/wmsdk-2.13/libs/libdrv.a(mdev_uart.o)
 .debug_info    0x00015275     0x206c /home/rec/marvell/wmsdk-2.13/libs/libdrv.a(mc200_dma.o)
 .debug_info    0x000172e1     0x1f58 /home/rec/marvell/wmsdk-2.13/libs/libdrv.a(mc200_uart.o)
 .debug_info    0x00019239      0x291 /home/rec/marvell/wmsdk-2.13/libs/libmdev.a(mdev.o)
 .debug_info    0x000194ca      0x8e4 /home/rec/marvell/wmsdk-2.13/libs/libpwrmgr.a(pwrmgr_generic.o)
 .debug_info    0x00019dae      0x829 /home/rec/marvell/wmsdk-2.13/libs/libdrv.a(mc200_rtc.o)
 .debug_info    0x0001a5d7     0x13de /home/rec/marvell/wmsdk-2.13/libs/libdrv.a(mc200_qspi1.o)
 .debug_info    0x0001b9b5     0x1bda /home/rec/marvell/wmsdk-2.13/libs/libdrv.a(mc200_gpt.o)

.debug_abbrev   0x00000000     0x4556
 .debug_abbrev  0x00000000      0x2b1 /home/rec/marvell/wmsdk-2.13/libs/libdrv.a(mc200_startup.o)
 .debug_abbrev  0x000002b1      0x319 /home/rec/marvell/wmsdk-2.13/libs/libdrv.a(mc200_clock.o)
 .debug_abbrev  0x000005ca       0xc0 /home/rec/marvell/wmsdk-2.13/libs/libdrv.a(mc200_driver.o)
 .debug_abbrev  0x0000068a      0x2ec /home/rec/marvell/wmsdk-2.13/libs/libdrv.a(mc200_pmu.o)
 .debug_abbrev  0x00000976       0xce /home/rec/marvell/wmsdk-2.13/libs/libutil.a(boot_flags.o)
 .debug_abbrev  0x00000a44      0x1b1 obj/main.o
 .debug_abbrev  0x00000bf5      0x20b obj/board.o
 .debug_abbrev  0x00000e00      0x3c7 /home/rec/marvell/wmsdk-2.13/libs/libcli.a(cli.o)
 .debug_abbrev  0x000011c7       0x9e /home/rec/marvell/wmsdk-2.13/libs/libcli.a(cli_mem_simple.o)
 .debug_abbrev  0x00001265      0x1a1 /home/rec/marvell/wmsdk-2.13/libs/libdrv.a(mc200_gpio.o)
 .debug_abbrev  0x00001406      0x115 /home/rec/marvell/wmsdk-2.13/libs/libdrv.a(mc200_pinmux.o)
 .debug_abbrev  0x0000151b      0x1c4 /home/rec/marvell/wmsdk-2.13/libs/libfreertos.a(queue.o)
 .debug_abbrev  0x000016df      0x2f1 /home/rec/marvell/wmsdk-2.13/libs/libfreertos.a(tasks.o)
 .debug_abbrev  0x000019d0      0x228 /home/rec/marvell/wmsdk-2.13/libs/libfreertos.a(timers.o)
 .debug_abbrev  0x00001bf8      0x148 /home/rec/marvell/wmsdk-2.13/libs/libfreertos.a(port.o)
 .debug_abbrev  0x00001d40      0x29d /home/rec/marvell/wmsdk-2.13/libs/libfreertos.a(heap_4.o)
 .debug_abbrev  0x00001fdd       0xcf /home/rec/marvell/wmsdk-2.13/libs/libfreertos.a(list.o)
 .debug_abbrev  0x000020ac      0x428 /home/rec/marvell/wmsdk-2.13/libs/libos.a(os.o)
 .debug_abbrev  0x000024d4      0x297 /home/rec/marvell/wmsdk-2.13/libs/libwmstdio.a(wmstdio.o)
 .debug_abbrev  0x0000276b      0x15a /home/rec/marvell/wmsdk-2.13/libs/libwmstdio.a(console.o)
 .debug_abbrev  0x000028c5       0x94 /home/rec/marvell/wmsdk-2.13/libs/libc.a(memcmp.o)
 .debug_abbrev  0x00002959       0xc6 /home/rec/marvell/wmsdk-2.13/libs/libc.a(snprintf.o)
 .debug_abbrev  0x00002a1f      0x1b3 /home/rec/marvell/wmsdk-2.13/libs/libc.a(vsnprintf.o)
 .debug_abbrev  0x00002bd2       0x82 /home/rec/marvell/wmsdk-2.13/libs/libc.a(strcmp.o)
 .debug_abbrev  0x00002c54       0x8f /home/rec/marvell/wmsdk-2.13/libs/libc.a(strncmp.o)
 .debug_abbrev  0x00002ce3       0x80 /home/rec/marvell/wmsdk-2.13/libs/libc.a(strncpy.o)
 .debug_abbrev  0x00002d63       0x80 /home/rec/marvell/wmsdk-2.13/libs/libc.a(strlen.o)
 .debug_abbrev  0x00002de3       0x73 /home/rec/marvell/wmsdk-2.13/libs/libc.a(strchr.o)
 .debug_abbrev  0x00002e56       0x5f /home/rec/marvell/wmsdk-2.13/libs/libc.a(ctypes.o)
 .debug_abbrev  0x00002eb5      0x4e3 /home/rec/marvell/wmsdk-2.13/libs/libdrv.a(mdev_uart.o)
 .debug_abbrev  0x00003398      0x2d7 /home/rec/marvell/wmsdk-2.13/libs/libdrv.a(mc200_dma.o)
 .debug_abbrev  0x0000366f      0x363 /home/rec/marvell/wmsdk-2.13/libs/libdrv.a(mc200_uart.o)
 .debug_abbrev  0x000039d2      0x13a /home/rec/marvell/wmsdk-2.13/libs/libmdev.a(mdev.o)
 .debug_abbrev  0x00003b0c      0x2af /home/rec/marvell/wmsdk-2.13/libs/libpwrmgr.a(pwrmgr_generic.o)
 .debug_abbrev  0x00003dbb      0x1fd /home/rec/marvell/wmsdk-2.13/libs/libdrv.a(mc200_rtc.o)
 .debug_abbrev  0x00003fb8      0x225 /home/rec/marvell/wmsdk-2.13/libs/libdrv.a(mc200_qspi1.o)
 .debug_abbrev  0x000041dd      0x379 /home/rec/marvell/wmsdk-2.13/libs/libdrv.a(mc200_gpt.o)

.debug_loc      0x00000000     0xa123
 .debug_loc     0x00000000       0x8f /home/rec/marvell/wmsdk-2.13/libs/libdrv.a(mc200_startup.o)
 .debug_loc     0x0000008f      0x913 /home/rec/marvell/wmsdk-2.13/libs/libdrv.a(mc200_clock.o)
 .debug_loc     0x000009a2      0x194 /home/rec/marvell/wmsdk-2.13/libs/libdrv.a(mc200_pmu.o)
 .debug_loc     0x00000b36       0x3e /home/rec/marvell/wmsdk-2.13/libs/libutil.a(boot_flags.o)
 .debug_loc     0x00000b74      0x108 obj/main.o
 .debug_loc     0x00000c7c      0x1a3 obj/board.o
 .debug_loc     0x00000e1f      0xaa3 /home/rec/marvell/wmsdk-2.13/libs/libcli.a(cli.o)
 .debug_loc     0x000018c2       0x47 /home/rec/marvell/wmsdk-2.13/libs/libcli.a(cli_mem_simple.o)
 .debug_loc     0x00001909      0x1fb /home/rec/marvell/wmsdk-2.13/libs/libdrv.a(mc200_gpio.o)
 .debug_loc     0x00001b04       0x8b /home/rec/marvell/wmsdk-2.13/libs/libdrv.a(mc200_pinmux.o)
 .debug_loc     0x00001b8f      0x941 /home/rec/marvell/wmsdk-2.13/libs/libfreertos.a(queue.o)
 .debug_loc     0x000024d0     0x1201 /home/rec/marvell/wmsdk-2.13/libs/libfreertos.a(tasks.o)
 .debug_loc     0x000036d1      0x62f /home/rec/marvell/wmsdk-2.13/libs/libfreertos.a(timers.o)
 .debug_loc     0x00003d00       0x87 /home/rec/marvell/wmsdk-2.13/libs/libfreertos.a(port.o)
 .debug_loc     0x00003d87      0x41d /home/rec/marvell/wmsdk-2.13/libs/libfreertos.a(heap_4.o)
 .debug_loc     0x000041a4       0x40 /home/rec/marvell/wmsdk-2.13/libs/libfreertos.a(list.o)
 .debug_loc     0x000041e4      0xe6f /home/rec/marvell/wmsdk-2.13/libs/libos.a(os.o)
 .debug_loc     0x00005053      0x281 /home/rec/marvell/wmsdk-2.13/libs/libwmstdio.a(wmstdio.o)
 .debug_loc     0x000052d4      0x147 /home/rec/marvell/wmsdk-2.13/libs/libwmstdio.a(console.o)
 .debug_loc     0x0000541b       0xbd /home/rec/marvell/wmsdk-2.13/libs/libc.a(memcmp.o)
 .debug_loc     0x000054d8       0x52 /home/rec/marvell/wmsdk-2.13/libs/libc.a(snprintf.o)
 .debug_loc     0x0000552a      0xd8f /home/rec/marvell/wmsdk-2.13/libs/libc.a(vsnprintf.o)
 .debug_loc     0x000062b9       0x55 /home/rec/marvell/wmsdk-2.13/libs/libc.a(strcmp.o)
 .debug_loc     0x0000630e       0xd0 /home/rec/marvell/wmsdk-2.13/libs/libc.a(strncmp.o)
 .debug_loc     0x000063de       0x8a /home/rec/marvell/wmsdk-2.13/libs/libc.a(strncpy.o)
 .debug_loc     0x00006468       0x3c /home/rec/marvell/wmsdk-2.13/libs/libc.a(strlen.o)
 .debug_loc     0x000064a4       0x61 /home/rec/marvell/wmsdk-2.13/libs/libc.a(strchr.o)
 .debug_loc     0x00006505     0x122d /home/rec/marvell/wmsdk-2.13/libs/libdrv.a(mdev_uart.o)
 .debug_loc     0x00007732      0x5fb /home/rec/marvell/wmsdk-2.13/libs/libdrv.a(mc200_dma.o)
 .debug_loc     0x00007d2d     0x103d /home/rec/marvell/wmsdk-2.13/libs/libdrv.a(mc200_uart.o)
 .debug_loc     0x00008d6a      0x1b8 /home/rec/marvell/wmsdk-2.13/libs/libmdev.a(mdev.o)
 .debug_loc     0x00008f22      0x474 /home/rec/marvell/wmsdk-2.13/libs/libpwrmgr.a(pwrmgr_generic.o)
 .debug_loc     0x00009396       0x7f /home/rec/marvell/wmsdk-2.13/libs/libdrv.a(mc200_rtc.o)
 .debug_loc     0x00009415      0x495 /home/rec/marvell/wmsdk-2.13/libs/libdrv.a(mc200_qspi1.o)
 .debug_loc     0x000098aa      0x879 /home/rec/marvell/wmsdk-2.13/libs/libdrv.a(mc200_gpt.o)

.debug_aranges  0x00000000     0x1280
 .debug_aranges
                0x00000000       0x48 /home/rec/marvell/wmsdk-2.13/libs/libdrv.a(mc200_startup.o)
 .debug_aranges
                0x00000048      0x140 /home/rec/marvell/wmsdk-2.13/libs/libdrv.a(mc200_clock.o)
 .debug_aranges
                0x00000188       0x20 /home/rec/marvell/wmsdk-2.13/libs/libdrv.a(mc200_driver.o)
 .debug_aranges
                0x000001a8      0x110 /home/rec/marvell/wmsdk-2.13/libs/libdrv.a(mc200_pmu.o)
 .debug_aranges
                0x000002b8       0x20 /home/rec/marvell/wmsdk-2.13/libs/libutil.a(boot_flags.o)
 .debug_aranges
                0x000002d8       0x28 obj/main.o
 .debug_aranges
                0x00000300      0x130 obj/board.o
 .debug_aranges
                0x00000430       0xa0 /home/rec/marvell/wmsdk-2.13/libs/libcli.a(cli.o)
 .debug_aranges
                0x000004d0       0x38 /home/rec/marvell/wmsdk-2.13/libs/libcli.a(cli_mem_simple.o)
 .debug_aranges
                0x00000508       0x58 /home/rec/marvell/wmsdk-2.13/libs/libdrv.a(mc200_gpio.o)
 .debug_aranges
                0x00000560       0x48 /home/rec/marvell/wmsdk-2.13/libs/libdrv.a(mc200_pinmux.o)
 .debug_aranges
                0x000005a8       0xb0 /home/rec/marvell/wmsdk-2.13/libs/libfreertos.a(queue.o)
 .debug_aranges
                0x00000658      0x168 /home/rec/marvell/wmsdk-2.13/libs/libfreertos.a(tasks.o)
 .debug_aranges
                0x000007c0       0x60 /home/rec/marvell/wmsdk-2.13/libs/libfreertos.a(timers.o)
 .debug_aranges
                0x00000820       0x68 /home/rec/marvell/wmsdk-2.13/libs/libfreertos.a(port.o)
 .debug_aranges
                0x00000888       0x68 /home/rec/marvell/wmsdk-2.13/libs/libfreertos.a(heap_4.o)
 .debug_aranges
                0x000008f0       0x40 /home/rec/marvell/wmsdk-2.13/libs/libfreertos.a(list.o)
 .debug_aranges
                0x00000930      0x138 /home/rec/marvell/wmsdk-2.13/libs/libos.a(os.o)
 .debug_aranges
                0x00000a68       0x60 /home/rec/marvell/wmsdk-2.13/libs/libwmstdio.a(wmstdio.o)
 .debug_aranges
                0x00000ac8       0x48 /home/rec/marvell/wmsdk-2.13/libs/libwmstdio.a(console.o)
 .debug_aranges
                0x00000b10       0x20 /home/rec/marvell/wmsdk-2.13/libs/libc.a(memcmp.o)
 .debug_aranges
                0x00000b30       0x20 /home/rec/marvell/wmsdk-2.13/libs/libc.a(snprintf.o)
 .debug_aranges
                0x00000b50       0x20 /home/rec/marvell/wmsdk-2.13/libs/libc.a(vsnprintf.o)
 .debug_aranges
                0x00000b70       0x20 /home/rec/marvell/wmsdk-2.13/libs/libc.a(strcmp.o)
 .debug_aranges
                0x00000b90       0x20 /home/rec/marvell/wmsdk-2.13/libs/libc.a(strncmp.o)
 .debug_aranges
                0x00000bb0       0x20 /home/rec/marvell/wmsdk-2.13/libs/libc.a(strncpy.o)
 .debug_aranges
                0x00000bd0       0x20 /home/rec/marvell/wmsdk-2.13/libs/libc.a(strlen.o)
 .debug_aranges
                0x00000bf0       0x20 /home/rec/marvell/wmsdk-2.13/libs/libc.a(strchr.o)
 .debug_aranges
                0x00000c10      0x180 /home/rec/marvell/wmsdk-2.13/libs/libdrv.a(mdev_uart.o)
 .debug_aranges
                0x00000d90       0xa8 /home/rec/marvell/wmsdk-2.13/libs/libdrv.a(mc200_dma.o)
 .debug_aranges
                0x00000e38      0x118 /home/rec/marvell/wmsdk-2.13/libs/libdrv.a(mc200_uart.o)
 .debug_aranges
                0x00000f50       0x40 /home/rec/marvell/wmsdk-2.13/libs/libmdev.a(mdev.o)
 .debug_aranges
                0x00000f90       0x98 /home/rec/marvell/wmsdk-2.13/libs/libpwrmgr.a(pwrmgr_generic.o)
 .debug_aranges
                0x00001028       0x78 /home/rec/marvell/wmsdk-2.13/libs/libdrv.a(mc200_rtc.o)
 .debug_aranges
                0x000010a0       0xf0 /home/rec/marvell/wmsdk-2.13/libs/libdrv.a(mc200_qspi1.o)
 .debug_aranges
                0x00001190       0xf0 /home/rec/marvell/wmsdk-2.13/libs/libdrv.a(mc200_gpt.o)

.debug_ranges   0x00000000     0x17a8
 .debug_ranges  0x00000000       0x38 /home/rec/marvell/wmsdk-2.13/libs/libdrv.a(mc200_startup.o)
 .debug_ranges  0x00000038      0x130 /home/rec/marvell/wmsdk-2.13/libs/libdrv.a(mc200_clock.o)
 .debug_ranges  0x00000168       0x10 /home/rec/marvell/wmsdk-2.13/libs/libdrv.a(mc200_driver.o)
 .debug_ranges  0x00000178      0x100 /home/rec/marvell/wmsdk-2.13/libs/libdrv.a(mc200_pmu.o)
 .debug_ranges  0x00000278       0x10 /home/rec/marvell/wmsdk-2.13/libs/libutil.a(boot_flags.o)
 .debug_ranges  0x00000288       0x18 obj/main.o
 .debug_ranges  0x000002a0      0x120 obj/board.o
 .debug_ranges  0x000003c0      0x260 /home/rec/marvell/wmsdk-2.13/libs/libcli.a(cli.o)
 .debug_ranges  0x00000620       0x28 /home/rec/marvell/wmsdk-2.13/libs/libcli.a(cli_mem_simple.o)
 .debug_ranges  0x00000648       0x48 /home/rec/marvell/wmsdk-2.13/libs/libdrv.a(mc200_gpio.o)
 .debug_ranges  0x00000690       0x38 /home/rec/marvell/wmsdk-2.13/libs/libdrv.a(mc200_pinmux.o)
 .debug_ranges  0x000006c8       0xa0 /home/rec/marvell/wmsdk-2.13/libs/libfreertos.a(queue.o)
 .debug_ranges  0x00000768      0x3c8 /home/rec/marvell/wmsdk-2.13/libs/libfreertos.a(tasks.o)
 .debug_ranges  0x00000b30      0x170 /home/rec/marvell/wmsdk-2.13/libs/libfreertos.a(timers.o)
 .debug_ranges  0x00000ca0       0x98 /home/rec/marvell/wmsdk-2.13/libs/libfreertos.a(port.o)
 .debug_ranges  0x00000d38       0xa0 /home/rec/marvell/wmsdk-2.13/libs/libfreertos.a(heap_4.o)
 .debug_ranges  0x00000dd8       0x30 /home/rec/marvell/wmsdk-2.13/libs/libfreertos.a(list.o)
 .debug_ranges  0x00000e08      0x128 /home/rec/marvell/wmsdk-2.13/libs/libos.a(os.o)
 .debug_ranges  0x00000f30       0x68 /home/rec/marvell/wmsdk-2.13/libs/libwmstdio.a(wmstdio.o)
 .debug_ranges  0x00000f98       0x38 /home/rec/marvell/wmsdk-2.13/libs/libwmstdio.a(console.o)
 .debug_ranges  0x00000fd0       0x10 /home/rec/marvell/wmsdk-2.13/libs/libc.a(memcmp.o)
 .debug_ranges  0x00000fe0       0x10 /home/rec/marvell/wmsdk-2.13/libs/libc.a(snprintf.o)
 .debug_ranges  0x00000ff0       0x60 /home/rec/marvell/wmsdk-2.13/libs/libc.a(vsnprintf.o)
 .debug_ranges  0x00001050       0x10 /home/rec/marvell/wmsdk-2.13/libs/libc.a(strcmp.o)
 .debug_ranges  0x00001060       0x10 /home/rec/marvell/wmsdk-2.13/libs/libc.a(strncmp.o)
 .debug_ranges  0x00001070       0x10 /home/rec/marvell/wmsdk-2.13/libs/libc.a(strncpy.o)
 .debug_ranges  0x00001080       0x10 /home/rec/marvell/wmsdk-2.13/libs/libc.a(strlen.o)
 .debug_ranges  0x00001090       0x10 /home/rec/marvell/wmsdk-2.13/libs/libc.a(strchr.o)
 .debug_ranges  0x000010a0      0x240 /home/rec/marvell/wmsdk-2.13/libs/libdrv.a(mdev_uart.o)
 .debug_ranges  0x000012e0       0x98 /home/rec/marvell/wmsdk-2.13/libs/libdrv.a(mc200_dma.o)
 .debug_ranges  0x00001378      0x138 /home/rec/marvell/wmsdk-2.13/libs/libdrv.a(mc200_uart.o)
 .debug_ranges  0x000014b0       0x30 /home/rec/marvell/wmsdk-2.13/libs/libmdev.a(mdev.o)
 .debug_ranges  0x000014e0       0xa0 /home/rec/marvell/wmsdk-2.13/libs/libpwrmgr.a(pwrmgr_generic.o)
 .debug_ranges  0x00001580       0x68 /home/rec/marvell/wmsdk-2.13/libs/libdrv.a(mc200_rtc.o)
 .debug_ranges  0x000015e8       0xe0 /home/rec/marvell/wmsdk-2.13/libs/libdrv.a(mc200_qspi1.o)
 .debug_ranges  0x000016c8       0xe0 /home/rec/marvell/wmsdk-2.13/libs/libdrv.a(mc200_gpt.o)

.debug_line     0x00000000     0x6e55
 .debug_line    0x00000000      0x329 /home/rec/marvell/wmsdk-2.13/libs/libdrv.a(mc200_startup.o)
 .debug_line    0x00000329      0x642 /home/rec/marvell/wmsdk-2.13/libs/libdrv.a(mc200_clock.o)
 .debug_line    0x0000096b      0x123 /home/rec/marvell/wmsdk-2.13/libs/libdrv.a(mc200_driver.o)
 .debug_line    0x00000a8e      0x4ab /home/rec/marvell/wmsdk-2.13/libs/libdrv.a(mc200_pmu.o)
 .debug_line    0x00000f39      0x190 /home/rec/marvell/wmsdk-2.13/libs/libutil.a(boot_flags.o)
 .debug_line    0x000010c9      0x16a obj/main.o
 .debug_line    0x00001233      0x417 obj/board.o
 .debug_line    0x0000164a      0x5e2 /home/rec/marvell/wmsdk-2.13/libs/libcli.a(cli.o)
 .debug_line    0x00001c2c       0x83 /home/rec/marvell/wmsdk-2.13/libs/libcli.a(cli_mem_simple.o)
 .debug_line    0x00001caf      0x249 /home/rec/marvell/wmsdk-2.13/libs/libdrv.a(mc200_gpio.o)
 .debug_line    0x00001ef8      0x227 /home/rec/marvell/wmsdk-2.13/libs/libdrv.a(mc200_pinmux.o)
 .debug_line    0x0000211f      0x443 /home/rec/marvell/wmsdk-2.13/libs/libfreertos.a(queue.o)
 .debug_line    0x00002562      0x87f /home/rec/marvell/wmsdk-2.13/libs/libfreertos.a(tasks.o)
 .debug_line    0x00002de1      0x216 /home/rec/marvell/wmsdk-2.13/libs/libfreertos.a(timers.o)
 .debug_line    0x00002ff7      0x14d /home/rec/marvell/wmsdk-2.13/libs/libfreertos.a(port.o)
 .debug_line    0x00003144      0x2c5 /home/rec/marvell/wmsdk-2.13/libs/libfreertos.a(heap_4.o)
 .debug_line    0x00003409      0x10b /home/rec/marvell/wmsdk-2.13/libs/libfreertos.a(list.o)
 .debug_line    0x00003514      0x72d /home/rec/marvell/wmsdk-2.13/libs/libos.a(os.o)
 .debug_line    0x00003c41      0x3de /home/rec/marvell/wmsdk-2.13/libs/libwmstdio.a(wmstdio.o)
 .debug_line    0x0000401f      0x1de /home/rec/marvell/wmsdk-2.13/libs/libwmstdio.a(console.o)
 .debug_line    0x000041fd       0x9f /home/rec/marvell/wmsdk-2.13/libs/libc.a(memcmp.o)
 .debug_line    0x0000429c       0xfb /home/rec/marvell/wmsdk-2.13/libs/libc.a(snprintf.o)
 .debug_line    0x00004397      0x2b7 /home/rec/marvell/wmsdk-2.13/libs/libc.a(vsnprintf.o)
 .debug_line    0x0000464e       0x41 /home/rec/marvell/wmsdk-2.13/libs/libc.a(strcmp.o)
 .debug_line    0x0000468f       0xa7 /home/rec/marvell/wmsdk-2.13/libs/libc.a(strncmp.o)
 .debug_line    0x00004736       0xa0 /home/rec/marvell/wmsdk-2.13/libs/libc.a(strncpy.o)
 .debug_line    0x000047d6       0x99 /home/rec/marvell/wmsdk-2.13/libs/libc.a(strlen.o)
 .debug_line    0x0000486f       0x49 /home/rec/marvell/wmsdk-2.13/libs/libc.a(strchr.o)
 .debug_line    0x000048b8       0x84 /home/rec/marvell/wmsdk-2.13/libs/libc.a(ctypes.o)
 .debug_line    0x0000493c      0x9e1 /home/rec/marvell/wmsdk-2.13/libs/libdrv.a(mdev_uart.o)
 .debug_line    0x0000531d      0x3e8 /home/rec/marvell/wmsdk-2.13/libs/libdrv.a(mc200_dma.o)
 .debug_line    0x00005705      0x593 /home/rec/marvell/wmsdk-2.13/libs/libdrv.a(mc200_uart.o)
 .debug_line    0x00005c98      0x24e /home/rec/marvell/wmsdk-2.13/libs/libmdev.a(mdev.o)
 .debug_line    0x00005ee6      0x465 /home/rec/marvell/wmsdk-2.13/libs/libpwrmgr.a(pwrmgr_generic.o)
 .debug_line    0x0000634b      0x280 /home/rec/marvell/wmsdk-2.13/libs/libdrv.a(mc200_rtc.o)
 .debug_line    0x000065cb      0x437 /home/rec/marvell/wmsdk-2.13/libs/libdrv.a(mc200_qspi1.o)
 .debug_line    0x00006a02      0x453 /home/rec/marvell/wmsdk-2.13/libs/libdrv.a(mc200_gpt.o)

.debug_str      0x00000000     0xa854
 .debug_str     0x00000000     0x1766 /home/rec/marvell/wmsdk-2.13/libs/libdrv.a(mc200_startup.o)
                               0x1856 (size before relaxing)
 .debug_str     0x00001766      0x8e4 /home/rec/marvell/wmsdk-2.13/libs/libdrv.a(mc200_clock.o)
                               0x1eec (size before relaxing)
 .debug_str     0x0000204a      0x1ec /home/rec/marvell/wmsdk-2.13/libs/libdrv.a(mc200_driver.o)
                                0x47a (size before relaxing)
 .debug_str     0x00002236     0x14a1 /home/rec/marvell/wmsdk-2.13/libs/libdrv.a(mc200_pmu.o)
                               0x2af7 (size before relaxing)
 .debug_str     0x000036d7       0x7e /home/rec/marvell/wmsdk-2.13/libs/libutil.a(boot_flags.o)
                                0x19c (size before relaxing)
 .debug_str     0x00003755      0x30b obj/main.o
                                0x3ee (size before relaxing)
 .debug_str     0x00003a60      0x417 obj/board.o
                                0xb24 (size before relaxing)
 .debug_str     0x00003e77      0x4af /home/rec/marvell/wmsdk-2.13/libs/libcli.a(cli.o)
                                0x7ce (size before relaxing)
 .debug_str     0x00004326       0x56 /home/rec/marvell/wmsdk-2.13/libs/libcli.a(cli_mem_simple.o)
                                 0xd5 (size before relaxing)
 .debug_str     0x0000437c      0x13b /home/rec/marvell/wmsdk-2.13/libs/libdrv.a(mc200_gpio.o)
                                0x71a (size before relaxing)
 .debug_str     0x000044b7      0x1b8 /home/rec/marvell/wmsdk-2.13/libs/libdrv.a(mc200_pinmux.o)
                                0x621 (size before relaxing)
 .debug_str     0x0000466f      0x49f /home/rec/marvell/wmsdk-2.13/libs/libfreertos.a(queue.o)
                                0x57e (size before relaxing)
 .debug_str     0x00004b0e      0x90e /home/rec/marvell/wmsdk-2.13/libs/libfreertos.a(tasks.o)
                                0xb29 (size before relaxing)
 .debug_str     0x0000541c      0x335 /home/rec/marvell/wmsdk-2.13/libs/libfreertos.a(timers.o)
                                0x4f5 (size before relaxing)
 .debug_str     0x00005751      0x127 /home/rec/marvell/wmsdk-2.13/libs/libfreertos.a(port.o)
                                0x210 (size before relaxing)
 .debug_str     0x00005878      0x309 /home/rec/marvell/wmsdk-2.13/libs/libfreertos.a(heap_4.o)
                                0x40a (size before relaxing)
 .debug_str     0x00005b81       0x8f /home/rec/marvell/wmsdk-2.13/libs/libfreertos.a(list.o)
                                0x228 (size before relaxing)
 .debug_str     0x00005c10      0x5a4 /home/rec/marvell/wmsdk-2.13/libs/libos.a(os.o)
                                0xafc (size before relaxing)
 .debug_str     0x000061b4      0x170 /home/rec/marvell/wmsdk-2.13/libs/libwmstdio.a(wmstdio.o)
                                0x516 (size before relaxing)
 .debug_str     0x00006324       0xd7 /home/rec/marvell/wmsdk-2.13/libs/libwmstdio.a(console.o)
                                0x278 (size before relaxing)
 .debug_str     0x000063fb       0x5f /home/rec/marvell/wmsdk-2.13/libs/libc.a(memcmp.o)
                                 0x8d (size before relaxing)
 .debug_str     0x00000000       0x5f /home/rec/marvell/wmsdk-2.13/libs/libc.a(snprintf.o)
                                 0xbc (size before relaxing)
 .debug_str     0x0000645a      0x181 /home/rec/marvell/wmsdk-2.13/libs/libc.a(vsnprintf.o)
                                0x2bd (size before relaxing)
 .debug_str     0x000065db       0x10 /home/rec/marvell/wmsdk-2.13/libs/libc.a(strcmp.o)
                                 0x8b (size before relaxing)
 .debug_str     0x000065eb       0x12 /home/rec/marvell/wmsdk-2.13/libs/libc.a(strncmp.o)
                                 0x94 (size before relaxing)
 .debug_str     0x000065fd       0x12 /home/rec/marvell/wmsdk-2.13/libs/libc.a(strncpy.o)
                                 0x86 (size before relaxing)
 .debug_str     0x0000660f       0x10 /home/rec/marvell/wmsdk-2.13/libs/libc.a(strlen.o)
                                 0x84 (size before relaxing)
 .debug_str     0x0000661f       0x10 /home/rec/marvell/wmsdk-2.13/libs/libc.a(strchr.o)
                                 0x7d (size before relaxing)
 .debug_str     0x0000662f        0x9 /home/rec/marvell/wmsdk-2.13/libs/libc.a(ctypes.o)
                                 0xf9 (size before relaxing)
 .debug_str     0x00006638     0x12cf /home/rec/marvell/wmsdk-2.13/libs/libdrv.a(mdev_uart.o)
                               0x1edb (size before relaxing)
 .debug_str     0x00007907      0x9ad /home/rec/marvell/wmsdk-2.13/libs/libdrv.a(mc200_dma.o)
                               0x14fe (size before relaxing)
 .debug_str     0x000082b4      0x630 /home/rec/marvell/wmsdk-2.13/libs/libdrv.a(mc200_uart.o)
                               0x1012 (size before relaxing)
 .debug_str     0x000088e4       0xef /home/rec/marvell/wmsdk-2.13/libs/libmdev.a(mdev.o)
                                0x202 (size before relaxing)
 .debug_str     0x000089d3      0x1d0 /home/rec/marvell/wmsdk-2.13/libs/libpwrmgr.a(pwrmgr_generic.o)
                                0x5d5 (size before relaxing)
 .debug_str     0x00008ba3      0x2a8 /home/rec/marvell/wmsdk-2.13/libs/libdrv.a(mc200_rtc.o)
                                0x5f8 (size before relaxing)
 .debug_str     0x00008e4b      0xd5b /home/rec/marvell/wmsdk-2.13/libs/libdrv.a(mc200_qspi1.o)
                               0x116b (size before relaxing)
 .debug_str     0x00009ba6      0xcae /home/rec/marvell/wmsdk-2.13/libs/libdrv.a(mc200_gpt.o)
                               0x11a9 (size before relaxing)

.comment        0x00000000       0xa0
 .comment       0x00000000       0x30 /home/rec/marvell/wmsdk-2.13/libs/libdrv.a(mc200_startup.o)
                                 0x31 (size before relaxing)
 .comment       0x00000000       0x31 /home/rec/marvell/wmsdk-2.13/libs/libdrv.a(mc200_clock.o)
 .comment       0x00000000       0x31 /home/rec/marvell/wmsdk-2.13/libs/libdrv.a(mc200_driver.o)
 .comment       0x00000000       0x31 /home/rec/marvell/wmsdk-2.13/libs/libdrv.a(mc200_pmu.o)
 .comment       0x00000000       0x31 /home/rec/marvell/wmsdk-2.13/libs/libutil.a(boot_flags.o)
 .comment       0x00000030       0x70 obj/main.o
                                 0x71 (size before relaxing)
 .comment       0x00000000       0x71 obj/board.o
 .comment       0x00000000       0x31 /home/rec/marvell/wmsdk-2.13/libs/libcli.a(cli.o)
 .comment       0x00000000       0x31 /home/rec/marvell/wmsdk-2.13/libs/libcli.a(cli_mem_simple.o)
 .comment       0x00000000       0x31 /home/rec/marvell/wmsdk-2.13/libs/libdrv.a(mc200_gpio.o)
 .comment       0x00000000       0x31 /home/rec/marvell/wmsdk-2.13/libs/libdrv.a(mc200_pinmux.o)
 .comment       0x00000000       0x31 /home/rec/marvell/wmsdk-2.13/libs/libfreertos.a(queue.o)
 .comment       0x00000000       0x31 /home/rec/marvell/wmsdk-2.13/libs/libfreertos.a(tasks.o)
 .comment       0x00000000       0x31 /home/rec/marvell/wmsdk-2.13/libs/libfreertos.a(timers.o)
 .comment       0x00000000       0x31 /home/rec/marvell/wmsdk-2.13/libs/libfreertos.a(port.o)
 .comment       0x00000000       0x31 /home/rec/marvell/wmsdk-2.13/libs/libfreertos.a(heap_4.o)
 .comment       0x00000000       0x31 /home/rec/marvell/wmsdk-2.13/libs/libfreertos.a(list.o)